CCS PCH C Compiler, Version 5.015, 5967               15-Aug-20 15:45

               Filename:   C:\Users\tsqua\OneDrive - student.mtsac.edu\Desktop\BAI_TAP_VXL_NEW_3\BAI_803_I2C_RT_LCD_3KEY_MAU.lst

               ROM used:   2182 bytes (7%)
                           Largest free fragment is 30586
               RAM used:   40 (2%) at main() level
                           49 (2%) worst case
               Stack used: 8 locations
               Stack size: 31

*
0000:  GOTO   07F0
.................... #INCLUDE <TV_PICKIT2_SHIFT_1.C> 
.................... #INCLUDE    <18F4550.H> 
.................... //////////// Standard Header file for the PIC18F4550 device //////////////// 
.................... /////////////////////////////////////////////////////////////////////////// 
.................... ////        (C) Copyright 1996, 2013 Custom Computer Services          //// 
.................... //// This source code may only be used by licensed users of the CCS C  //// 
.................... //// compiler.  This source code may only be distributed to other      //// 
.................... //// licensed users of the CCS C compiler.  No other use, reproduction //// 
.................... //// or distribution is permitted without written permission.          //// 
.................... //// Derivative programs created using this software in object code    //// 
.................... //// form are not restricted in any way.                               //// 
.................... /////////////////////////////////////////////////////////////////////////// 
.................... #device PIC18F4550 
0004:  DATA 54,48
0006:  DATA 55,20
0008:  DATA 00,00
*
0398:  TBLRD*+
039A:  MOVF   FF5,F
039C:  BZ    03B6
039E:  MOVFF  FF6,28
03A2:  MOVFF  FF7,29
03A6:  MOVFF  FF5,2A
03AA:  RCALL  0370
03AC:  MOVFF  28,FF6
03B0:  MOVFF  29,FF7
03B4:  BRA    0398
03B6:  GOTO   0436 (RETURN)
....................  
.................... #list 
....................  
.................... #DEVICE     ADC=10 
.................... #FUSES      NOWDT,PUT,HS,NOPROTECT,NOLVP,CPUDIV1 
.................... #USE        I2C(MASTER,SLOW,SDA=PIN_B0,SCL=PIN_B1) 
*
015C:  MOVLW  08
015E:  MOVWF  01
0160:  NOP   
0162:  BCF    F8A.1
0164:  BCF    F93.1
0166:  NOP   
0168:  RLCF   28,F
016A:  BCF    F8A.0
016C:  BTFSC  FD8.0
016E:  BSF    F93.0
0170:  BTFSS  FD8.0
0172:  BCF    F93.0
0174:  BSF    F93.1
0176:  BTFSS  F81.1
0178:  BRA    0176
017A:  DECFSZ 01,F
017C:  BRA    0160
017E:  NOP   
0180:  BCF    F8A.1
0182:  BCF    F93.1
0184:  NOP   
0186:  BSF    F93.0
0188:  NOP   
018A:  NOP   
018C:  BSF    F93.1
018E:  BTFSS  F81.1
0190:  BRA    018E
0192:  CLRF   01
0194:  NOP   
0196:  BTFSC  F81.0
0198:  BSF    01.0
019A:  BCF    F8A.1
019C:  BCF    F93.1
019E:  BCF    F8A.0
01A0:  BCF    F93.0
01A2:  RETURN 0
01A4:  MOVLW  08
01A6:  MOVWF  29
01A8:  MOVFF  00,2A
01AC:  BSF    F93.0
01AE:  NOP   
01B0:  BSF    F93.1
01B2:  BTFSS  F81.1
01B4:  BRA    01B2
01B6:  BTFSC  F81.0
01B8:  BSF    FD8.0
01BA:  BTFSS  F81.0
01BC:  BCF    FD8.0
01BE:  RLCF   01,F
01C0:  NOP   
01C2:  BCF    F93.1
01C4:  BCF    F8A.1
01C6:  DECFSZ 29,F
01C8:  BRA    01AC
01CA:  BSF    F93.0
01CC:  NOP   
01CE:  BCF    F8A.0
01D0:  MOVF   2A,W
01D2:  BTFSS  FD8.2
01D4:  BCF    F93.0
01D6:  NOP   
01D8:  BSF    F93.1
01DA:  BTFSS  F81.1
01DC:  BRA    01DA
01DE:  NOP   
01E0:  BCF    F8A.1
01E2:  BCF    F93.1
01E4:  NOP   
01E6:  BCF    F8A.0
01E8:  BCF    F93.0
01EA:  RETURN 0
.................... #USE        DELAY(CLOCK=20000000) 
*
00EE:  CLRF   FEA
00F0:  MOVLW  28
00F2:  MOVWF  FE9
00F4:  MOVF   FEF,W
00F6:  BZ    0112
00F8:  MOVLW  06
00FA:  MOVWF  01
00FC:  CLRF   00
00FE:  DECFSZ 00,F
0100:  BRA    00FE
0102:  DECFSZ 01,F
0104:  BRA    00FC
0106:  MOVLW  7B
0108:  MOVWF  00
010A:  DECFSZ 00,F
010C:  BRA    010A
010E:  DECFSZ FEF,F
0110:  BRA    00F8
0112:  RETURN 0
.................... //#USE        rs232(baud=9600, xmit=PIN_C6,rcv=PIN_C7) 
.................... //NUT NHAN: 
.................... #DEFINE  BT0     PIN_B5 
.................... #DEFINE  BT1     PIN_B4 
.................... #DEFINE  BT2     PIN_B3 
.................... #DEFINE  BT3     PIN_B2 
....................  
.................... #DEFINE  ON      BT0       //DK LED DON, MOTOR 
.................... #DEFINE  OFF     BT1 
.................... #DEFINE  INV     BT2 
....................  
.................... #DEFINE  UP      BT0    //DK LED DON 
.................... #DEFINE  DW      BT1 
.................... #DEFINE  CLR     BT2 
.................... #DEFINE  MOD     BT3 
....................  
.................... #DEFINE  STOP    BT3 
....................  
.................... #DEFINE  ON1     BT0      
.................... #DEFINE  OFF1    BT1 
.................... #DEFINE  ON2     BT2        
.................... #DEFINE  OFF2    BT3 
....................  
....................  
.................... #DEFINE     TRIGGER      PIN_E2 
.................... #DEFINE     ECHO         PIN_E1 
.................... //   IC74138_A    PIN_B6   //OUTPUT GIAI MA 2 SANG 4 TICH CUC MUC 0 
.................... //   IC74138_B    PIN_B7   //OUTPUT GIAI MA 2 SANG 4 TICH CUC MUC 0 
....................  
.................... //          ENCODER  PIN_C0   //RC0/T13CKI 
....................  
.................... //          CB_KC    PIN_A2   //RA2/AN2 
.................... //          PIR      PIN_A3   //RA3/AN3 
.................... //          CBXUNG   PIN_A4   //RA4/T0CKI 
.................... //          LEDTHU   PIN_A4   //RA4/T0CKI//SW802 
....................  
.................... //          CB_KCSA_TRIGGER  PIN_E2   //RE2/SDO  DUNG CHUNG 
.................... //          CB_KCSA_RCHO     PIN_E1   //RE1 
....................  
.................... //          CB_TCS3200_OUT    PIN_E1   //RE1 //CAM BIEN MAU TCS3200 
.................... //          CB_TCS3200_S0     B12      //LAY TU MBI5026 
.................... //          CB_TCS3200_S1     B13      //LAY TU MBI5026 
.................... //          CB_TCS3200_S2     B14      //LAY TU MBI5026 
.................... //          CB_TCS3200_S3     B15      //LAY TU MBI5026 
....................  
.................... //          CB_POWER  SW803 
.................... //          CB_GAS      AIN3_PCF8591T   //RE1 
.................... //          CB_QUANG    AIN2_PCF8591T    
.................... //          CB_LM35B    AIN1_PCF8591T   //RA1/AN1 
.................... //          CB_LM35A    AIN0_PCF8591T   //RE1/AN0 
....................  
.................... //XXXXXXXXXXXXXXXXXXXXXXXXXXXXXXXXXXXXXXXXXXXXXXXXX 
.................... #DEFINE      ENABLE_573A      PIN_D1         //CS0 CUA A 
.................... #DEFINE      ENABLE_573B      PIN_D0         //CS1 CUA B 
.................... //XXXXXXXXXXXXXXXXXXXXXXXXXXXXXXXXXXXXXXXXXXXXXXXXX 
.................... #DEFINE      SSDO             PIN_E2         //CHUNG TAT CA 
.................... #DEFINE      SSCK             PIN_E0         //CHUNG TAT CA 
.................... //XXXXXXXXXXXXXXXXXXXXXXXXXXXXXXXXXXXXXXXXXXXXXXXXX 
.................... #DEFINE      RCK_4LED7DOAN    PIN_D7         //A - 4 BYTE 
.................... #DEFINE      G_4LED7DOAN      PIN_D6         //A - 4 BYTE 
.................... //XXXXXXXXXXXXXXXXXXXXXXXXXXXXXXXXXXXXXXXXXXXX     
.................... #DEFINE      RCK_MATRANLED    PIN_D7         //B - 3 BYTE DAO 
.................... #DEFINE      G_MATRANLED      PIN_D6         //B - 3 BYTE DAO 
.................... //XXXXXXXXXXXXXXXXXXXXXXXXXXXXXXXXXXXXXXXXXXXXXXXXX 
.................... #DEFINE      RCK_32LED        PIN_D5         //A - 4 BYTE 
.................... #DEFINE      G_32LED          PIN_D4         //A - 4 BYTE 
.................... //XXXXXXXXXXXXXXXXXXXXXXXXXXXXXXXXXXXXXXXXXXXX  
.................... #DEFINE      RCK_8LEDQUET     PIN_D5         //B - 2 BYTE DAO 
.................... #DEFINE      G_8LEDQUET       PIN_D4         //B - 2 BYTE DAO 
.................... //XXXXXXXXXXXXXXXXXXXXXXXXXXXXXXXXXXXXXXXXXXXXXXXXX 
.................... #DEFINE      RCK_LCD20X4      PIN_D3         //A - 2 BYTE DAO 
.................... #DEFINE      G_LCD20X4         PIN_D2         //A - 2 BYTE DAO 
.................... //XXXXXXXXXXXXXXXXXXXXXXXXXXXXXXXXXXXXXXXXXXXX  
.................... #DEFINE      RCK_BUZERELAY    PIN_D3     //B - 1 BYTE  
.................... #DEFINE      G_BUZERELAY      PIN_D2         //B - 1 BYTE  
....................  
.................... VOID XUAT_LCD20X4(UNSIGNED INT8 LCD_SIGNAL,LCD_INS_HTHI); 
....................  
.................... VOID XUAT_BUZZER_RELAY(); 
.................... //XXXXXXXXXXXXXXXXXXXXXXXXXXXXXXXXXXXXXXXXXXXX    
.................... #DEFINE     CHOT_2_IC_74573_A_B  OUTPUT_D(0XFC) 
....................  
.................... UNSIGNED INT8 TIN_HIEU_DK_74573_A; 
.................... #BIT G_4A         = TIN_HIEU_DK_74573_A.6 
.................... #BIT G_32A        = TIN_HIEU_DK_74573_A.4 
.................... #BIT G_LCDA       = TIN_HIEU_DK_74573_A.2 
.................... //XXXXXXXXXXXXXXXXXXXXXXXXXXXXXXXXXXXXXXXXXXXX          
.................... #DEFINE     MO_32_LED_DON        G_32A=0; //OUTPUT_LOW(G_32LED)  
.................... #DEFINE     TAT_32_LED_DON       G_32A=1; //OUTPUT_HIGH(G_32LED)  
.................... //XXXXXXXXXXXXXXXXXXXXXXXXXXXXXXXXXXXXXXXXXXXX          
.................... #DEFINE     MO_4_LED_7DOAN       G_4A=0;  //OUTPUT_LOW(G_4LED7DOAN) 
.................... #DEFINE     TAT_4_LED_7DOAN      G_4A=1;  //OUTPUT_HIGH(G_4LED7DOAN) 
.................... //XXXXXXXXXXXXXXXXXXXXXXXXXXXXXXXXXXXXXXXXXXXX  
.................... #DEFINE     MO_GLCD_LCD           G_LCDA=0;   //OUTPUT_LOW(G_LCD20X4) 
.................... #DEFINE     TAT_GLCD_LCD          G_LCDA=1;   // OUTPUT_LOW(G_LCD20X4) 
....................  
.................... UNSIGNED INT8 TIN_HIEU_DK_74573_B;   
.................... #BIT G_MTB        = TIN_HIEU_DK_74573_B.6 
.................... #BIT G_8B         = TIN_HIEU_DK_74573_B.4 
.................... #BIT G_RBDCB      = TIN_HIEU_DK_74573_B.2 
.................... //XXXXXXXXXXXXXXXXXXXXXXXXXXXXXXXXXXXXXXXXXXXX  
.................... #DEFINE     MO_LED_MATRAN        G_MTB=0; //OUTPUT_LOW(G_MATRANLED) 
.................... #DEFINE     TAT_LED_MATRAN       G_MTB=1; //OUTPUT_LOW(G_MATRANLED) 
.................... //XXXXXXXXXXXXXXXXXXXXXXXXXXXXXXXXXXXXXXXXXXXX        
.................... #DEFINE     MO_8_LED_QUET        G_8B=0;  //OUTPUT_LOW(G_8LEDQUET) 
.................... #DEFINE     TAT_8_LED_QUET       G_8B=1;  //OUTPUT_LOW(G_8LEDQUET) 
.................... //XXXXXXXXXXXXXXXXXXXXXXXXXXXXXXXXXXXXXXXXXXXX          
.................... #DEFINE     MO_RELAY_BUZZER_DC   G_RBDCB=0;  //OUTPUT_LOW(G_BUZERELAY) 
.................... #DEFINE     TAT_RELAY_BUZZER_DC  G_RBDCB=1;  //OUTPUT_LOW(G_BUZERELAY) 
....................  
.................... //XXXXXXXXXXXXXXXXXXXXXXXXXXXXXXXXXXXXXXXXXXXX 
.................... //CHUONG TRINH KIEM TRA PHIM BT1 
.................... //XXXXXXXXXXXXXXXXXXXXXXXXXXXXXXXXXXXXXXXXXXXX 
.................... UNSIGNED INT8 DL_BTN=0; 
.................... INT1 PHIM_BT0(UNSIGNED INT16 DL) 
.................... {   
....................     IF (!INPUT(BT0)) 
....................     {   
....................       DL_BTN++; 
....................        
....................       IF (DL_BTN>= DL) 
....................          { 
....................             DL_BTN =0; 
....................             RETURN(1); 
....................          } 
....................       ELSE RETURN(0); 
....................     } 
....................     ELSE    RETURN(0); 
.................... }  
.................... //XXXXXXXXXXXXXXXXXXXXXXXXXXXXXXXXXXXXXXXXXXXX 
.................... //CHUONG TRINH KIEM TRA PHIM BT1 
.................... //XXXXXXXXXXXXXXXXXXXXXXXXXXXXXXXXXXXXXXXXXXXX 
.................... INT1 PHIM_BT1(UNSIGNED INT16 DL ) 
.................... {   
....................     IF (!INPUT(BT1)) 
....................     {   
....................       DL_BTN++; 
....................        
....................       IF (DL_BTN>= DL) 
....................          { 
....................             DL_BTN =0; 
....................             RETURN(1); 
....................          } 
....................       ELSE RETURN(0); 
....................     } 
....................     ELSE    RETURN(0); 
.................... }  
.................... //XXXXXXXXXXXXXXXXXXXXXXXXXXXXXXXXXXXXXXXXXXXX 
.................... //CHUONG TRINH KIEM TRA PHIM BT2       
.................... //XXXXXXXXXXXXXXXXXXXXXXXXXXXXXXXXXXXXXXXXXXXX                                     
.................... INT1 PHIM_BT2(UNSIGNED INT16 DL ) 
.................... {                                         
....................     IF (!INPUT(BT2)) 
....................     {   
....................       DL_BTN++; 
....................        
....................       IF (DL_BTN>= DL) 
....................          { 
....................             DL_BTN =0; 
....................             RETURN(1); 
....................          } 
....................       ELSE RETURN(0); 
....................     } 
....................     ELSE    RETURN(0); 
....................                                           
.................... }       
....................  
.................... //XXXXXXXXXXXXXXXXXXXXXXXXXXXXXXXXXXXXXXXXXXXX 
.................... //CHUONG TRINH KIEM TRA PHIM BT3 
.................... //XXXXXXXXXXXXXXXXXXXXXXXXXXXXXXXXXXXXXXXXXXXX 
.................... INT1 PHIM_BT3(UNSIGNED INT16 DL,  UNSIGNED INT8 SOLAN  ) 
.................... {   
....................     IF (!INPUT(BT3)) 
....................     {   
....................       DL_BTN++; 
....................       IF(DL_BTN==1) RETURN(1); 
....................       ELSE 
....................       { 
....................          IF (DL_BTN>= DL) 
....................          DL_BTN =SOLAN; 
....................       } 
....................     } 
....................     ELSE    
....................     { 
....................       //DL_BTN =0; 
....................       RETURN(0); 
....................     } 
.................... }  
.................... //XXXXXXXXXXXXXXXXXXXXXXXXXXXXXXXXXXXXXXXXXXXX 
.................... //KHAI BAO DU LIEU 16 BIT CHO MODULE RELAY, TRIAC, BUZZER, DONG CO 
.................... //XXXXXXXXXXXXXXXXXXXXXXXXXXXXXXXXXXXXXXXXXXXX 
.................... UNSIGNED INT16 RBDC; 
.................... #BIT STEP_MOTOR_ENABLE  = RBDC.0    //1=ENA,0=DIS 
.................... #BIT STEP_MOTOR_IN1     = RBDC.1     
.................... #BIT STEP_MOTOR_IN2     = RBDC.2 
.................... #BIT STEP_MOTOR_IN3     = RBDC.3 
.................... #BIT STEP_MOTOR_IN4     = RBDC.4 
.................... #BIT DC_ENABLE          = RBDC.5    //1=ENA,0=DIS 
.................... #BIT PWRKEY             = RBDC.6    //KHOI TAO SIM900 
....................  
.................... #BIT BUZZER             = RBDC.8    //1=ON,0=OFF 
.................... #BIT TRIAC_1            = RBDC.9    //1=ON,0=OFF 
.................... #BIT TRIAC_2            = RBDC.10   //1=ON,0=OFF 
.................... #BIT RELAY_1            = RBDC.11   //0=ON,1=OFF 
.................... #BIT RELAY_2            = RBDC.12   //0=ON,1=OFF 
....................  
.................... //HAM 103 
.................... //XXXXXXXXXXXXXXXXXXXXXXXXXXXXXXXXXXXXXXXXXXXX 
.................... //CHUONG TRINH CON KHOI TAO IC CHOT 
.................... //XXXXXXXXXXXXXXXXXXXXXXXXXXXXXXXXXXXXXXXXXXXX          
.................... #DEFINE     CHO_IC_74573_A_GOI_DU_LIEU     OUTPUT_HIGH(ENABLE_573A) 
.................... #DEFINE     CHOT_IC_74573_A_GOI_DU_LIEU    OUTPUT_LOW(ENABLE_573A) 
....................  
.................... #DEFINE     CHO_IC_74573_B_GOI_DU_LIEU     OUTPUT_HIGH(ENABLE_573B) 
.................... #DEFINE     CHOT_IC_74573_B_GOI_DU_LIEU    OUTPUT_LOW(ENABLE_573B) 
.................... VOID MO_IC_74573_A_THONG_DL(); 
....................  
.................... //XXXXXXXXXXXXXXXXXXXXXXXXXXXXXXXXXXXXXXXXXXXX    
.................... CONST UNSIGNED CHAR MA7DOAN[16]= {0XC0,0XF9,0xA4,0XB0,0X99,0X92,0X82,0XF8, 
.................... 0X80,0X90,0x88, 0x83, 0xC6, 0xA1, 0x86, 0x8E}; 
.................... #DEFINE     MASO0    0XC0 
.................... #DEFINE     MASO1    0XF9 
.................... #DEFINE     MASO2    0XA4 
.................... #DEFINE     MASO3    0XB0 
.................... #DEFINE     MASO4    0X99 
.................... #DEFINE     MASO5    0X92 
.................... #DEFINE     MASO6    0X82 
.................... #DEFINE     MASO7    0XF8 
....................  
.................... //XXXXXXXXXXXXXXXXXXXXXXXXXXXXXXXXXXXXXXXXXXXX  
.................... //HAM 102 
.................... //XXXXXXXXXXXXXXXXXXXXXXXXXXXXXXXXXXXXXXXXXXXX     
.................... //XUAT 1 BYTE RA THANH GHI DICH 
.................... //XXXXXXXXXXXXXXXXXXXXXXXXXXXXXXXXXXXXXXXXXXXX     
.................... VOID XUAT_1BYTE(UNSIGNED INT8 BYTEXUAT) 
.................... { 
....................    UNSIGNED INT8   SB,X;    
....................    #BIT BSERI  = X.7 
....................    X = BYTEXUAT; 
*
0028:  MOVFF  2E,30
....................    FOR (SB=0;SB<8;SB++) 
002C:  CLRF   2F
002E:  MOVF   2F,W
0030:  SUBLW  07
0032:  BNC   0050
....................       {                                                  
....................          OUTPUT_BIT(SSDO,BSERI);     
0034:  BTFSC  30.7
0036:  BRA    003C
0038:  BCF    F8D.2
003A:  BRA    003E
003C:  BSF    F8D.2
003E:  BCF    F96.2
....................          OUTPUT_LOW(SSCK); OUTPUT_HIGH(SSCK); 
0040:  BCF    F96.0
0042:  BCF    F8D.0
0044:  BCF    F96.0
0046:  BSF    F8D.0
....................          X= X<<1;          
0048:  BCF    FD8.0
004A:  RLCF   30,F
004C:  INCF   2F,F
004E:  BRA    002E
....................      } 
0050:  RETURN 0
.................... } 
.................... //XXXXXXXXXXXXXXXXXXXXXXXXXXXXXXXXXXXXXXXXXXXX  
.................... //HAM 301 
.................... //XXXXXXXXXXXXXXXXXXXXXXXXXXXXXXXXXXXXXXXXXXXX 
.................... //CHUONG TRINH CON XUAT 4 BYTE RA 32 LED DON 
.................... //XXXXXXXXXXXXXXXXXXXXXXXXXXXXXXXXXXXXXXXXXXXX 
.................... VOID XUAT_32LED_DON_4BYTE(UNSIGNED INT8 BLD3,BLD2,BLD1,BLD0) 
.................... {      
....................       XUAT_1BYTE(BLD3);           
....................       XUAT_1BYTE(BLD2); 
....................       XUAT_1BYTE(BLD1);           
....................       XUAT_1BYTE(BLD0);             
....................       MO_32_LED_DON;       
....................       MO_IC_74573_A_THONG_DL();             
....................       OUTPUT_HIGH(RCK_32LED);    OUTPUT_LOW(RCK_32LED); 
....................       CHOT_IC_74573_A_GOI_DU_LIEU;       
.................... } 
.................... //HAM 302 
.................... //XXXXXXXXXXXXXXXXXXXXXXXXXXXXXXXXXXXXXXXXXXXX 
.................... //CHUONG TRINH CON XUAT 2 WORD 16 BITRA 32 LED DON 
.................... //XXXXXXXXXXXXXXXXXXXXXXXXXXXXXXXXXXXXXXXXXXXX 
.................... VOID XUAT_32LED_DON_2WORD(UNSIGNED INT16 WLD1, UNSIGNED INT16 WLD0) 
.................... {      
....................      UNSIGNED INT8  B3,B2,B1,B0; 
....................      B3 = WLD1>>8;  B2 = WLD1;  
....................      B1 = WLD0>>8;  B0 = WLD0; 
....................      XUAT_32LED_DON_4BYTE(B3,B2,B1,B0); 
.................... } 
.................... //HAM 303 
.................... //XXXXXXXXXXXXXXXXXXXXXXXXXXXXXXXXXXXXXXXXXXXX 
.................... //CHUONG TRINH CON XUAT 1 DOUBLE WORD RA 32 LED DON 
.................... //XXXXXXXXXXXXXXXXXXXXXXXXXXXXXXXXXXXXXXXXXXXX 
.................... VOID XUAT_32LED_DON_1DW(UNSIGNED LONG LONG DWLD) 
.................... {      
....................      UNSIGNED INT16  WD1,WD0; 
....................      WD1 = DWLD>>16;  WD0 = DWLD; 
....................      XUAT_32LED_DON_2WORD(WD1,WD0); 
.................... } 
....................  
.................... //HAM 304 
.................... //XXXXXXXXXXXXXXXXXXXXXXXXXXXXXXXXXXXXXXXXXXXX 
.................... //CHUONG TRINH CON MO 32 LED DON SANG 
.................... //XXXXXXXXXXXXXXXXXXXXXXXXXXXXXXXXXXXXXXXXXXXX 
.................... VOID MO_32LED_DON() 
.................... {         
....................      XUAT_32LED_DON_1DW(0XFFFFFFFF); 
.................... } 
.................... //HAM 305 
.................... //XXXXXXXXXXXXXXXXXXXXXXXXXXXXXXXXXXXXXXXXXXXX 
.................... //CHUONG TRINH CON TAT 32 LED DON  
.................... //XXXXXXXXXXXXXXXXXXXXXXXXXXXXXXXXXXXXXXXXXXXX 
.................... VOID TAT_32LED_DON() 
.................... {         
....................      XUAT_32LED_DON_1DW(0); 
.................... } 
.................... //XXXXXXXXXXXXXXXXXXXXXXXXXXXXXXXXXXXXXXXXXXXX     
.................... //XUAT 1 BIT ROI TRA LAI KET QUA SAU KHI DICH DI 1 BIT 
.................... //XXXXXXXXXXXXXXXXXXXXXXXXXXXXXXXXXXXXXXXXXXXX     
.................... UNSIGNED  INT8 XUAT_1BIT(UNSIGNED INT8 BYTEXUAT) 
.................... { 
....................       UNSIGNED INT8   XBITX;    
....................       #BIT BSERIX  = XBITX.0 
....................       XBITX = BYTEXUAT; 
....................                                              
....................       OUTPUT_BIT(SSDO,BSERIX);     
....................       OUTPUT_LOW(SSCK); OUTPUT_HIGH(SSCK); 
....................       XBITX= XBITX>>1;    
....................       RETURN(XBITX);   
.................... } 
.................... //XXXXXXXXXXXXXXXXXXXXXXXXXXXXXXXXXXXXXXXXXXXX  
.................... //HAM 101 
.................... //XXXXXXXXXXXXXXXXXXXXXXXXXXXXXXXXXXXXXXXXXXXX     
.................... //HAM KHOI TAO CAC PORT VA IC CHOT 
.................... //XXXXXXXXXXXXXXXXXXXXXXXXXXXXXXXXXXXXXXXXXXXX     
.................... VOID SET_UP_PORT_IC_CHOT() 
.................... {      
....................       SET_TRIS_D(0x00);     
*
000A:  MOVLW  00
000C:  MOVWF  F95
....................       SET_TRIS_E(0X00); 
000E:  MOVWF  F96
....................       OUTPUT_D(0XFF); 
0010:  CLRF   F95
0012:  SETF   F8C
....................       TIN_HIEU_DK_74573_A=0XFF;   
0014:  SETF   04
....................       TIN_HIEU_DK_74573_B=0XFF;       
0016:  SETF   05
....................       CHOT_IC_74573_A_GOI_DU_LIEU; 
0018:  BCF    F95.1
001A:  BCF    F8C.1
....................       CHOT_IC_74573_B_GOI_DU_LIEU;   
001C:  BCF    F95.0
001E:  BCF    F8C.0
....................       RBDC=0; 
0020:  CLRF   08
0022:  CLRF   07
0024:  GOTO   0820 (RETURN)
.................... } 
.................... //HAM 104 
.................... //XXXXXXXXXXXXXXXXXXXXXXXXXXXXXXXXXXXXXXXXXXXX     
.................... //XUAT CÁC THIEU DIEU KHIEN  
.................... //GIU NGUYEN CAC TRANG THAI CUA 2 MODULE KHAC 
.................... //XXXXXXXXXXXXXXXXXXXXXXXXXXXXXXXXXXXXXXXXXXXX     
.................... VOID MO_IC_74573_A_THONG_DL() 
.................... {      
....................       OUTPUT_D(0X00); 
*
0052:  CLRF   F95
0054:  CLRF   F8C
....................       OUTPUT_BIT(G_32LED,G_32A); 
0056:  BTFSC  04.4
0058:  BRA    005E
005A:  BCF    F8C.4
005C:  BRA    0060
005E:  BSF    F8C.4
0060:  BCF    F95.4
....................       OUTPUT_BIT(G_4LED7DOAN,G_4A); 
0062:  BTFSC  04.6
0064:  BRA    006A
0066:  BCF    F8C.6
0068:  BRA    006C
006A:  BSF    F8C.6
006C:  BCF    F95.6
....................       OUTPUT_BIT(G_LCD20X4,G_LCDA);   
006E:  BTFSC  04.2
0070:  BRA    0076
0072:  BCF    F8C.2
0074:  BRA    0078
0076:  BSF    F8C.2
0078:  BCF    F95.2
....................       CHO_IC_74573_A_GOI_DU_LIEU; 
007A:  BCF    F95.1
007C:  BSF    F8C.1
007E:  GOTO   009E (RETURN)
.................... } 
.................... VOID MO_IC_74573_B_THONG_DL() 
.................... {      
....................       OUTPUT_D(0X00); 
....................       OUTPUT_BIT(G_MATRANLED,G_MTB); 
....................       OUTPUT_BIT(G_8LEDQUET,G_8B); 
....................       OUTPUT_BIT(G_BUZERELAY,G_RBDCB);  
....................       CHO_IC_74573_B_GOI_DU_LIEU; 
.................... } 
.................... //ham 401 
.................... //XXXXXXXXXXXXXXXXXXXXXXXXXXXXXXXXXXXXXXXXXXXX 
.................... //CHUONG TRINH CON XUAT 4 BYTE RA 4 LED 7 DOAN 
.................... //XXXXXXXXXXXXXXXXXXXXXXXXXXXXXXXXXXXXXXXXXXXX 
.................... VOID XUAT_4LED_7DOAN_4SO(UNSIGNED INT BL743,BL742,BL741,BL740) 
.................... {      
....................       XUAT_1BYTE(BL740);   XUAT_1BYTE(BL741); 
....................       XUAT_1BYTE(BL742);   XUAT_1BYTE(BL743); 
....................        
....................       MO_4_LED_7DOAN; 
....................       MO_IC_74573_A_THONG_DL(); 
....................         
....................       OUTPUT_LOW(RCK_4LED7DOAN);   OUTPUT_HIGH(RCK_4LED7DOAN);  
....................       CHOT_IC_74573_A_GOI_DU_LIEU; 
.................... } 
.................... //ham 404 
.................... VOID XUAT_4LED_7DOAN_3SO(UNSIGNED INT BL742,BL741,BL740) 
.................... {      
....................      XUAT_4LED_7DOAN_4SO(0XFF,BL742,BL741,BL740); 
.................... } 
.................... //ham 403 
.................... VOID XUAT_4LED_7DOAN_2SO(UNSIGNED INT BL741,BL740) 
.................... {      
....................      XUAT_4LED_7DOAN_4SO(0XFF,0XFF,BL741,BL740); 
.................... } 
.................... //ham 402 
.................... VOID XUAT_4LED_7DOAN_1SO(UNSIGNED INT BL740) 
.................... {      
....................      XUAT_4LED_7DOAN_4SO(0XFF,0XFF,0XFF,BL740); 
.................... } 
....................  
.................... //ham 405 
.................... //XXXXXXXXXXXXXXXXXXXXXXXXXXXXXXXXXXXXXXXXXXXXXXXXXXXXXXXXXXXXX 
.................... //CHUONG TRINH CON HIEN THI DU LIEU 16 BIT TREN 4 LED 7 DOAN 
.................... //XXXXXXXXXXXXXXXXXXXXXXXXXXXXXXXXXXXXXXXXXXXXXXXXXXXXXXXXXXXXX 
.................... UNSIGNED CHAR DONVI4,CHUC4,TRAM4,NGAN4; 
.................... VOID  XUAT_4LED_7DOAN_GIAIMA_XOA_SO0 (UNSIGNED INT16 TAM) 
.................... {          
....................       DONVI4 = MA7DOAN[TAM %10];          
....................       CHUC4  = MA7DOAN[TAM/10%10]; 
....................       TRAM4  = MA7DOAN[TAM/100%10];  
....................       NGAN4  = MA7DOAN[TAM/1000%10];        
....................       IF (NGAN4==0XC0) 
....................       { 
....................          NGAN4=0XFF; 
....................          IF (TRAM4==0XC0) 
....................          { 
....................             TRAM4=0XFF; 
....................             IF (CHUC4==0XC0)   CHUC4=0XFF; 
....................          } 
....................       } 
....................       XUAT_4LED_7DOAN_4SO(NGAN4,TRAM4,CHUC4,DONVI4);    
.................... } 
.................... UNSIGNED INT8 LCDDATA=0;  
.................... UNSIGNED INT8 LCDCONTROL=0; 
.................... UNSIGNED INT8 GLCDDATA=0; 
.................... UNSIGNED INT8 GLCDCONTROL=0;  
.................... //HAM 701 
.................... //XXXXXXXXXXXXXXXXXXXXXXXXXXXXXXXXXXXXXXXXXXXXXXXXXXXXXXXXXXXXX 
.................... //CHUONG TRINH CON XUAT DU LIEU 4 BYTE RA GLCD VA LCD 
.................... //XXXXXXXXXXXXXXXXXXXXXXXXXXXXXXXXXXXXXXXXXXXXXXXXXXXXXXXXXXXXX 
.................... VOID XUAT_GLCD_LCD() 
.................... {       
....................     XUAT_1BYTE(GLCDCONTROL);              
0082:  MOVFF  10,2E
0086:  RCALL  0028
....................     XUAT_1BYTE(GLCDDATA); 
0088:  MOVFF  0F,2E
008C:  RCALL  0028
....................     XUAT_1BYTE(LCDCONTROL);        
008E:  MOVFF  0E,2E
0092:  RCALL  0028
....................     XUAT_1BYTE(LCDDATA);       
0094:  MOVFF  0D,2E
0098:  RCALL  0028
....................        
....................     MO_GLCD_LCD; 
009A:  BCF    04.2
....................     MO_IC_74573_A_THONG_DL();             
009C:  BRA    0052
....................     OUTPUT_HIGH(RCK_LCD20X4);      
009E:  BCF    F95.3
00A0:  BSF    F8C.3
....................     OUTPUT_LOW(RCK_LCD20X4); 
00A2:  BCF    F95.3
00A4:  BCF    F8C.3
....................     CHOT_IC_74573_A_GOI_DU_LIEU; 
00A6:  BCF    F95.1
00A8:  BCF    F8C.1
00AA:  GOTO   00BC (RETURN)
.................... } 
.................... //HAM 702 
.................... VOID XUAT_LCD20X4(UNSIGNED INT8 LCD_SIGNAL,LCD_INS_HTHI) 
.................... {      
....................     LCDCONTROL = ~LCD_SIGNAL; 
00AE:  MOVF   2C,W
00B0:  MOVWF  0E
00B2:  COMF   0E,F
....................     LCDDATA    = ~LCD_INS_HTHI;       
00B4:  MOVFF  2D,0D
00B8:  COMF   0D,F
....................     XUAT_GLCD_LCD(); 
00BA:  BRA    0082
00BC:  RETURN 0
.................... } 
.................... //HAM 703 
.................... VOID XUAT_GLCD128X64(UNSIGNED INT8 GLCD_SIGNAL,GLCD_INS_HTHI) 
.................... {      
....................     GLCDCONTROL = ~GLCD_SIGNAL; 
....................     GLCDDATA    = ~GLCD_INS_HTHI;      
....................     XUAT_GLCD_LCD(); 
.................... } 
.................... //HAM 501 
.................... //XXXXXXXXXXXXXXXXXXXXXXXXXXXXXXXXXXXXXXXXXXXX 
.................... //CHUONG TRINH CON XUAT 2 BYTE RA DK 1 LED QUET SANG 
.................... //XXXXXXXXXXXXXXXXXXXXXXXXXXXXXXXXXXXXXXXXXXXX 
.................... VOID XUAT_8LED_7DOAN_QUET_1(UNSIGNED INT MA,SO_HTHI) 
.................... {      
....................       XUAT_1BYTE(~MA);   XUAT_1BYTE(~SO_HTHI); 
....................        
....................       MO_8_LED_QUET; 
....................       MO_IC_74573_B_THONG_DL(); 
....................        
....................       OUTPUT_HIGH(RCK_8LEDQUET); OUTPUT_LOW(RCK_8LEDQUET); 
....................       CHOT_IC_74573_B_GOI_DU_LIEU; 
.................... } 
.................... //HAM 502 
.................... //XXXXXXXXXXXXXXXXXXXXXXXXXXXXXXXXXXXXXXXXXXXX 
.................... //CHUONG TRINH CON XUAT 2 BYTE RA TAT 8 LED QUET 
.................... //XXXXXXXXXXXXXXXXXXXXXXXXXXXXXXXXXXXXXXXXXXXX 
.................... VOID XUAT_8LED_7DOAN_QUET_TAT_LED() 
.................... { 
....................    XUAT_8LED_7DOAN_QUET_1(0XFF,0XFF); 
.................... } 
.................... //HAM 503 
.................... //XXXXXXXXXXXXXXXXXXXXXXXXXXXXXXXXXXXXXXXXXXXX 
.................... //CHUONG TRINH CON HIEN THI LED THEO THU TU 
.................... //XXXXXXXXXXXXXXXXXXXXXXXXXXXXXXXXXXXXXXXXXXXX 
.................... CONST UNSIGNED CHAR TTLEDQUET[8]= {0x7F,0xBF,0xDF,0xEF,0xF7,0xFB,0xFD,0xFE}; 
.................... VOID XUAT_8LED_7DOAN_QUET_2(UNSIGNED INT THUTULED,SO_HTHI) 
.................... {          
....................       XUAT_1BYTE(~ (TTLEDQUET[THUTULED]));   XUAT_1BYTE(~SO_HTHI);      
....................       MO_8_LED_QUET; 
....................       MO_IC_74573_B_THONG_DL(); 
....................       OUTPUT_HIGH(RCK_8LEDQUET); OUTPUT_LOW(RCK_8LEDQUET); 
....................       CHOT_IC_74573_B_GOI_DU_LIEU; 
.................... } 
.................... //HAM 504 
.................... //XXXXXXXXXXXXXXXXXXXXXXXXXXXXXXXXXXXXXXXXXXXX 
.................... //CHUONG TRINH CON HIEN THI 8 SO TREN 8 LED QUET - CO KIEM TRA 
.................... //XXXXXXXXXXXXXXXXXXXXXXXXXXXXXXXXXXXXXXXXXXXX 
.................... UNSIGNED INT8 LED_7DQ[8]={0XFF,0XFF,0XFF,0XFF,0XFF,0XFF,0XFF,0XFF}; 
.................... UNSIGNED INT8 TT8LED=0; 
.................... VOID HIEN_THI_8LED_7DOAN_QUET() 
.................... {      
....................       FOR(TT8LED=0;TT8LED<8;TT8LED++) 
....................          IF (LED_7DQ[TT8LED]!=0XFF) 
....................          {            
....................             XUAT_8LED_7DOAN_QUET_2(TT8LED, LED_7DQ[TT8LED]); 
....................             DELAY_US(100); 
....................             XUAT_8LED_7DOAN_QUET_TAT_LED();            
....................             } 
.................... } 
.................... //HAM 505 
.................... //XXXXXXXXXXXXXXXXXXXXXXXXXXXXXXXXXXXXXXXXXXXX 
.................... //CHUONG TRINH CON HIEN THI 8 SO TREN 8 LED QUET - KHONG KIEM TRA 
.................... //XXXXXXXXXXXXXXXXXXXXXXXXXXXXXXXXXXXXXXXXXXXX 
.................... VOID HIEN_THI_8LED_7DOAN_QUET_ALL() 
.................... {      
....................       FOR(TT8LED=0;TT8LED<8;TT8LED++)          
....................          {            
....................             XUAT_8LED_7DOAN_QUET_2(TT8LED, LED_7DQ[TT8LED]); 
....................             DELAY_US(100); 
....................             XUAT_8LED_7DOAN_QUET_TAT_LED();            
....................             } 
.................... } 
....................  
.................... VOID DELAY_QUET_8LED(UNSIGNED INT16 DL) 
.................... {  
....................       UNSIGNED INT8 I; 
....................       FOR (I=0; I<DL;I++) 
....................       HIEN_THI_8LED_7DOAN_QUET_ALL(); 
.................... }  
....................  
.................... VOID GIAI_MA_GAN_CHO_8LED_QUET_16_XOA(UNSIGNED INT16 X) 
.................... {      
....................       LED_7DQ[0]= MA7DOAN [X %10];     
....................       LED_7DQ[1]= MA7DOAN [X/10%10]; 
....................       LED_7DQ[2]= MA7DOAN [X/100%10];     
....................       LED_7DQ[3]= MA7DOAN [X/1000%10]; 
....................       LED_7DQ[4]= MA7DOAN [X/10000%10]; 
....................       IF (LED_7DQ[4]==MASO0)  
....................       { 
....................             LED_7DQ[4]=0XFF; 
....................             IF (LED_7DQ[3]==MASO0)  
....................             { 
....................                LED_7DQ[3]=0XFF; 
....................                IF (LED_7DQ[2]==MASO0)  
....................                { 
....................                   LED_7DQ[2]=0XFF; 
....................                   IF (LED_7DQ[1]==MASO0)  
....................                   { 
....................                      LED_7DQ[1]=0XFF; 
....................                   } 
....................                } 
....................             } 
....................       } 
....................              
.................... } 
.................... //XXXXXXXXXXXXXXXXXXXXXXXXXXXXXXXXXXXXXXXXXXXX          
.................... VOID XUAT_2BYTE(UNSIGNED INT16 BYTE2XUAT) 
.................... { 
....................    INT8 SBB; 
....................    UNSIGNED INT16   XX;   //SHORT  BSERI; 
....................    #BIT BSERIX  = XX.15 
....................    XX = BYTE2XUAT; 
....................    FOR (SBB=0;SBB<16;SBB++) 
....................       {                                                  
....................          OUTPUT_BIT(SSDO,BSERIX);     
....................          OUTPUT_LOW(SSCK);          
....................          OUTPUT_HIGH(SSCK); 
....................          XX= XX<<1;          
....................      } 
.................... } 
.................... //XXXXXXXXXXXXXXXXXXXXXXXXXXXXXXXXXXXXXXXXXXXX 
.................... //CHUONG TRINH CON XUAT RA LED MA TRAN 
.................... //XXXXXXXXXXXXXXXXXXXXXXXXXXXXXXXXXXXXXXXXXXXX 
.................... VOID XUAT_MATRANLED(UNSIGNED INT16 MAHANG,UNSIGNED INT16 MACOT1, 
.................... UNSIGNED INT16 MACOT2,UNSIGNED INT16 MACOT3) 
.................... {       
....................       XUAT_2BYTE(MACOT3); 
....................       XUAT_2BYTE(MACOT2); 
....................       XUAT_2BYTE(MACOT1); 
....................       XUAT_2BYTE(MAHANG); 
....................        
....................       MO_LED_MATRAN; 
....................       MO_IC_74573_B_THONG_DL(); 
....................        
....................       OUTPUT_HIGH(RCK_MATRANLED); OUTPUT_LOW(RCK_MATRANLED);  
....................       CHOT_IC_74573_B_GOI_DU_LIEU; 
.................... } 
.................... //XXXXXXXXXXXXXXXXXXXXXXXXXXXXXXXXXXXXXXXXXXXX 
.................... //CHUONG TRINH CON XUAT RA LED MA TRAN 
.................... //XXXXXXXXXXXXXXXXXXXXXXXXXXXXXXXXXXXXXXXXXXXX 
.................... VOID TAT_MATRANLED() 
.................... {       
....................       XUAT_2BYTE(0); 
....................       XUAT_2BYTE(0); 
....................       XUAT_2BYTE(0); 
....................       XUAT_2BYTE(0);            
....................       OUTPUT_HIGH(RCK_MATRANLED);  
....................       OUTPUT_LOW(RCK_MATRANLED); 
.................... } 
.................... UNSIGNED  INT8 HIEU_CHINH_4BIT_CAO(UNSIGNED INT8 XZY) 
.................... { 
....................       INT1  BTG; 
....................       UNSIGNED INT8   BX;    
....................       #BIT BIT4  = BX.4 
....................       #BIT BIT5  = BX.5 
....................       #BIT BIT6  = BX.6 
....................       #BIT BIT7  = BX.7 
....................       BX=XZY; 
....................       BTG=BIT4;   BIT4=BIT7;  BIT7=BTG; 
....................       BTG=BIT5;   BIT5=BIT6;  BIT6=BTG;       
....................       RETURN(BX);   
.................... } 
.................... //HAM 601 
.................... //XXXXXXXXXXXXXXXXXXXXXXXXXXXXXXXXXXXXXXXXXXXXXXXXXXXX 
.................... //MODULE DIEU KHIEN RELAY,TRIAC, BUZZER, DONG CO, SIM 
.................... //XXXXXXXXXXXXXXXXXXXXXXXXXXXXXXXXXXXXXXXXXXXXXXXXXXXX 
.................... VOID XUAT_BUZZER_RELAY() 
.................... {      
....................    UNSIGNED INT8 RBDC1,RBDC2; 
....................       RBDC1=RBDC; RBDC2=RBDC>>8;       
....................       XUAT_1BYTE(RBDC2);       
....................       XUAT_1BYTE(RBDC1); 
....................       MO_RELAY_BUZZER_DC; 
....................       MO_IC_74573_B_THONG_DL(); 
....................        
....................       OUTPUT_HIGH(RCK_BUZERELAY);   OUTPUT_LOW(RCK_BUZERELAY); 
....................       CHOT_IC_74573_B_GOI_DU_LIEU; 
.................... } 
.................... //HAM 602 
.................... //XXXXXXXXXXXXXXXXXXXXXXXXXXXXXXXXXXXXXXXXXXXXXXXXXXXX 
.................... VOID BUZZER_ON() 
.................... {     
....................       BUZZER=1; 
....................       XUAT_BUZZER_RELAY();          
.................... } 
.................... //HAM 603 
.................... //XXXXXXXXXXXXXXXXXXXXXXXXXXXXXXXXXXXXXXXXXXXXXXXXXXXX 
.................... VOID BUZZER_OFF() 
.................... {      
....................       BUZZER=0; 
....................       XUAT_BUZZER_RELAY(); 
.................... } 
.................... //HAM 604 
.................... //XXXXXXXXXXXXXXXXXXXXXXXXXXXXXXXXXXXXXXXXXXXXXXXXXXXX 
.................... VOID RELAY_1_ON() 
.................... {     
....................       RELAY_1=1; 
....................       XUAT_BUZZER_RELAY();          
.................... } 
.................... //HAM 603 
.................... //XXXXXXXXXXXXXXXXXXXXXXXXXXXXXXXXXXXXXXXXXXXXXXXXXXXX 
.................... VOID RELAY_1_OFF() 
.................... {     
....................       RELAY_1=0; 
....................       XUAT_BUZZER_RELAY();          
.................... } 
.................... //HAM 604 
.................... //XXXXXXXXXXXXXXXXXXXXXXXXXXXXXXXXXXXXXXXXXXXXXXXXXXXX 
.................... VOID RELAY_2_ON() 
.................... {     
....................       RELAY_2=1; 
....................       XUAT_BUZZER_RELAY();          
.................... } 
.................... //HAM 607 
.................... //XXXXXXXXXXXXXXXXXXXXXXXXXXXXXXXXXXXXXXXXXXXXXXXXXXXX 
.................... VOID RELAY_2_OFF() 
.................... {     
....................       RELAY_2=0; 
....................       XUAT_BUZZER_RELAY();          
.................... } 
.................... //HAM 608 
.................... //XXXXXXXXXXXXXXXXXXXXXXXXXXXXXXXXXXXXXXXXXXXXXXXXXXXX 
.................... VOID RELAY_1_RELAY_2_ON() 
.................... {     
....................       RELAY_1=1;  RELAY_2=1; 
....................       XUAT_BUZZER_RELAY();          
.................... } 
.................... //HAM 609 
.................... //XXXXXXXXXXXXXXXXXXXXXXXXXXXXXXXXXXXXXXXXXXXXXXXXXXXX 
.................... VOID RELAY_1_RELAY_2_OFF() 
.................... {     
....................       RELAY_1=0;  RELAY_2=0; 
....................       XUAT_BUZZER_RELAY();          
.................... } 
.................... //HAM 610 
.................... //XXXXXXXXXXXXXXXXXXXXXXXXXXXXXXXXXXXXXXXXXXXXXXXXXXXX 
.................... VOID TRIAC_1_ON() 
.................... {     
....................       TRIAC_1=1; 
....................       XUAT_BUZZER_RELAY();          
.................... } 
.................... //HAM 611 
.................... //XXXXXXXXXXXXXXXXXXXXXXXXXXXXXXXXXXXXXXXXXXXXXXXXXXXX 
.................... VOID TRIAC_1_OFF() 
.................... {     
....................       TRIAC_1=0; 
....................       XUAT_BUZZER_RELAY();          
.................... } 
.................... //HAM 612 
.................... //XXXXXXXXXXXXXXXXXXXXXXXXXXXXXXXXXXXXXXXXXXXXXXXXXXXX 
.................... VOID TRIAC_2_ON() 
.................... {     
....................       TRIAC_2=1; 
....................       XUAT_BUZZER_RELAY();          
.................... } 
.................... //HAM 613 
.................... //XXXXXXXXXXXXXXXXXXXXXXXXXXXXXXXXXXXXXXXXXXXXXXXXXXXX 
.................... VOID TRIAC_2_OFF() 
.................... {     
....................       TRIAC_2=0; 
....................       XUAT_BUZZER_RELAY();          
.................... } 
.................... //XXXXXXXXXXXXXXXXXXXXXXXXXXXXXXXXXXXXXXXXXXXX 
....................  
....................  
....................  
.................... #INCLUDE <TV_PICKIT2_SHIFT_DS13B07_I2C.C> 
.................... #INCLUDE <TV_PICKIT2_SHIFT_LCD.c> 
.................... UNSIGNED INT8 LCD_CONTROL;   
.................... #bit LCD_P = LCD_CONTROL.3 
.................... #bit LCD_RS = LCD_CONTROL.2 
.................... #bit LCD_RW = LCD_CONTROL.1 
.................... #bit LCD_E  = LCD_CONTROL.0 
....................  
.................... #DEFINE LCD_FUNCTION_SET       0X38 
.................... #DEFINE LCD_DISPLAY_CONTROL    0X0C 
.................... #DEFINE LCD_CLEAR_DISPLAY      0X01 
.................... #DEFINE LCD_ENTRY_MODE         0X06 
.................... #DEFINE LCD_SHIFT_LEFT         0X18 
.................... #DEFINE LCD_SHIFT_RIGHT        0X1C 
....................  
.................... #DEFINE LCD_ADDR_LINE1         0X80 
.................... #DEFINE LCD_ADDR_LINE2         0XC0 
.................... #DEFINE LCD_ADDR_LINE3         0X94 
.................... #DEFINE LCD_ADDR_LINE4         0XD4 
....................  
.................... VOID LCD_XUAT_8BIT(INT8 LCD_DATA_X) 
.................... { 
....................       LCD_E=1; XUAT_LCD20X4(LCD_CONTROL,LCD_DATA_X);      
00BE:  BSF    1A.0
00C0:  MOVFF  1A,2C
00C4:  MOVFF  2B,2D
00C8:  RCALL  00AE
....................       LCD_E=0; XUAT_LCD20X4(LCD_CONTROL,LCD_DATA_X);  
00CA:  BCF    1A.0
00CC:  MOVFF  1A,2C
00D0:  MOVFF  2B,2D
00D4:  RCALL  00AE
00D6:  RETURN 0
.................... } 
.................... void LCD_COMMAND(INT8 LCD_DATA_X)    
....................   { 
....................       LCD_RS = 0; 
00D8:  BCF    1A.2
....................       LCD_XUAT_8BIT(LCD_DATA_X); 
00DA:  MOVFF  28,2B
00DE:  RCALL  00BE
....................       DELAY_US(20); 
00E0:  MOVLW  20
00E2:  MOVWF  00
00E4:  DECFSZ 00,F
00E6:  BRA    00E4
00E8:  BRA    00EA
00EA:  NOP   
00EC:  RETURN 0
....................   } 
.................... void LCD_DATA(INT8 LCD_DATA_X)        
....................   { 
....................       LCD_RS = 1;      
*
0370:  BSF    1A.2
....................       LCD_XUAT_8BIT(LCD_DATA_X); 
0372:  MOVFF  2A,2B
0376:  RCALL  00BE
....................       DELAY_US(20); 
0378:  MOVLW  20
037A:  MOVWF  00
037C:  DECFSZ 00,F
037E:  BRA    037C
0380:  BRA    0382
0382:  NOP   
0384:  RETURN 0
....................   } 
....................    
.................... VOID SETUP_LCD () 
.................... {                      
....................          LCD_E  = 0;  
*
0114:  BCF    1A.0
....................          LCD_RW = 0;  
0116:  BCF    1A.1
....................          LCD_RS = 1;  
0118:  BSF    1A.2
....................          LCD_P =0; 
011A:  BCF    1A.3
....................          LCD_COMMAND(LCD_FUNCTION_SET);          
011C:  MOVLW  38
011E:  MOVWF  28
0120:  RCALL  00D8
....................          DELAY_US(40); 
0122:  MOVLW  42
0124:  MOVWF  00
0126:  DECFSZ 00,F
0128:  BRA    0126
012A:  NOP   
....................          LCD_COMMAND(LCD_DISPLAY_CONTROL);    
012C:  MOVLW  0C
012E:  MOVWF  28
0130:  RCALL  00D8
....................          DELAY_US(40); 
0132:  MOVLW  42
0134:  MOVWF  00
0136:  DECFSZ 00,F
0138:  BRA    0136
013A:  NOP   
....................          LCD_COMMAND(LCD_CLEAR_DISPLAY);       
013C:  MOVLW  01
013E:  MOVWF  28
0140:  RCALL  00D8
....................          DELAY_MS(2); 
0142:  MOVLW  02
0144:  MOVWF  28
0146:  RCALL  00EE
....................          LCD_COMMAND(LCD_ENTRY_MODE);        
0148:  MOVLW  06
014A:  MOVWF  28
014C:  RCALL  00D8
....................          DELAY_US(40);                 
014E:  MOVLW  42
0150:  MOVWF  00
0152:  DECFSZ 00,F
0154:  BRA    0152
0156:  NOP   
0158:  GOTO   0822 (RETURN)
.................... } 
....................  
.................... CONST UNSIGNED CHAR LCD_SO_X[10+1+1+1][6] ={ 
....................                   0,1,2,5,3,4,               // SO 0 
....................                   1,2,32,3,7,3,              // SO 1 
....................                   6,6,2,5,3,3,               // SO 2 
....................                   6,6,2,3,3,4,               // SO 3 
....................                   7,3,7,32,32,7,             // SO 4 
....................                   7,6,6,3,3,4,               // SO 5 
....................                   0,6,6,5,3,4,               // SO 6 
....................                   1,1,7,32,32,7,             // SO 7 
....................                   0,6,2,5,3,4,               // SO 8 
....................                   0,6,2,3,3,4,               // SO 9 
....................                   32,32,32,32,32,32,         // KHOANG TRANG 0x20 tai vi tri 10 
....................                   0,6,2,5,32,32,              // CHU "P" tai vi tri 11 
....................                   32,32,32,32,7,32            // DAU CHAM tai vi tri 12 
....................                   }; 
....................                    
....................                    
.................... CONST UNSIGNED CHAR LCD_MA_8DOAN[] = { 
....................    0x07,0x0F,0x1F,0x1F,0x1F,0x1F,0x1F,0x1F,  //DOAN F - 0 
....................    0x1F,0x1F,0x1F,0X00,0X00,0X00,0X00,0X00,  //DOAN A - 1 
....................    0x1C,0x1E,0x1F,0x1F,0x1F,0x1F,0x1F,0x1F,  //DOAN B - 2 
....................    0X00,0X00,0X00,0X00,0X00,0x1F,0x1F,0x1F,  //DOAN D - 3 
....................    0x1F,0x1F,0x1F,0x1F,0x1F,0x1F,0x1E,0x1C,  //DOAN C - 4 
....................    0x1F,0x1F,0x1F,0x1F,0x1F,0x1F,0x0F,0x07,  //DOAN E - 5 
....................    0x1F,0x1F,0x1F,0X00,0X00,0X00,0x1F,0x1F,  //DOAN G+D-6  
....................    0x1F,0x1F,0x1F,0x1F,0x1F,0x1F,0x1F,0x1F}; //DOAN I  -7 
....................     
.................... VOID LCD_GOTO_XY(SIGNED INT8 X, SIGNED INT8 Y) 
.................... {  
....................    CONST UNSIGNED INT8 LCD_VITRI[]={0x80,0xC0,0x94,0xD4}; 
....................    LCD_COMMAND(LCD_VITRI[X]+Y); 
.................... } 
....................  
.................... VOID XXX() 
.................... {  
....................    SIGNED INT8 X; 
....................    X= LCD_SO_X[0][0]; 
....................    X= LCD_MA_8DOAN[0]; 
.................... } 
....................  
.................... #define   GIAY_HTAI      0X55 
.................... #define   PHUT_HTAI      0X32 
.................... #define   GIO_HTAI       0X16 
.................... #define   THU_HTAI       2 
.................... #define   NGAY_HTAI      0X10 
.................... #define   THANG_HTAI     0X08 
.................... #define   NAM_HTAI       0X20       
.................... #define   MA_DS          0X91 
....................  
.................... #define  ADDR_WR_13B07   0xD0 
.................... #define  ADDR_RD_13B07   0xD1 
.................... #define  ADDR_MEM        0x00 
....................  
.................... //!UNSIGNED CHAR GIATRI_MOD; 
....................  
.................... UNSIGNED  CHAR    NAM_DS13,THANG_DS13,NGAY_DS13,THU_DS13,GIO_DS13, 
....................                   PHUT_DS13,GIAY_DS13,MA_DS13,CONTROL_DS13,GIAYTAM; 
....................                                 
.................... void THIET_LAP_THOI_GIAN_HIEN_TAI() 
.................... {     GIAY_DS13   =   GIAY_HTAI;       PHUT_DS13  =    PHUT_HTAI;    
*
02C2:  MOVLW  55
02C4:  MOVWF  21
02C6:  MOVLW  32
02C8:  MOVWF  20
....................       GIO_DS13    =   GIO_HTAI;        THU_DS13   =    THU_HTAI; 
02CA:  MOVLW  16
02CC:  MOVWF  1F
02CE:  MOVLW  02
02D0:  MOVWF  1E
....................       NGAY_DS13   =   NGAY_HTAI;       THANG_DS13 =    THANG_HTAI;    
02D2:  MOVLW  10
02D4:  MOVWF  1D
02D6:  MOVLW  08
02D8:  MOVWF  1C
....................       NAM_DS13    =   NAM_HTAI;    
02DA:  MOVLW  20
02DC:  MOVWF  1B
....................       CONTROL_DS13 = 0X90;             MA_DS13      =   MA_DS; 
02DE:  MOVLW  90
02E0:  MOVWF  23
02E2:  MOVLW  91
02E4:  MOVWF  22
02E6:  GOTO   0832 (RETURN)
.................... } 
....................   
.................... void NAP_THOI_GIAN_HTAI_VAO_DS13B07() 
.................... {     I2C_START();          
02EA:  BSF    F93.0
02EC:  MOVLW  05
02EE:  MOVWF  00
02F0:  DECFSZ 00,F
02F2:  BRA    02F0
02F4:  BSF    F93.1
02F6:  MOVLW  06
02F8:  MOVWF  00
02FA:  DECFSZ 00,F
02FC:  BRA    02FA
02FE:  BCF    F8A.0
0300:  BCF    F93.0
0302:  MOVLW  05
0304:  MOVWF  00
0306:  DECFSZ 00,F
0308:  BRA    0306
030A:  BCF    F8A.1
030C:  BCF    F93.1
....................       I2C_WRITE(ADDR_WR_13B07);     
030E:  MOVLW  D0
0310:  MOVWF  28
0312:  RCALL  015C
....................       I2C_WRITE(0X00); 
0314:  CLRF   28
0316:  RCALL  015C
....................       I2C_WRITE(GIAY_DS13);        I2C_WRITE(PHUT_DS13);       
0318:  MOVFF  21,28
031C:  RCALL  015C
031E:  MOVFF  20,28
0322:  RCALL  015C
....................       I2C_WRITE(GIO_DS13);         I2C_WRITE(THU_DS13);       
0324:  MOVFF  1F,28
0328:  RCALL  015C
032A:  MOVFF  1E,28
032E:  RCALL  015C
....................       I2C_WRITE(NGAY_DS13);        I2C_WRITE(THANG_DS13);             
0330:  MOVFF  1D,28
0334:  RCALL  015C
0336:  MOVFF  1C,28
033A:  RCALL  015C
....................       I2C_WRITE(NAM_DS13);         I2C_WRITE(CONTROL_DS13);    
033C:  MOVFF  1B,28
0340:  RCALL  015C
0342:  MOVFF  23,28
0346:  RCALL  015C
....................       I2C_WRITE(MA_DS13); 
0348:  MOVFF  22,28
034C:  RCALL  015C
....................       I2C_STOP(); 
034E:  BCF    F93.0
0350:  NOP   
0352:  BSF    F93.1
0354:  BTFSS  F81.1
0356:  BRA    0354
0358:  MOVLW  05
035A:  MOVWF  00
035C:  DECFSZ 00,F
035E:  BRA    035C
0360:  BRA    0362
0362:  NOP   
0364:  BSF    F93.0
0366:  MOVLW  05
0368:  MOVWF  00
036A:  DECFSZ 00,F
036C:  BRA    036A
036E:  RETURN 0
.................... } 
....................      
.................... void DOC_THOI_GIAN_TU_REALTIME() 
.................... {    
....................       I2C_START(); 
*
01EC:  BSF    F93.0
01EE:  MOVLW  05
01F0:  MOVWF  00
01F2:  DECFSZ 00,F
01F4:  BRA    01F2
01F6:  BSF    F93.1
01F8:  MOVLW  06
01FA:  MOVWF  00
01FC:  DECFSZ 00,F
01FE:  BRA    01FC
0200:  BCF    F8A.0
0202:  BCF    F93.0
0204:  MOVLW  05
0206:  MOVWF  00
0208:  DECFSZ 00,F
020A:  BRA    0208
020C:  BCF    F8A.1
020E:  BCF    F93.1
....................       I2C_WRITE(ADDR_WR_13B07); 
0210:  MOVLW  D0
0212:  MOVWF  28
0214:  RCALL  015C
....................       I2C_WRITE(ADDR_MEM);                      
0216:  CLRF   28
0218:  RCALL  015C
....................       I2C_START();                 
021A:  BSF    F93.0
021C:  MOVLW  05
021E:  MOVWF  00
0220:  DECFSZ 00,F
0222:  BRA    0220
0224:  BSF    F93.1
0226:  MOVLW  06
0228:  MOVWF  00
022A:  DECFSZ 00,F
022C:  BRA    022A
022E:  BTFSS  F81.1
0230:  BRA    022E
0232:  BCF    F8A.0
0234:  BCF    F93.0
0236:  MOVLW  05
0238:  MOVWF  00
023A:  DECFSZ 00,F
023C:  BRA    023A
023E:  BCF    F8A.1
0240:  BCF    F93.1
....................                  
....................       I2C_WRITE(ADDR_RD_13B07); 
0242:  MOVLW  D1
0244:  MOVWF  28
0246:  RCALL  015C
....................       GIAY_DS13      =  I2C_READ();               
0248:  MOVLW  01
024A:  MOVWF  00
024C:  RCALL  01A4
024E:  MOVFF  01,21
....................       PHUT_DS13      =  I2C_READ();              
0252:  MOVLW  01
0254:  MOVWF  00
0256:  RCALL  01A4
0258:  MOVFF  01,20
....................       GIO_DS13       =  I2C_READ();              
025C:  MOVLW  01
025E:  MOVWF  00
0260:  RCALL  01A4
0262:  MOVFF  01,1F
....................       THU_DS13       =  I2C_READ();  
0266:  MOVLW  01
0268:  MOVWF  00
026A:  RCALL  01A4
026C:  MOVFF  01,1E
....................       NGAY_DS13      =  I2C_READ();  
0270:  MOVLW  01
0272:  MOVWF  00
0274:  RCALL  01A4
0276:  MOVFF  01,1D
....................       THANG_DS13     =  I2C_READ();  
027A:  MOVLW  01
027C:  MOVWF  00
027E:  RCALL  01A4
0280:  MOVFF  01,1C
....................       NAM_DS13       =  I2C_READ();  
0284:  MOVLW  01
0286:  MOVWF  00
0288:  RCALL  01A4
028A:  MOVFF  01,1B
....................       CONTROL_DS13   =  I2C_READ();           
028E:  MOVLW  01
0290:  MOVWF  00
0292:  RCALL  01A4
0294:  MOVFF  01,23
....................       MA_DS13        =  I2C_READ(0);     //NOT ACK 
0298:  CLRF   00
029A:  RCALL  01A4
029C:  MOVFF  01,22
....................       I2C_STOP(); 
02A0:  BCF    F93.0
02A2:  NOP   
02A4:  BSF    F93.1
02A6:  BTFSS  F81.1
02A8:  BRA    02A6
02AA:  MOVLW  05
02AC:  MOVWF  00
02AE:  DECFSZ 00,F
02B0:  BRA    02AE
02B2:  BRA    02B4
02B4:  NOP   
02B6:  BSF    F93.0
02B8:  MOVLW  05
02BA:  MOVWF  00
02BC:  DECFSZ 00,F
02BE:  BRA    02BC
02C0:  RETURN 0
.................... }     
....................  
....................     
.................... void DOC_GIAY_TU_REALTIME() 
.................... {    
....................       I2C_START(); 
....................       I2C_WRITE(ADDR_WR_13B07); 
....................       I2C_WRITE(ADDR_MEM);                      
....................       I2C_START();                 
....................                  
....................       I2C_WRITE(ADDR_RD_13B07); 
....................       GIAY_DS13      =  I2C_READ(0);               
....................       I2C_STOP(); 
.................... }   
....................          
....................   
.................... void HIEN_THI_THOI_GIAN_DS13B07 ( ) 
.................... {     LCD_COMMAND (0x8C);    
*
04F2:  MOVLW  8C
04F4:  MOVWF  28
04F6:  RCALL  00D8
....................       LCD_DATA(GIO_DS13/16  +0X30);    LCD_DATA(GIO_DS13%16  +0X30); 
04F8:  SWAPF  1F,W
04FA:  MOVWF  00
04FC:  MOVLW  0F
04FE:  ANDWF  00,F
0500:  MOVF   00,W
0502:  ADDLW  30
0504:  MOVWF  28
0506:  MOVWF  2A
0508:  RCALL  0370
050A:  MOVF   1F,W
050C:  ANDLW  0F
050E:  ADDLW  30
0510:  MOVWF  28
0512:  MOVWF  2A
0514:  RCALL  0370
....................       LCD_DATA(' '); 
0516:  MOVLW  20
0518:  MOVWF  2A
051A:  RCALL  0370
....................       LCD_DATA(PHUT_DS13/16 +0X30);    LCD_DATA(PHUT_DS13%16 +0X30); 
051C:  SWAPF  20,W
051E:  MOVWF  00
0520:  MOVLW  0F
0522:  ANDWF  00,F
0524:  MOVF   00,W
0526:  ADDLW  30
0528:  MOVWF  28
052A:  MOVWF  2A
052C:  RCALL  0370
052E:  MOVF   20,W
0530:  ANDLW  0F
0532:  ADDLW  30
0534:  MOVWF  28
0536:  MOVWF  2A
0538:  RCALL  0370
....................       LCD_DATA(' '); 
053A:  MOVLW  20
053C:  MOVWF  2A
053E:  RCALL  0370
....................       LCD_DATA(GIAY_DS13/16 +0X30);    LCD_DATA(GIAY_DS13%16 +0X30); 
0540:  SWAPF  21,W
0542:  MOVWF  00
0544:  MOVLW  0F
0546:  ANDWF  00,F
0548:  MOVF   00,W
054A:  ADDLW  30
054C:  MOVWF  28
054E:  MOVWF  2A
0550:  RCALL  0370
0552:  MOVF   21,W
0554:  ANDLW  0F
0556:  ADDLW  30
0558:  MOVWF  28
055A:  MOVWF  2A
055C:  RCALL  0370
....................       LCD_COMMAND (0xCC);   
055E:  MOVLW  CC
0560:  MOVWF  28
0562:  RCALL  00D8
....................       LCD_DATA(NGAY_DS13/16 +0X30);    LCD_DATA(NGAY_DS13%16 +0X30); 
0564:  SWAPF  1D,W
0566:  MOVWF  00
0568:  MOVLW  0F
056A:  ANDWF  00,F
056C:  MOVF   00,W
056E:  ADDLW  30
0570:  MOVWF  28
0572:  MOVWF  2A
0574:  RCALL  0370
0576:  MOVF   1D,W
0578:  ANDLW  0F
057A:  ADDLW  30
057C:  MOVWF  28
057E:  MOVWF  2A
0580:  RCALL  0370
....................       LCD_DATA(' '); 
0582:  MOVLW  20
0584:  MOVWF  2A
0586:  RCALL  0370
....................       LCD_DATA(THANG_DS13/16 +0X30);   LCD_DATA(THANG_DS13%16 +0X30); 
0588:  SWAPF  1C,W
058A:  MOVWF  00
058C:  MOVLW  0F
058E:  ANDWF  00,F
0590:  MOVF   00,W
0592:  ADDLW  30
0594:  MOVWF  28
0596:  MOVWF  2A
0598:  RCALL  0370
059A:  MOVF   1C,W
059C:  ANDLW  0F
059E:  ADDLW  30
05A0:  MOVWF  28
05A2:  MOVWF  2A
05A4:  RCALL  0370
....................       LCD_DATA(' '); 
05A6:  MOVLW  20
05A8:  MOVWF  2A
05AA:  RCALL  0370
....................       LCD_DATA(NAM_DS13/16 +0X30);     LCD_DATA(NAM_DS13%16 +0X30);  
05AC:  SWAPF  1B,W
05AE:  MOVWF  00
05B0:  MOVLW  0F
05B2:  ANDWF  00,F
05B4:  MOVF   00,W
05B6:  ADDLW  30
05B8:  MOVWF  28
05BA:  MOVWF  2A
05BC:  RCALL  0370
05BE:  MOVF   1B,W
05C0:  ANDLW  0F
05C2:  ADDLW  30
05C4:  MOVWF  28
05C6:  MOVWF  2A
05C8:  RCALL  0370
05CA:  GOTO   05D2 (RETURN)
.................... } 
....................  
.................... //!void HT_DS1307 ( ) 
.................... //!{      
.................... //!    LCD_COMMAND (0x8C);    
.................... //!      LCD_DATA(GIO_DS13/16  +0X30);    LCD_DATA(GIO_DS13%16  +0X30); 
.................... //!      LCD_DATA(' '); 
.................... //!      LCD_DATA(PHUT_DS13/16 +0X30);    LCD_DATA(PHUT_DS13%16 +0X30); 
.................... //!      LCD_DATA(' '); 
.................... //!      LCD_DATA(GIAY_DS13/16 +0X30);    LCD_DATA(GIAY_DS13%16 +0X30); 
.................... //!      LCD_COMMAND (0xC6); 
.................... //!      LCD_DATA("THU "); 
.................... //!      LCD_DATA(THU_DS13 +0X30);  
.................... //!      LCD_COMMAND (0xCC);   
.................... //!      LCD_DATA(NGAY_DS13/16 +0X30);    LCD_DATA(NGAY_DS13%16 +0X30); 
.................... //!      LCD_DATA(' '); 
.................... //!      LCD_DATA(THANG_DS13/16 +0X30);   LCD_DATA(THANG_DS13%16 +0X30); 
.................... //!      LCD_DATA(' '); 
.................... //!      LCD_DATA(NAM_DS13/16 +0X30);     LCD_DATA(NAM_DS13%16 +0X30);  
.................... //!} 
.................... //! 
.................... //!VOID HIEN_THI_GIA_TRI_MOD() 
.................... //!{ 
.................... //!   LCD_COMMAND(0X8A); 
.................... //!   LCD_DATA(GIATRI_MOD + 0X30); 
.................... //!} 
....................  
.................... // VI TRI 
.................... //!NAM_DS13==0XD2 
.................... //!THANG_DS13==0XCF 
.................... //!NGAY_DS13==0XCC 
.................... //!GIO_DS13==0X8C 
.................... //!PHUT_DS13==0X8F 
.................... //!GIAY_DS13==0X92 
....................  
....................  
.................... // VI TRI 
.................... //!NAM_DS13==0XD2 
.................... //!THANG_DS13==0XCF 
.................... //!NGAY_DS13==0XCC 
.................... //!GIO_DS13==0X8C 
.................... //!PHUT_DS13==0X8F 
.................... //!GIAY_DS13==0X92 
....................  
.................... UNSIGNED INT16 K; 
.................... UNSIGNED CHAR GIATRI_MOD; 
....................  
.................... void HT_DS1307 ( ) 
.................... {      
....................     LCD_COMMAND (0x8C);    
*
03BA:  MOVLW  8C
03BC:  MOVWF  28
03BE:  RCALL  00D8
....................       LCD_DATA(GIO_DS13/16  +0X30);    LCD_DATA(GIO_DS13%16  +0X30); 
03C0:  SWAPF  1F,W
03C2:  MOVWF  00
03C4:  MOVLW  0F
03C6:  ANDWF  00,F
03C8:  MOVF   00,W
03CA:  ADDLW  30
03CC:  MOVWF  28
03CE:  MOVWF  2A
03D0:  RCALL  0370
03D2:  MOVF   1F,W
03D4:  ANDLW  0F
03D6:  ADDLW  30
03D8:  MOVWF  28
03DA:  MOVWF  2A
03DC:  RCALL  0370
....................       LCD_DATA(' '); 
03DE:  MOVLW  20
03E0:  MOVWF  2A
03E2:  RCALL  0370
....................       LCD_DATA(PHUT_DS13/16 +0X30);    LCD_DATA(PHUT_DS13%16 +0X30); 
03E4:  SWAPF  20,W
03E6:  MOVWF  00
03E8:  MOVLW  0F
03EA:  ANDWF  00,F
03EC:  MOVF   00,W
03EE:  ADDLW  30
03F0:  MOVWF  28
03F2:  MOVWF  2A
03F4:  RCALL  0370
03F6:  MOVF   20,W
03F8:  ANDLW  0F
03FA:  ADDLW  30
03FC:  MOVWF  28
03FE:  MOVWF  2A
0400:  RCALL  0370
....................       LCD_DATA(' '); 
0402:  MOVLW  20
0404:  MOVWF  2A
0406:  RCALL  0370
....................       LCD_DATA(GIAY_DS13/16 +0X30);    LCD_DATA(GIAY_DS13%16 +0X30); 
0408:  SWAPF  21,W
040A:  MOVWF  00
040C:  MOVLW  0F
040E:  ANDWF  00,F
0410:  MOVF   00,W
0412:  ADDLW  30
0414:  MOVWF  28
0416:  MOVWF  2A
0418:  RCALL  0370
041A:  MOVF   21,W
041C:  ANDLW  0F
041E:  ADDLW  30
0420:  MOVWF  28
0422:  MOVWF  2A
0424:  RCALL  0370
....................       LCD_COMMAND (0xC6); 
0426:  MOVLW  C6
0428:  MOVWF  28
042A:  RCALL  00D8
....................       LCD_DATA("THU "); 
042C:  MOVLW  04
042E:  MOVWF  FF6
0430:  MOVLW  00
0432:  MOVWF  FF7
0434:  BRA    0398
....................       LCD_DATA(THU_DS13 +0X30);  
0436:  MOVLW  30
0438:  ADDWF  1E,W
043A:  MOVWF  28
043C:  MOVWF  2A
043E:  RCALL  0370
....................       LCD_COMMAND (0xCC);   
0440:  MOVLW  CC
0442:  MOVWF  28
0444:  RCALL  00D8
....................       LCD_DATA(NGAY_DS13/16 +0X30);    LCD_DATA(NGAY_DS13%16 +0X30); 
0446:  SWAPF  1D,W
0448:  MOVWF  00
044A:  MOVLW  0F
044C:  ANDWF  00,F
044E:  MOVF   00,W
0450:  ADDLW  30
0452:  MOVWF  28
0454:  MOVWF  2A
0456:  RCALL  0370
0458:  MOVF   1D,W
045A:  ANDLW  0F
045C:  ADDLW  30
045E:  MOVWF  28
0460:  MOVWF  2A
0462:  RCALL  0370
....................       LCD_DATA(' '); 
0464:  MOVLW  20
0466:  MOVWF  2A
0468:  RCALL  0370
....................       LCD_DATA(THANG_DS13/16 +0X30);   LCD_DATA(THANG_DS13%16 +0X30); 
046A:  SWAPF  1C,W
046C:  MOVWF  00
046E:  MOVLW  0F
0470:  ANDWF  00,F
0472:  MOVF   00,W
0474:  ADDLW  30
0476:  MOVWF  28
0478:  MOVWF  2A
047A:  RCALL  0370
047C:  MOVF   1C,W
047E:  ANDLW  0F
0480:  ADDLW  30
0482:  MOVWF  28
0484:  MOVWF  2A
0486:  RCALL  0370
....................       LCD_DATA(' '); 
0488:  MOVLW  20
048A:  MOVWF  2A
048C:  RCALL  0370
....................       LCD_DATA(NAM_DS13/16 +0X30);     LCD_DATA(NAM_DS13%16 +0X30);  
048E:  SWAPF  1B,W
0490:  MOVWF  00
0492:  MOVLW  0F
0494:  ANDWF  00,F
0496:  MOVF   00,W
0498:  ADDLW  30
049A:  MOVWF  28
049C:  MOVWF  2A
049E:  RCALL  0370
04A0:  MOVF   1B,W
04A2:  ANDLW  0F
04A4:  ADDLW  30
04A6:  MOVWF  28
04A8:  MOVWF  2A
04AA:  RCALL  0370
04AC:  GOTO   084E (RETURN)
.................... } 
....................  
.................... VOID HIEN_THI_GIA_TRI_MOD() 
.................... { 
....................    LCD_COMMAND(0X8A); 
*
0386:  MOVLW  8A
0388:  MOVWF  28
038A:  RCALL  00D8
....................    LCD_DATA(GIATRI_MOD + 0X30); 
038C:  MOVLW  30
038E:  ADDWF  27,W
0390:  MOVWF  28
0392:  MOVWF  2A
0394:  RCALL  0370
0396:  RETURN 0
.................... } 
....................  
.................... VOID PHIM_MOD() 
.................... { 
....................    IF (!INPUT(MOD)) 
*
04B0:  BSF    F93.2
04B2:  BTFSC  F81.2
04B4:  BRA    04D6
....................    { 
....................       DELAY_MS(20); 
04B6:  MOVLW  14
04B8:  MOVWF  28
04BA:  RCALL  00EE
....................       { 
....................          IF(!INPUT(MOD)) 
04BC:  BSF    F93.2
04BE:  BTFSC  F81.2
04C0:  BRA    04D6
....................          { 
....................             IF(GIATRI_MOD<6)  GIATRI_MOD++; 
04C2:  MOVF   27,W
04C4:  SUBLW  05
04C6:  BNC   04CC
04C8:  INCF   27,F
04CA:  BRA    04CE
....................             ELSE              GIATRI_MOD=0; 
04CC:  CLRF   27
....................             HIEN_THI_GIA_TRI_MOD(); 
04CE:  RCALL  0386
....................             DO{} 
....................             WHILE (!INPUT(MOD)); 
04D0:  BSF    F93.2
04D2:  BTFSS  F81.2
04D4:  BRA    04D0
....................          } 
....................       } 
....................    } 
04D6:  GOTO   0862 (RETURN)
.................... } 
....................  
.................... UNSIGNED INT8 HIEU_CHINH_SO_BCD_TANG(UNSIGNED INT8 X) 
.................... { 
....................    UNSIGNED INT8 Y; 
....................    Y = X; 
04DA:  MOVFF  28,29
....................    X = X & 0X0F; 
04DE:  MOVLW  0F
04E0:  ANDWF  28,F
....................    IF (X==0X0A)  Y = Y + 6; 
04E2:  MOVF   28,W
04E4:  SUBLW  0A
04E6:  BNZ   04EC
04E8:  MOVLW  06
04EA:  ADDWF  29,F
....................    RETURN (Y); 
04EC:  MOVFF  29,01
04F0:  RETURN 0
.................... } 
....................  
.................... UNSIGNED INT8 HIEU_CHINH_SO_BCD_GIAM(UNSIGNED INT8 X) 
.................... { 
....................    UNSIGNED INT8 Y; 
....................    Y = X; 
*
06AE:  MOVFF  28,29
....................    X = X & 0X0F; 
06B2:  MOVLW  0F
06B4:  ANDWF  28,F
....................    IF (X==0X0F)  Y = Y - 6; 
06B6:  MOVF   28,W
06B8:  SUBLW  0F
06BA:  BNZ   06C0
06BC:  MOVLW  06
06BE:  SUBWF  29,F
....................    RETURN (Y); 
06C0:  MOVFF  29,01
06C4:  RETURN 0
.................... } 
....................  
.................... VOID LUU_GIAI_MA_HIEN_THI_SAU_KHI_CHINH() 
.................... { 
....................    NAP_THOI_GIAN_HTAI_VAO_DS13B07(); 
*
05CE:  RCALL  02EA
....................    HIEN_THI_THOI_GIAN_DS13B07(); 
05D0:  BRA    04F2
05D2:  RETURN 0
.................... } 
....................  
.................... VOID PHIM_UP() 
.................... { 
....................    IF(!INPUT(UP)) 
05D4:  BSF    F93.5
05D6:  BTFSC  F81.5
05D8:  BRA    06AA
....................    { 
....................       DELAY_MS(20); 
05DA:  MOVLW  14
05DC:  MOVWF  28
05DE:  RCALL  00EE
....................       IF(!INPUT(UP)) 
05E0:  BSF    F93.5
05E2:  BTFSC  F81.5
05E4:  BRA    06AA
....................       { 
....................          LCD_COMMAND(0X0F); 
05E6:  MOVLW  0F
05E8:  MOVWF  28
05EA:  RCALL  00D8
....................          SWITCH (GIATRI_MOD) 
05EC:  MOVF   27,W
05EE:  XORLW  01
05F0:  BZ    0608
05F2:  XORLW  03
05F4:  BZ    0622
05F6:  XORLW  01
05F8:  BZ    063C
05FA:  XORLW  07
05FC:  BZ    0656
05FE:  XORLW  01
0600:  BZ    0670
0602:  XORLW  03
0604:  BZ    068A
0606:  BRA    06A4
....................          { 
....................             CASE 1: IF (GIAY_DS13==0X59)  GIAY_DS13=0; 
0608:  MOVF   21,W
060A:  SUBLW  59
060C:  BNZ   0612
060E:  CLRF   21
0610:  BRA    061E
....................                     ELSE  
....................                     { 
....................                         GIAY_DS13++; 
0612:  INCF   21,F
....................                         GIAY_DS13=HIEU_CHINH_SO_BCD_TANG(GIAY_DS13); 
0614:  MOVFF  21,28
0618:  RCALL  04DA
061A:  MOVFF  01,21
....................                     } 
....................                     LUU_GIAI_MA_HIEN_THI_SAU_KHI_CHINH(); 
061E:  RCALL  05CE
....................                     BREAK; 
0620:  BRA    06A4
....................              
....................             CASE 2: IF (PHUT_DS13==0X59)  PHUT_DS13=0; 
0622:  MOVF   20,W
0624:  SUBLW  59
0626:  BNZ   062C
0628:  CLRF   20
062A:  BRA    0638
....................                     ELSE  
....................                     { 
....................                     PHUT_DS13++; 
062C:  INCF   20,F
....................                     PHUT_DS13=HIEU_CHINH_SO_BCD_TANG(PHUT_DS13); 
062E:  MOVFF  20,28
0632:  RCALL  04DA
0634:  MOVFF  01,20
....................                     } 
....................                     LUU_GIAI_MA_HIEN_THI_SAU_KHI_CHINH(); 
0638:  RCALL  05CE
....................                     BREAK; 
063A:  BRA    06A4
....................                      
....................             CASE 3: IF (GIO_DS13==0X23)  GIO_DS13=0; 
063C:  MOVF   1F,W
063E:  SUBLW  23
0640:  BNZ   0646
0642:  CLRF   1F
0644:  BRA    0652
....................                     ELSE  
....................                     { 
....................                     GIO_DS13++; 
0646:  INCF   1F,F
....................                     GIO_DS13=HIEU_CHINH_SO_BCD_TANG(GIO_DS13); 
0648:  MOVFF  1F,28
064C:  RCALL  04DA
064E:  MOVFF  01,1F
....................                     } 
....................                     LUU_GIAI_MA_HIEN_THI_SAU_KHI_CHINH(); 
0652:  RCALL  05CE
....................                     BREAK; 
0654:  BRA    06A4
....................                      
....................             CASE 4: IF (NGAY_DS13==0X31)  NGAY_DS13=0; 
0656:  MOVF   1D,W
0658:  SUBLW  31
065A:  BNZ   0660
065C:  CLRF   1D
065E:  BRA    066C
....................                     ELSE  
....................                     { 
....................                     NGAY_DS13++; 
0660:  INCF   1D,F
....................                     NGAY_DS13=HIEU_CHINH_SO_BCD_TANG(NGAY_DS13); 
0662:  MOVFF  1D,28
0666:  RCALL  04DA
0668:  MOVFF  01,1D
....................                     } 
....................                     LUU_GIAI_MA_HIEN_THI_SAU_KHI_CHINH(); 
066C:  RCALL  05CE
....................                     BREAK;       
066E:  BRA    06A4
....................                      
....................             CASE 5: IF (THANG_DS13==0X12)  THANG_DS13=0; 
0670:  MOVF   1C,W
0672:  SUBLW  12
0674:  BNZ   067A
0676:  CLRF   1C
0678:  BRA    0686
....................                     ELSE  
....................                     { 
....................                     THANG_DS13++; 
067A:  INCF   1C,F
....................                     THANG_DS13=HIEU_CHINH_SO_BCD_TANG(THANG_DS13); 
067C:  MOVFF  1C,28
0680:  RCALL  04DA
0682:  MOVFF  01,1C
....................                     } 
....................                     LUU_GIAI_MA_HIEN_THI_SAU_KHI_CHINH(); 
0686:  RCALL  05CE
....................                     BREAK; 
0688:  BRA    06A4
....................              
....................             CASE 6: IF (NAM_DS13==0X99)  NAM_DS13=0; 
068A:  MOVF   1B,W
068C:  SUBLW  99
068E:  BNZ   0694
0690:  CLRF   1B
0692:  BRA    06A0
....................                     ELSE  
....................                     { 
....................                     NAM_DS13++; 
0694:  INCF   1B,F
....................                     NAM_DS13=HIEU_CHINH_SO_BCD_TANG(NAM_DS13); 
0696:  MOVFF  1B,28
069A:  RCALL  04DA
069C:  MOVFF  01,1B
....................                     } 
....................                     LUU_GIAI_MA_HIEN_THI_SAU_KHI_CHINH(); 
06A0:  RCALL  05CE
....................                     BREAK; 
06A2:  BRA    06A4
....................             DEFAULT:BREAK; 
....................          } 
....................          DO{} 
....................          WHILE(!INPUT(UP)); 
06A4:  BSF    F93.5
06A6:  BTFSS  F81.5
06A8:  BRA    06A4
....................       } 
....................    } 
06AA:  GOTO   0864 (RETURN)
.................... } 
....................  
.................... VOID PHIM_DW() 
.................... { 
....................    IF(!INPUT(DW)) 
*
06C6:  BSF    F93.4
06C8:  BTFSC  F81.4
06CA:  BRA    079C
....................    { 
....................       DELAY_MS(20); 
06CC:  MOVLW  14
06CE:  MOVWF  28
06D0:  RCALL  00EE
....................       IF(!INPUT(DW)) 
06D2:  BSF    F93.4
06D4:  BTFSC  F81.4
06D6:  BRA    079C
....................       { 
....................          LCD_COMMAND(0X0F); 
06D8:  MOVLW  0F
06DA:  MOVWF  28
06DC:  RCALL  00D8
....................          SWITCH (GIATRI_MOD) 
06DE:  MOVF   27,W
06E0:  XORLW  01
06E2:  BZ    06FA
06E4:  XORLW  03
06E6:  BZ    0714
06E8:  XORLW  01
06EA:  BZ    072E
06EC:  XORLW  07
06EE:  BZ    0748
06F0:  XORLW  01
06F2:  BZ    0762
06F4:  XORLW  03
06F6:  BZ    077C
06F8:  BRA    0796
....................          { 
....................             CASE 1: IF (GIAY_DS13==0)  GIAY_DS13=0X59; 
06FA:  MOVF   21,F
06FC:  BNZ   0704
06FE:  MOVLW  59
0700:  MOVWF  21
0702:  BRA    0710
....................                     ELSE  
....................                     { 
....................                         GIAY_DS13--; 
0704:  DECF   21,F
....................                         PHUT_DS13=HIEU_CHINH_SO_BCD_GIAM(GIAY_DS13); 
0706:  MOVFF  21,28
070A:  RCALL  06AE
070C:  MOVFF  01,20
....................                     } 
....................                     LUU_GIAI_MA_HIEN_THI_SAU_KHI_CHINH(); 
0710:  RCALL  05CE
....................                     BREAK; 
0712:  BRA    0796
....................              
....................             CASE 2: IF (PHUT_DS13==0)  PHUT_DS13=0X59; 
0714:  MOVF   20,F
0716:  BNZ   071E
0718:  MOVLW  59
071A:  MOVWF  20
071C:  BRA    072A
....................                     ELSE  
....................                     { 
....................                     PHUT_DS13--; 
071E:  DECF   20,F
....................                     PHUT_DS13=HIEU_CHINH_SO_BCD_GIAM(PHUT_DS13); 
0720:  MOVFF  20,28
0724:  RCALL  06AE
0726:  MOVFF  01,20
....................                     } 
....................                     LUU_GIAI_MA_HIEN_THI_SAU_KHI_CHINH(); 
072A:  RCALL  05CE
....................                     BREAK; 
072C:  BRA    0796
....................                      
....................             CASE 3: IF (GIO_DS13==0)  GIO_DS13=0X23; 
072E:  MOVF   1F,F
0730:  BNZ   0738
0732:  MOVLW  23
0734:  MOVWF  1F
0736:  BRA    0744
....................                     ELSE  
....................                     { 
....................                     GIO_DS13--; 
0738:  DECF   1F,F
....................                     GIO_DS13=HIEU_CHINH_SO_BCD_GIAM(GIO_DS13); 
073A:  MOVFF  1F,28
073E:  RCALL  06AE
0740:  MOVFF  01,1F
....................                     } 
....................                     LUU_GIAI_MA_HIEN_THI_SAU_KHI_CHINH(); 
0744:  RCALL  05CE
....................                     BREAK; 
0746:  BRA    0796
....................                      
....................             CASE 4: IF (NGAY_DS13==0)  GIO_DS13=0X31; 
0748:  MOVF   1D,F
074A:  BNZ   0752
074C:  MOVLW  31
074E:  MOVWF  1F
0750:  BRA    075E
....................                     ELSE  
....................                     { 
....................                     NGAY_DS13--; 
0752:  DECF   1D,F
....................                     NGAY_DS13=HIEU_CHINH_SO_BCD_GIAM(NGAY_DS13); 
0754:  MOVFF  1D,28
0758:  RCALL  06AE
075A:  MOVFF  01,1D
....................                     } 
....................                     LUU_GIAI_MA_HIEN_THI_SAU_KHI_CHINH(); 
075E:  RCALL  05CE
....................                     BREAK;       
0760:  BRA    0796
....................                      
....................             CASE 5: IF (THANG_DS13==0)  GIO_DS13=0X12; 
0762:  MOVF   1C,F
0764:  BNZ   076C
0766:  MOVLW  12
0768:  MOVWF  1F
076A:  BRA    0778
....................                     ELSE  
....................                     { 
....................                     THANG_DS13--; 
076C:  DECF   1C,F
....................                     THANG_DS13=HIEU_CHINH_SO_BCD_GIAM(THANG_DS13); 
076E:  MOVFF  1C,28
0772:  RCALL  06AE
0774:  MOVFF  01,1C
....................                     } 
....................                     LUU_GIAI_MA_HIEN_THI_SAU_KHI_CHINH(); 
0778:  RCALL  05CE
....................                     BREAK; 
077A:  BRA    0796
....................              
....................             CASE 6: IF (NAM_DS13==0)  GIO_DS13=0X99; 
077C:  MOVF   1B,F
077E:  BNZ   0786
0780:  MOVLW  99
0782:  MOVWF  1F
0784:  BRA    0792
....................                     ELSE  
....................                     { 
....................                     NAM_DS13--; 
0786:  DECF   1B,F
....................                     NAM_DS13=HIEU_CHINH_SO_BCD_GIAM(NAM_DS13); 
0788:  MOVFF  1B,28
078C:  RCALL  06AE
078E:  MOVFF  01,1B
....................                     } 
....................                     LUU_GIAI_MA_HIEN_THI_SAU_KHI_CHINH(); 
0792:  RCALL  05CE
....................                     BREAK; 
0794:  BRA    0796
....................             DEFAULT:BREAK; 
....................          } 
....................          DO{} 
....................          WHILE(!INPUT(DW)); 
0796:  BSF    F93.4
0798:  BTFSS  F81.4
079A:  BRA    0796
....................       } 
....................    } 
079C:  GOTO   0866 (RETURN)
.................... } 
....................  
.................... VOID NHAP_NHAY_CON_TRO() 
.................... { 
....................    SWITCH (GIATRI_MOD) 
07A0:  MOVF   27,W
07A2:  XORLW  01
07A4:  BZ    07BC
07A6:  XORLW  03
07A8:  BZ    07C4
07AA:  XORLW  01
07AC:  BZ    07CC
07AE:  XORLW  07
07B0:  BZ    07D4
07B2:  XORLW  01
07B4:  BZ    07DC
07B6:  XORLW  03
07B8:  BZ    07E4
07BA:  BRA    07EC
....................    { 
....................       CASE 1: LCD_COMMAND(0X93); // GIAY 
07BC:  MOVLW  93
07BE:  MOVWF  28
07C0:  RCALL  00D8
....................               BREAK; 
07C2:  BRA    07EC
....................       CASE 2: LCD_COMMAND(0X90);// PHUT 
07C4:  MOVLW  90
07C6:  MOVWF  28
07C8:  RCALL  00D8
....................               BREAK; 
07CA:  BRA    07EC
....................       CASE 3: LCD_COMMAND(0X8D);// GIO 
07CC:  MOVLW  8D
07CE:  MOVWF  28
07D0:  RCALL  00D8
....................               BREAK; 
07D2:  BRA    07EC
....................       CASE 4: LCD_COMMAND(0XCD);// NGAY 
07D4:  MOVLW  CD
07D6:  MOVWF  28
07D8:  RCALL  00D8
....................               BREAK; 
07DA:  BRA    07EC
....................       CASE 5: LCD_COMMAND(0XD0);// THANG 
07DC:  MOVLW  D0
07DE:  MOVWF  28
07E0:  RCALL  00D8
....................               BREAK; 
07E2:  BRA    07EC
....................       CASE 6: LCD_COMMAND(0XD3);// NAM 
07E4:  MOVLW  D3
07E6:  MOVWF  28
07E8:  RCALL  00D8
....................               BREAK; 
07EA:  BRA    07EC
....................       DEFAULT:BREAK; 
....................    } 
07EC:  GOTO   087A (RETURN)
.................... } 
....................  
.................... VOID MAIN() 
07F0:  CLRF   FF8
07F2:  BCF    FD0.7
07F4:  CLRF   06
07F6:  CLRF   0D
07F8:  CLRF   0E
07FA:  CLRF   0F
07FC:  CLRF   10
07FE:  CLRF   19
0800:  MOVF   FC1,W
0802:  ANDLW  C0
0804:  IORLW  0F
0806:  MOVWF  FC1
0808:  MOVLW  07
080A:  MOVWF  FB4
080C:  SETF   11
080E:  SETF   12
0810:  SETF   13
0812:  SETF   14
0814:  SETF   15
0816:  SETF   16
0818:  SETF   17
081A:  SETF   18
.................... { 
....................    SET_UP_PORT_IC_CHOT(); 
081C:  GOTO   000A
....................    SETUP_LCD(); 
0820:  BRA    0114
....................  
....................    LCD_COMMAND(LCD_ADDR_LINE1); 
0822:  MOVLW  80
0824:  MOVWF  28
0826:  RCALL  00D8
....................    DOC_THOI_GIAN_TU_REALTIME(); 
0828:  RCALL  01EC
....................    IF (MA_DS13!=MA_DS) 
082A:  MOVF   22,W
082C:  SUBLW  91
082E:  BZ    0834
....................    { 
....................       THIET_LAP_THOI_GIAN_HIEN_TAI(); 
0830:  BRA    02C2
....................       NAP_THOI_GIAN_HTAI_VAO_DS13B07(); 
0832:  RCALL  02EA
....................    } 
....................    GIATRI_MOD=0; 
0834:  CLRF   27
....................    HIEN_THI_GIA_TRI_MOD(); 
0836:  RCALL  0386
....................    DOC_THOI_GIAN_TU_REALTIME(); 
0838:  RCALL  01EC
....................    GIAYTAM=GIAY_DS13; 
083A:  MOVFF  21,24
....................     
....................    WHILE(TRUE) 
....................    { 
....................  
....................       DOC_THOI_GIAN_TU_REALTIME(); 
083E:  RCALL  01EC
....................       IF(GIAYTAM!=GIAY_DS13) 
0840:  MOVF   21,W
0842:  SUBWF  24,W
0844:  BZ    084E
....................       { 
....................          GIAYTAM=GIAY_DS13; 
0846:  MOVFF  21,24
....................          HIEN_THI_GIA_TRI_MOD(); 
084A:  RCALL  0386
....................          HT_DS1307(); 
084C:  BRA    03BA
....................       } 
....................       FOR (K=0; K<10000;K++) 
084E:  CLRF   26
0850:  CLRF   25
0852:  MOVF   26,W
0854:  SUBLW  27
0856:  BNC   086E
0858:  BNZ   0860
085A:  MOVF   25,W
085C:  SUBLW  0F
085E:  BNC   086E
....................       { 
....................          PHIM_MOD(); PHIM_UP(); PHIM_DW(); 
0860:  BRA    04B0
0862:  BRA    05D4
0864:  BRA    06C6
0866:  INCF   25,F
0868:  BTFSC  FD8.2
086A:  INCF   26,F
086C:  BRA    0852
....................       } 
....................       IF(GIATRI_MOD!=0)  
086E:  MOVF   27,F
0870:  BZ    087C
....................       { 
....................          lcd_command(0x0f); 
0872:  MOVLW  0F
0874:  MOVWF  28
0876:  RCALL  00D8
....................          NHAP_NHAY_CON_TRO(); 
0878:  BRA    07A0
....................       } 
087A:  BRA    0882
....................       else lcd_command(0x0c); 
087C:  MOVLW  0C
087E:  MOVWF  28
0880:  RCALL  00D8
0882:  BRA    083E
....................    } 
.................... } 
0884:  SLEEP 

Configuration Fuses:
   Word  1: CC27   PLL12 CPUDIV1 USBDIV HS FCMEN IESO
   Word  2: 1E3E   PUT BROWNOUT BORV21 VREGEN NOWDT WDT32768
   Word  3: 8700   CCP2C1 PBADEN LPT1OSC MCLR
   Word  4: 00A1   STVREN NOLVP ICSP2 NOXINST NODEBUG
   Word  5: C00F   NOPROTECT NOCPB NOCPD
   Word  6: E00F   NOWRT NOWRTC NOWRTB NOWRTD
   Word  7: 400F   NOEBTR NOEBTRB
