CCS PCH C Compiler, Version 5.015, 5967               22-Jun-20 14:52

               Filename:   C:\Users\tsqua\OneDrive - student.mtsac.edu\Desktop\BAI_TAP_VXL_NEW_3\BAI_654_GLTD_LCD_4LED_DEM_SP_TO.lst

               ROM used:   1736 bytes (5%)
                           Largest free fragment is 31032
               RAM used:   1065 (52%) at main() level
                           1075 (52%) worst case
               Stack used: 7 locations
               Stack size: 31

*
0000:  GOTO   05FA
....................  
....................  
.................... #INCLUDE <TV_PICKIT2_SHIFT_1.C> 
.................... #INCLUDE    <18F4550.H> 
.................... //////////// Standard Header file for the PIC18F4550 device //////////////// 
.................... /////////////////////////////////////////////////////////////////////////// 
.................... ////        (C) Copyright 1996, 2013 Custom Computer Services          //// 
.................... //// This source code may only be used by licensed users of the CCS C  //// 
.................... //// compiler.  This source code may only be distributed to other      //// 
.................... //// licensed users of the CCS C compiler.  No other use, reproduction //// 
.................... //// or distribution is permitted without written permission.          //// 
.................... //// Derivative programs created using this software in object code    //// 
.................... //// form are not restricted in any way.                               //// 
.................... /////////////////////////////////////////////////////////////////////////// 
.................... #device PIC18F4550 
0004:  CLRF   FF7
0006:  ADDLW  14
0008:  MOVWF  FF6
000A:  MOVLW  00
000C:  ADDWFC FF7,F
000E:  TBLRD*+
0010:  MOVF   FF5,W
0012:  RETURN 0
0014:  DATA C0,F9
0016:  DATA A4,B0
0018:  DATA 99,92
001A:  DATA 82,F8
001C:  DATA 80,90
001E:  DATA 88,83
0020:  DATA C6,A1
0022:  DATA 86,8E
0024:  CLRF   FF7
0026:  ADDLW  34
0028:  MOVWF  FF6
002A:  MOVLW  00
002C:  ADDWFC FF7,F
002E:  TBLRD*+
0030:  MOVF   FF5,W
0032:  RETURN 0
0034:  DATA 80,C0
0036:  DATA 94,D4
0038:  DATA 44,45
003A:  DATA 4D,20
003C:  DATA 53,41
003E:  DATA 4E,20
0040:  DATA 50,48
0042:  DATA 41,4D
0044:  DATA 3A,00
0046:  DATA 44,45
0048:  DATA 4D,20
004A:  DATA 53,41
004C:  DATA 4E,20
004E:  DATA 50,48
0050:  DATA 41,4D
0052:  DATA 3A,00
*
028A:  TBLRD*+
028C:  MOVF   FF5,F
028E:  BZ    02A8
0290:  MOVFF  FF6,429
0294:  MOVFF  FF7,42A
0298:  MOVFF  FF5,42B
029C:  RCALL  0274
029E:  MOVFF  429,FF6
02A2:  MOVFF  42A,FF7
02A6:  BRA    028A
02A8:  GOTO   0648 (RETURN)
*
02B6:  TBLRD*+
02B8:  MOVF   FF5,F
02BA:  BZ    02D4
02BC:  MOVFF  FF6,429
02C0:  MOVFF  FF7,42A
02C4:  MOVFF  FF5,42B
02C8:  RCALL  02AC
02CA:  MOVFF  429,FF6
02CE:  MOVFF  42A,FF7
02D2:  BRA    02B6
02D4:  GOTO   065C (RETURN)
02D8:  CLRF   01
02DA:  CLRF   02
02DC:  CLRF   00
02DE:  CLRF   03
02E0:  MOVLB  4
02E2:  MOVF   x30,W
02E4:  BNZ   02EA
02E6:  MOVF   x2F,W
02E8:  BZ    031A
02EA:  MOVLW  10
02EC:  MOVWF  x31
02EE:  BCF    FD8.0
02F0:  RLCF   x2D,F
02F2:  RLCF   x2E,F
02F4:  RLCF   00,F
02F6:  RLCF   03,F
02F8:  MOVF   x30,W
02FA:  SUBWF  03,W
02FC:  BNZ   0302
02FE:  MOVF   x2F,W
0300:  SUBWF  00,W
0302:  BNC   0312
0304:  MOVF   x2F,W
0306:  SUBWF  00,F
0308:  BTFSS  FD8.0
030A:  DECF   03,F
030C:  MOVF   x30,W
030E:  SUBWF  03,F
0310:  BSF    FD8.0
0312:  RLCF   01,F
0314:  RLCF   02,F
0316:  DECFSZ x31,F
0318:  BRA    02EE
031A:  MOVLB  0
031C:  RETURN 0
....................  
.................... #list 
....................  
.................... #DEVICE     ADC=10 
.................... #FUSES      NOWDT,PUT,HS,NOPROTECT,NOLVP,CPUDIV1 
.................... #USE        I2C(MASTER,SLOW,SDA=PIN_B0,SCL=PIN_B1) 
.................... #USE        DELAY(CLOCK=20000000) 
*
013C:  MOVLW  04
013E:  MOVWF  FEA
0140:  MOVLW  2A
0142:  MOVWF  FE9
0144:  MOVF   FEF,W
0146:  BZ    0162
0148:  MOVLW  06
014A:  MOVWF  01
014C:  CLRF   00
014E:  DECFSZ 00,F
0150:  BRA    014E
0152:  DECFSZ 01,F
0154:  BRA    014C
0156:  MOVLW  7B
0158:  MOVWF  00
015A:  DECFSZ 00,F
015C:  BRA    015A
015E:  DECFSZ FEF,F
0160:  BRA    0148
0162:  RETURN 0
.................... //#USE        rs232(baud=9600, xmit=PIN_C6,rcv=PIN_C7) 
.................... //NUT NHAN: 
.................... #DEFINE  BT0     PIN_B5 
.................... #DEFINE  BT1     PIN_B4 
.................... #DEFINE  BT2     PIN_B3 
.................... #DEFINE  BT3     PIN_B2 
....................  
.................... #DEFINE  ON      BT0       //DK LED DON, MOTOR 
.................... #DEFINE  OFF     BT1 
.................... #DEFINE  INV     BT2 
....................  
.................... #DEFINE  UP      BT0    //DK LED DON 
.................... #DEFINE  DW      BT1 
.................... #DEFINE  CLR     BT2 
.................... #DEFINE  MOD     BT3 
....................  
.................... #DEFINE  STOP    BT3 
....................  
.................... #DEFINE  ON1     BT0      
.................... #DEFINE  OFF1    BT1 
.................... #DEFINE  ON2     BT2        
.................... #DEFINE  OFF2    BT3 
....................  
....................  
.................... #DEFINE     TRIGGER      PIN_E2 
.................... #DEFINE     ECHO         PIN_E1 
.................... //   IC74138_A    PIN_B6   //OUTPUT GIAI MA 2 SANG 4 TICH CUC MUC 0 
.................... //   IC74138_B    PIN_B7   //OUTPUT GIAI MA 2 SANG 4 TICH CUC MUC 0 
....................  
.................... //          ENCODER  PIN_C0   //RC0/T13CKI 
....................  
.................... //          CB_KC    PIN_A2   //RA2/AN2 
.................... //          PIR      PIN_A3   //RA3/AN3 
.................... //          CBXUNG   PIN_A4   //RA4/T0CKI 
.................... //          LEDTHU   PIN_A4   //RA4/T0CKI//SW802 
....................  
.................... //          CB_KCSA_TRIGGER  PIN_E2   //RE2/SDO  DUNG CHUNG 
.................... //          CB_KCSA_RCHO     PIN_E1   //RE1 
....................  
.................... //          CB_TCS3200_OUT    PIN_E1   //RE1 //CAM BIEN MAU TCS3200 
.................... //          CB_TCS3200_S0     B12      //LAY TU MBI5026 
.................... //          CB_TCS3200_S1     B13      //LAY TU MBI5026 
.................... //          CB_TCS3200_S2     B14      //LAY TU MBI5026 
.................... //          CB_TCS3200_S3     B15      //LAY TU MBI5026 
....................  
.................... //          CB_POWER  SW803 
.................... //          CB_GAS      AIN3_PCF8591T   //RE1 
.................... //          CB_QUANG    AIN2_PCF8591T    
.................... //          CB_LM35B    AIN1_PCF8591T   //RA1/AN1 
.................... //          CB_LM35A    AIN0_PCF8591T   //RE1/AN0 
....................  
.................... //XXXXXXXXXXXXXXXXXXXXXXXXXXXXXXXXXXXXXXXXXXXXXXXXX 
.................... #DEFINE      ENABLE_573A      PIN_D1         //CS0 CUA A 
.................... #DEFINE      ENABLE_573B      PIN_D0         //CS1 CUA B 
.................... //XXXXXXXXXXXXXXXXXXXXXXXXXXXXXXXXXXXXXXXXXXXXXXXXX 
.................... #DEFINE      SSDO             PIN_E2         //CHUNG TAT CA 
.................... #DEFINE      SSCK             PIN_E0         //CHUNG TAT CA 
.................... //XXXXXXXXXXXXXXXXXXXXXXXXXXXXXXXXXXXXXXXXXXXXXXXXX 
.................... #DEFINE      RCK_4LED7DOAN    PIN_D7         //A - 4 BYTE 
.................... #DEFINE      G_4LED7DOAN      PIN_D6         //A - 4 BYTE 
.................... //XXXXXXXXXXXXXXXXXXXXXXXXXXXXXXXXXXXXXXXXXXXX     
.................... #DEFINE      RCK_MATRANLED    PIN_D7         //B - 3 BYTE DAO 
.................... #DEFINE      G_MATRANLED      PIN_D6         //B - 3 BYTE DAO 
.................... //XXXXXXXXXXXXXXXXXXXXXXXXXXXXXXXXXXXXXXXXXXXXXXXXX 
.................... #DEFINE      RCK_32LED        PIN_D5         //A - 4 BYTE 
.................... #DEFINE      G_32LED          PIN_D4         //A - 4 BYTE 
.................... //XXXXXXXXXXXXXXXXXXXXXXXXXXXXXXXXXXXXXXXXXXXX  
.................... #DEFINE      RCK_8LEDQUET     PIN_D5         //B - 2 BYTE DAO 
.................... #DEFINE      G_8LEDQUET       PIN_D4         //B - 2 BYTE DAO 
.................... //XXXXXXXXXXXXXXXXXXXXXXXXXXXXXXXXXXXXXXXXXXXXXXXXX 
.................... #DEFINE      RCK_LCD20X4      PIN_D3         //A - 2 BYTE DAO 
.................... #DEFINE      G_LCD20X4         PIN_D2         //A - 2 BYTE DAO 
.................... //XXXXXXXXXXXXXXXXXXXXXXXXXXXXXXXXXXXXXXXXXXXX  
.................... #DEFINE      RCK_BUZERELAY    PIN_D3     //B - 1 BYTE  
.................... #DEFINE      G_BUZERELAY      PIN_D2         //B - 1 BYTE  
....................  
.................... VOID XUAT_LCD20X4(UNSIGNED INT8 LCD_SIGNAL,LCD_INS_HTHI); 
....................  
.................... VOID XUAT_BUZZER_RELAY(); 
.................... //XXXXXXXXXXXXXXXXXXXXXXXXXXXXXXXXXXXXXXXXXXXX    
.................... #DEFINE     CHOT_2_IC_74573_A_B  OUTPUT_D(0XFC) 
....................  
.................... UNSIGNED INT8 TIN_HIEU_DK_74573_A; 
.................... #BIT G_4A         = TIN_HIEU_DK_74573_A.6 
.................... #BIT G_32A        = TIN_HIEU_DK_74573_A.4 
.................... #BIT G_LCDA       = TIN_HIEU_DK_74573_A.2 
.................... //XXXXXXXXXXXXXXXXXXXXXXXXXXXXXXXXXXXXXXXXXXXX          
.................... #DEFINE     MO_32_LED_DON        G_32A=0; //OUTPUT_LOW(G_32LED)  
.................... #DEFINE     TAT_32_LED_DON       G_32A=1; //OUTPUT_HIGH(G_32LED)  
.................... //XXXXXXXXXXXXXXXXXXXXXXXXXXXXXXXXXXXXXXXXXXXX          
.................... #DEFINE     MO_4_LED_7DOAN       G_4A=0;  //OUTPUT_LOW(G_4LED7DOAN) 
.................... #DEFINE     TAT_4_LED_7DOAN      G_4A=1;  //OUTPUT_HIGH(G_4LED7DOAN) 
.................... //XXXXXXXXXXXXXXXXXXXXXXXXXXXXXXXXXXXXXXXXXXXX  
.................... #DEFINE     MO_GLCD_LCD           G_LCDA=0;   //OUTPUT_LOW(G_LCD20X4) 
.................... #DEFINE     TAT_GLCD_LCD          G_LCDA=1;   // OUTPUT_LOW(G_LCD20X4) 
....................  
.................... UNSIGNED INT8 TIN_HIEU_DK_74573_B;   
.................... #BIT G_MTB        = TIN_HIEU_DK_74573_B.6 
.................... #BIT G_8B         = TIN_HIEU_DK_74573_B.4 
.................... #BIT G_RBDCB      = TIN_HIEU_DK_74573_B.2 
.................... //XXXXXXXXXXXXXXXXXXXXXXXXXXXXXXXXXXXXXXXXXXXX  
.................... #DEFINE     MO_LED_MATRAN        G_MTB=0; //OUTPUT_LOW(G_MATRANLED) 
.................... #DEFINE     TAT_LED_MATRAN       G_MTB=1; //OUTPUT_LOW(G_MATRANLED) 
.................... //XXXXXXXXXXXXXXXXXXXXXXXXXXXXXXXXXXXXXXXXXXXX        
.................... #DEFINE     MO_8_LED_QUET        G_8B=0;  //OUTPUT_LOW(G_8LEDQUET) 
.................... #DEFINE     TAT_8_LED_QUET       G_8B=1;  //OUTPUT_LOW(G_8LEDQUET) 
.................... //XXXXXXXXXXXXXXXXXXXXXXXXXXXXXXXXXXXXXXXXXXXX          
.................... #DEFINE     MO_RELAY_BUZZER_DC   G_RBDCB=0;  //OUTPUT_LOW(G_BUZERELAY) 
.................... #DEFINE     TAT_RELAY_BUZZER_DC  G_RBDCB=1;  //OUTPUT_LOW(G_BUZERELAY) 
....................  
.................... //XXXXXXXXXXXXXXXXXXXXXXXXXXXXXXXXXXXXXXXXXXXX 
.................... //CHUONG TRINH KIEM TRA PHIM BT1 
.................... //XXXXXXXXXXXXXXXXXXXXXXXXXXXXXXXXXXXXXXXXXXXX 
.................... UNSIGNED INT8 DL_BTN=0; 
.................... INT1 PHIM_BT0(UNSIGNED INT16 DL) 
.................... {   
....................     IF (!INPUT(BT0)) 
....................     {   
....................       DL_BTN++; 
....................        
....................       IF (DL_BTN>= DL) 
....................          { 
....................             DL_BTN =0; 
....................             RETURN(1); 
....................          } 
....................       ELSE RETURN(0); 
....................     } 
....................     ELSE    RETURN(0); 
.................... }  
.................... //XXXXXXXXXXXXXXXXXXXXXXXXXXXXXXXXXXXXXXXXXXXX 
.................... //CHUONG TRINH KIEM TRA PHIM BT1 
.................... //XXXXXXXXXXXXXXXXXXXXXXXXXXXXXXXXXXXXXXXXXXXX 
.................... INT1 PHIM_BT1(UNSIGNED INT16 DL ) 
.................... {   
....................     IF (!INPUT(BT1)) 
....................     {   
....................       DL_BTN++; 
....................        
....................       IF (DL_BTN>= DL) 
....................          { 
....................             DL_BTN =0; 
....................             RETURN(1); 
....................          } 
....................       ELSE RETURN(0); 
....................     } 
....................     ELSE    RETURN(0); 
.................... }  
.................... //XXXXXXXXXXXXXXXXXXXXXXXXXXXXXXXXXXXXXXXXXXXX 
.................... //CHUONG TRINH KIEM TRA PHIM BT2       
.................... //XXXXXXXXXXXXXXXXXXXXXXXXXXXXXXXXXXXXXXXXXXXX                                     
.................... INT1 PHIM_BT2(UNSIGNED INT16 DL ) 
.................... {                                         
....................     IF (!INPUT(BT2)) 
....................     {   
....................       DL_BTN++; 
....................        
....................       IF (DL_BTN>= DL) 
....................          { 
....................             DL_BTN =0; 
....................             RETURN(1); 
....................          } 
....................       ELSE RETURN(0); 
....................     } 
....................     ELSE    RETURN(0); 
....................                                           
.................... }       
....................  
.................... //XXXXXXXXXXXXXXXXXXXXXXXXXXXXXXXXXXXXXXXXXXXX 
.................... //CHUONG TRINH KIEM TRA PHIM BT3 
.................... //XXXXXXXXXXXXXXXXXXXXXXXXXXXXXXXXXXXXXXXXXXXX 
.................... INT1 PHIM_BT3(UNSIGNED INT16 DL,  UNSIGNED INT8 SOLAN  ) 
.................... {   
....................     IF (!INPUT(BT3)) 
....................     {   
....................       DL_BTN++; 
....................       IF(DL_BTN==1) RETURN(1); 
....................       ELSE 
....................       { 
....................          IF (DL_BTN>= DL) 
....................          DL_BTN =SOLAN; 
....................       } 
....................     } 
....................     ELSE    
....................     { 
....................       //DL_BTN =0; 
....................       RETURN(0); 
....................     } 
.................... }  
.................... //XXXXXXXXXXXXXXXXXXXXXXXXXXXXXXXXXXXXXXXXXXXX 
.................... //KHAI BAO DU LIEU 16 BIT CHO MODULE RELAY, TRIAC, BUZZER, DONG CO 
.................... //XXXXXXXXXXXXXXXXXXXXXXXXXXXXXXXXXXXXXXXXXXXX 
.................... UNSIGNED INT16 RBDC; 
.................... #BIT STEP_MOTOR_ENABLE  = RBDC.0    //1=ENA,0=DIS 
.................... #BIT STEP_MOTOR_IN1     = RBDC.1     
.................... #BIT STEP_MOTOR_IN2     = RBDC.2 
.................... #BIT STEP_MOTOR_IN3     = RBDC.3 
.................... #BIT STEP_MOTOR_IN4     = RBDC.4 
.................... #BIT DC_ENABLE          = RBDC.5    //1=ENA,0=DIS 
.................... #BIT PWRKEY             = RBDC.6    //KHOI TAO SIM900 
....................  
.................... #BIT BUZZER             = RBDC.8    //1=ON,0=OFF 
.................... #BIT TRIAC_1            = RBDC.9    //1=ON,0=OFF 
.................... #BIT TRIAC_2            = RBDC.10   //1=ON,0=OFF 
.................... #BIT RELAY_1            = RBDC.11   //0=ON,1=OFF 
.................... #BIT RELAY_2            = RBDC.12   //0=ON,1=OFF 
....................  
.................... //HAM 103 
.................... //XXXXXXXXXXXXXXXXXXXXXXXXXXXXXXXXXXXXXXXXXXXX 
.................... //CHUONG TRINH CON KHOI TAO IC CHOT 
.................... //XXXXXXXXXXXXXXXXXXXXXXXXXXXXXXXXXXXXXXXXXXXX          
.................... #DEFINE     CHO_IC_74573_A_GOI_DU_LIEU     OUTPUT_HIGH(ENABLE_573A) 
.................... #DEFINE     CHOT_IC_74573_A_GOI_DU_LIEU    OUTPUT_LOW(ENABLE_573A) 
....................  
.................... #DEFINE     CHO_IC_74573_B_GOI_DU_LIEU     OUTPUT_HIGH(ENABLE_573B) 
.................... #DEFINE     CHOT_IC_74573_B_GOI_DU_LIEU    OUTPUT_LOW(ENABLE_573B) 
.................... VOID MO_IC_74573_A_THONG_DL(); 
....................  
.................... //XXXXXXXXXXXXXXXXXXXXXXXXXXXXXXXXXXXXXXXXXXXX    
.................... CONST UNSIGNED CHAR MA7DOAN[16]= {0XC0,0XF9,0xA4,0XB0,0X99,0X92,0X82,0XF8, 
.................... 0X80,0X90,0x88, 0x83, 0xC6, 0xA1, 0x86, 0x8E}; 
.................... #DEFINE     MASO0    0XC0 
.................... #DEFINE     MASO1    0XF9 
.................... #DEFINE     MASO2    0XA4 
.................... #DEFINE     MASO3    0XB0 
.................... #DEFINE     MASO4    0X99 
.................... #DEFINE     MASO5    0X92 
.................... #DEFINE     MASO6    0X82 
.................... #DEFINE     MASO7    0XF8 
....................  
.................... //XXXXXXXXXXXXXXXXXXXXXXXXXXXXXXXXXXXXXXXXXXXX  
.................... //HAM 102 
.................... //XXXXXXXXXXXXXXXXXXXXXXXXXXXXXXXXXXXXXXXXXXXX     
.................... //XUAT 1 BYTE RA THANH GHI DICH 
.................... //XXXXXXXXXXXXXXXXXXXXXXXXXXXXXXXXXXXXXXXXXXXX     
.................... VOID XUAT_1BYTE(UNSIGNED INT8 BYTEXUAT) 
.................... { 
....................    UNSIGNED INT8   SB,X;    
....................    #BIT BSERI  = X.7 
....................    X = BYTEXUAT; 
*
0072:  MOVFF  430,432
....................    FOR (SB=0;SB<8;SB++) 
0076:  MOVLB  4
0078:  CLRF   x31
007A:  MOVF   x31,W
007C:  SUBLW  07
007E:  BNC   009C
....................       {                                                  
....................          OUTPUT_BIT(SSDO,BSERI);     
0080:  BTFSC  x32.7
0082:  BRA    0088
0084:  BCF    F8D.2
0086:  BRA    008A
0088:  BSF    F8D.2
008A:  BCF    F96.2
....................          OUTPUT_LOW(SSCK); OUTPUT_HIGH(SSCK); 
008C:  BCF    F96.0
008E:  BCF    F8D.0
0090:  BCF    F96.0
0092:  BSF    F8D.0
....................          X= X<<1;          
0094:  BCF    FD8.0
0096:  RLCF   x32,F
0098:  INCF   x31,F
009A:  BRA    007A
....................      } 
009C:  MOVLB  0
009E:  RETURN 0
.................... } 
.................... //XXXXXXXXXXXXXXXXXXXXXXXXXXXXXXXXXXXXXXXXXXXX  
.................... //HAM 301 
.................... //XXXXXXXXXXXXXXXXXXXXXXXXXXXXXXXXXXXXXXXXXXXX 
.................... //CHUONG TRINH CON XUAT 4 BYTE RA 32 LED DON 
.................... //XXXXXXXXXXXXXXXXXXXXXXXXXXXXXXXXXXXXXXXXXXXX 
.................... VOID XUAT_32LED_DON_4BYTE(UNSIGNED INT8 BLD3,BLD2,BLD1,BLD0) 
.................... {      
....................       XUAT_1BYTE(BLD3);           
....................       XUAT_1BYTE(BLD2); 
....................       XUAT_1BYTE(BLD1);           
....................       XUAT_1BYTE(BLD0);             
....................       MO_32_LED_DON;       
....................       MO_IC_74573_A_THONG_DL();             
....................       OUTPUT_HIGH(RCK_32LED);    OUTPUT_LOW(RCK_32LED); 
....................       CHOT_IC_74573_A_GOI_DU_LIEU;       
.................... } 
.................... //HAM 302 
.................... //XXXXXXXXXXXXXXXXXXXXXXXXXXXXXXXXXXXXXXXXXXXX 
.................... //CHUONG TRINH CON XUAT 2 WORD 16 BITRA 32 LED DON 
.................... //XXXXXXXXXXXXXXXXXXXXXXXXXXXXXXXXXXXXXXXXXXXX 
.................... VOID XUAT_32LED_DON_2WORD(UNSIGNED INT16 WLD1, UNSIGNED INT16 WLD0) 
.................... {      
....................      UNSIGNED INT8  B3,B2,B1,B0; 
....................      B3 = WLD1>>8;  B2 = WLD1;  
....................      B1 = WLD0>>8;  B0 = WLD0; 
....................      XUAT_32LED_DON_4BYTE(B3,B2,B1,B0); 
.................... } 
.................... //HAM 303 
.................... //XXXXXXXXXXXXXXXXXXXXXXXXXXXXXXXXXXXXXXXXXXXX 
.................... //CHUONG TRINH CON XUAT 1 DOUBLE WORD RA 32 LED DON 
.................... //XXXXXXXXXXXXXXXXXXXXXXXXXXXXXXXXXXXXXXXXXXXX 
.................... VOID XUAT_32LED_DON_1DW(UNSIGNED LONG LONG DWLD) 
.................... {      
....................      UNSIGNED INT16  WD1,WD0; 
....................      WD1 = DWLD>>16;  WD0 = DWLD; 
....................      XUAT_32LED_DON_2WORD(WD1,WD0); 
.................... } 
....................  
.................... //HAM 304 
.................... //XXXXXXXXXXXXXXXXXXXXXXXXXXXXXXXXXXXXXXXXXXXX 
.................... //CHUONG TRINH CON MO 32 LED DON SANG 
.................... //XXXXXXXXXXXXXXXXXXXXXXXXXXXXXXXXXXXXXXXXXXXX 
.................... VOID MO_32LED_DON() 
.................... {         
....................      XUAT_32LED_DON_1DW(0XFFFFFFFF); 
.................... } 
.................... //HAM 305 
.................... //XXXXXXXXXXXXXXXXXXXXXXXXXXXXXXXXXXXXXXXXXXXX 
.................... //CHUONG TRINH CON TAT 32 LED DON  
.................... //XXXXXXXXXXXXXXXXXXXXXXXXXXXXXXXXXXXXXXXXXXXX 
.................... VOID TAT_32LED_DON() 
.................... {         
....................      XUAT_32LED_DON_1DW(0); 
.................... } 
.................... //XXXXXXXXXXXXXXXXXXXXXXXXXXXXXXXXXXXXXXXXXXXX     
.................... //XUAT 1 BIT ROI TRA LAI KET QUA SAU KHI DICH DI 1 BIT 
.................... //XXXXXXXXXXXXXXXXXXXXXXXXXXXXXXXXXXXXXXXXXXXX     
.................... UNSIGNED  INT8 XUAT_1BIT(UNSIGNED INT8 BYTEXUAT) 
.................... { 
....................       UNSIGNED INT8   XBITX;    
....................       #BIT BSERIX  = XBITX.0 
....................       XBITX = BYTEXUAT; 
....................                                              
....................       OUTPUT_BIT(SSDO,BSERIX);     
....................       OUTPUT_LOW(SSCK); OUTPUT_HIGH(SSCK); 
....................       XBITX= XBITX>>1;    
....................       RETURN(XBITX);   
.................... } 
.................... //XXXXXXXXXXXXXXXXXXXXXXXXXXXXXXXXXXXXXXXXXXXX  
.................... //HAM 101 
.................... //XXXXXXXXXXXXXXXXXXXXXXXXXXXXXXXXXXXXXXXXXXXX     
.................... //HAM KHOI TAO CAC PORT VA IC CHOT 
.................... //XXXXXXXXXXXXXXXXXXXXXXXXXXXXXXXXXXXXXXXXXXXX     
.................... VOID SET_UP_PORT_IC_CHOT() 
.................... {      
....................       SET_TRIS_D(0x00);     
*
0054:  MOVLW  00
0056:  MOVWF  F95
....................       SET_TRIS_E(0X00); 
0058:  MOVWF  F96
....................       OUTPUT_D(0XFF); 
005A:  CLRF   F95
005C:  SETF   F8C
....................       TIN_HIEU_DK_74573_A=0XFF;   
005E:  SETF   04
....................       TIN_HIEU_DK_74573_B=0XFF;       
0060:  SETF   05
....................       CHOT_IC_74573_A_GOI_DU_LIEU; 
0062:  BCF    F95.1
0064:  BCF    F8C.1
....................       CHOT_IC_74573_B_GOI_DU_LIEU;   
0066:  BCF    F95.0
0068:  BCF    F8C.0
....................       RBDC=0; 
006A:  CLRF   08
006C:  CLRF   07
006E:  GOTO   0628 (RETURN)
.................... } 
.................... //HAM 104 
.................... //XXXXXXXXXXXXXXXXXXXXXXXXXXXXXXXXXXXXXXXXXXXX     
.................... //XUAT CÁC THIEU DIEU KHIEN  
.................... //GIU NGUYEN CAC TRANG THAI CUA 2 MODULE KHAC 
.................... //XXXXXXXXXXXXXXXXXXXXXXXXXXXXXXXXXXXXXXXXXXXX     
.................... VOID MO_IC_74573_A_THONG_DL() 
.................... {      
....................       OUTPUT_D(0X00); 
*
00A0:  CLRF   F95
00A2:  CLRF   F8C
....................       OUTPUT_BIT(G_32LED,G_32A); 
00A4:  BTFSC  04.4
00A6:  BRA    00AC
00A8:  BCF    F8C.4
00AA:  BRA    00AE
00AC:  BSF    F8C.4
00AE:  BCF    F95.4
....................       OUTPUT_BIT(G_4LED7DOAN,G_4A); 
00B0:  BTFSC  04.6
00B2:  BRA    00B8
00B4:  BCF    F8C.6
00B6:  BRA    00BA
00B8:  BSF    F8C.6
00BA:  BCF    F95.6
....................       OUTPUT_BIT(G_LCD20X4,G_LCDA);   
00BC:  BTFSC  04.2
00BE:  BRA    00C4
00C0:  BCF    F8C.2
00C2:  BRA    00C6
00C4:  BSF    F8C.2
00C6:  BCF    F95.2
....................       CHO_IC_74573_A_GOI_DU_LIEU; 
00C8:  BCF    F95.1
00CA:  BSF    F8C.1
00CC:  RETURN 0
.................... } 
.................... VOID MO_IC_74573_B_THONG_DL() 
.................... {      
....................       OUTPUT_D(0X00); 
....................       OUTPUT_BIT(G_MATRANLED,G_MTB); 
....................       OUTPUT_BIT(G_8LEDQUET,G_8B); 
....................       OUTPUT_BIT(G_BUZERELAY,G_RBDCB);  
....................       CHO_IC_74573_B_GOI_DU_LIEU; 
.................... } 
.................... //ham 401 
.................... //XXXXXXXXXXXXXXXXXXXXXXXXXXXXXXXXXXXXXXXXXXXX 
.................... //CHUONG TRINH CON XUAT 4 BYTE RA 4 LED 7 DOAN 
.................... //XXXXXXXXXXXXXXXXXXXXXXXXXXXXXXXXXXXXXXXXXXXX 
.................... VOID XUAT_4LED_7DOAN_4SO(UNSIGNED INT BL743,BL742,BL741,BL740) 
.................... {      
....................       XUAT_1BYTE(BL740);   XUAT_1BYTE(BL741); 
*
0478:  MOVFF  42E,430
047C:  RCALL  0072
047E:  MOVFF  42D,430
0482:  RCALL  0072
....................       XUAT_1BYTE(BL742);   XUAT_1BYTE(BL743); 
0484:  MOVFF  42C,430
0488:  RCALL  0072
048A:  MOVFF  42B,430
048E:  RCALL  0072
....................        
....................       MO_4_LED_7DOAN; 
0490:  BCF    04.6
....................       MO_IC_74573_A_THONG_DL(); 
0492:  RCALL  00A0
....................         
....................       OUTPUT_LOW(RCK_4LED7DOAN);   OUTPUT_HIGH(RCK_4LED7DOAN);  
0494:  BCF    F95.7
0496:  BCF    F8C.7
0498:  BCF    F95.7
049A:  BSF    F8C.7
....................       CHOT_IC_74573_A_GOI_DU_LIEU; 
049C:  BCF    F95.1
049E:  BCF    F8C.1
04A0:  GOTO   05F8 (RETURN)
.................... } 
.................... //ham 404 
.................... VOID XUAT_4LED_7DOAN_3SO(UNSIGNED INT BL742,BL741,BL740) 
.................... {      
....................      XUAT_4LED_7DOAN_4SO(0XFF,BL742,BL741,BL740); 
.................... } 
.................... //ham 403 
.................... VOID XUAT_4LED_7DOAN_2SO(UNSIGNED INT BL741,BL740) 
.................... {      
....................      XUAT_4LED_7DOAN_4SO(0XFF,0XFF,BL741,BL740); 
.................... } 
.................... //ham 402 
.................... VOID XUAT_4LED_7DOAN_1SO(UNSIGNED INT BL740) 
.................... {      
....................      XUAT_4LED_7DOAN_4SO(0XFF,0XFF,0XFF,BL740); 
.................... } 
....................  
.................... //ham 405 
.................... //XXXXXXXXXXXXXXXXXXXXXXXXXXXXXXXXXXXXXXXXXXXXXXXXXXXXXXXXXXXXX 
.................... //CHUONG TRINH CON HIEN THI DU LIEU 16 BIT TREN 4 LED 7 DOAN 
.................... //XXXXXXXXXXXXXXXXXXXXXXXXXXXXXXXXXXXXXXXXXXXXXXXXXXXXXXXXXXXXX 
.................... UNSIGNED CHAR DONVI4,CHUC4,TRAM4,NGAN4; 
.................... VOID  XUAT_4LED_7DOAN_GIAIMA_XOA_SO0 (UNSIGNED INT16 TAM) 
.................... {          
....................       DONVI4 = MA7DOAN[TAM %10];          
04A4:  MOVFF  42A,42E
04A8:  MOVFF  429,42D
04AC:  MOVLB  4
04AE:  CLRF   x30
04B0:  MOVLW  0A
04B2:  MOVWF  x2F
04B4:  MOVLB  0
04B6:  RCALL  02D8
04B8:  MOVFF  00,42B
04BC:  MOVLB  4
04BE:  MOVFF  03,42C
04C2:  MOVFF  03,03
04C6:  MOVF   00,W
04C8:  MOVFF  FF2,42D
04CC:  BCF    FF2.7
04CE:  MOVLB  0
04D0:  RCALL  0004
04D2:  MOVLB  4
04D4:  BTFSC  x2D.7
04D6:  BSF    FF2.7
04D8:  MOVWF  09
....................       CHUC4  = MA7DOAN[TAM/10%10]; 
04DA:  MOVFF  42A,42E
04DE:  MOVFF  429,42D
04E2:  CLRF   x30
04E4:  MOVLW  0A
04E6:  MOVWF  x2F
04E8:  MOVLB  0
04EA:  RCALL  02D8
04EC:  MOVFF  02,42C
04F0:  MOVFF  01,42B
04F4:  MOVFF  02,42E
04F8:  MOVFF  01,42D
04FC:  MOVLB  4
04FE:  CLRF   x30
0500:  MOVLW  0A
0502:  MOVWF  x2F
0504:  MOVLB  0
0506:  RCALL  02D8
0508:  MOVFF  00,42B
050C:  MOVLB  4
050E:  MOVFF  03,42C
0512:  MOVFF  03,03
0516:  MOVF   00,W
0518:  MOVFF  FF2,42D
051C:  BCF    FF2.7
051E:  MOVLB  0
0520:  RCALL  0004
0522:  MOVLB  4
0524:  BTFSC  x2D.7
0526:  BSF    FF2.7
0528:  MOVWF  0A
....................       TRAM4  = MA7DOAN[TAM/100%10];  
052A:  MOVFF  42A,42E
052E:  MOVFF  429,42D
0532:  CLRF   x30
0534:  MOVLW  64
0536:  MOVWF  x2F
0538:  MOVLB  0
053A:  RCALL  02D8
053C:  MOVFF  02,42C
0540:  MOVFF  01,42B
0544:  MOVFF  02,42E
0548:  MOVFF  01,42D
054C:  MOVLB  4
054E:  CLRF   x30
0550:  MOVLW  0A
0552:  MOVWF  x2F
0554:  MOVLB  0
0556:  RCALL  02D8
0558:  MOVFF  00,42B
055C:  MOVLB  4
055E:  MOVFF  03,42C
0562:  MOVFF  03,03
0566:  MOVF   00,W
0568:  MOVFF  FF2,42D
056C:  BCF    FF2.7
056E:  MOVLB  0
0570:  RCALL  0004
0572:  MOVLB  4
0574:  BTFSC  x2D.7
0576:  BSF    FF2.7
0578:  MOVWF  0B
....................       NGAN4  = MA7DOAN[TAM/1000%10];        
057A:  MOVFF  42A,42E
057E:  MOVFF  429,42D
0582:  MOVLW  03
0584:  MOVWF  x30
0586:  MOVLW  E8
0588:  MOVWF  x2F
058A:  MOVLB  0
058C:  RCALL  02D8
058E:  MOVFF  02,42C
0592:  MOVFF  01,42B
0596:  MOVFF  02,42E
059A:  MOVFF  01,42D
059E:  MOVLB  4
05A0:  CLRF   x30
05A2:  MOVLW  0A
05A4:  MOVWF  x2F
05A6:  MOVLB  0
05A8:  RCALL  02D8
05AA:  MOVFF  00,42B
05AE:  MOVLB  4
05B0:  MOVFF  03,42C
05B4:  MOVFF  03,03
05B8:  MOVF   00,W
05BA:  MOVFF  FF2,42D
05BE:  BCF    FF2.7
05C0:  MOVLB  0
05C2:  RCALL  0004
05C4:  MOVLB  4
05C6:  BTFSC  x2D.7
05C8:  BSF    FF2.7
05CA:  MOVWF  0C
....................       IF (NGAN4==0XC0) 
05CC:  MOVF   0C,W
05CE:  SUBLW  C0
05D0:  BNZ   05E4
....................       { 
....................          NGAN4=0XFF; 
05D2:  SETF   0C
....................          IF (TRAM4==0XC0) 
05D4:  MOVF   0B,W
05D6:  SUBLW  C0
05D8:  BNZ   05E4
....................          { 
....................             TRAM4=0XFF; 
05DA:  SETF   0B
....................             IF (CHUC4==0XC0)   CHUC4=0XFF; 
05DC:  MOVF   0A,W
05DE:  SUBLW  C0
05E0:  BNZ   05E4
05E2:  SETF   0A
....................          } 
....................       } 
....................       XUAT_4LED_7DOAN_4SO(NGAN4,TRAM4,CHUC4,DONVI4);    
05E4:  MOVFF  0C,42B
05E8:  MOVFF  0B,42C
05EC:  MOVFF  0A,42D
05F0:  MOVFF  09,42E
05F4:  MOVLB  0
05F6:  BRA    0478
05F8:  RETURN 0
.................... } 
.................... UNSIGNED INT8 LCDDATA=0;  
.................... UNSIGNED INT8 LCDCONTROL=0; 
.................... UNSIGNED INT8 GLCDDATA=0; 
.................... UNSIGNED INT8 GLCDCONTROL=0;  
.................... //HAM 701 
.................... //XXXXXXXXXXXXXXXXXXXXXXXXXXXXXXXXXXXXXXXXXXXXXXXXXXXXXXXXXXXXX 
.................... //CHUONG TRINH CON XUAT DU LIEU 4 BYTE RA GLCD VA LCD 
.................... //XXXXXXXXXXXXXXXXXXXXXXXXXXXXXXXXXXXXXXXXXXXXXXXXXXXXXXXXXXXXX 
.................... VOID XUAT_GLCD_LCD() 
.................... {       
....................     XUAT_1BYTE(GLCDCONTROL);              
*
00CE:  MOVFF  10,430
00D2:  RCALL  0072
....................     XUAT_1BYTE(GLCDDATA); 
00D4:  MOVFF  0F,430
00D8:  RCALL  0072
....................     XUAT_1BYTE(LCDCONTROL);        
00DA:  MOVFF  0E,430
00DE:  RCALL  0072
....................     XUAT_1BYTE(LCDDATA);       
00E0:  MOVFF  0D,430
00E4:  RCALL  0072
....................        
....................     MO_GLCD_LCD; 
00E6:  BCF    04.2
....................     MO_IC_74573_A_THONG_DL();             
00E8:  RCALL  00A0
....................     OUTPUT_HIGH(RCK_LCD20X4);      
00EA:  BCF    F95.3
00EC:  BSF    F8C.3
....................     OUTPUT_LOW(RCK_LCD20X4); 
00EE:  BCF    F95.3
00F0:  BCF    F8C.3
....................     CHOT_IC_74573_A_GOI_DU_LIEU; 
00F2:  BCF    F95.1
00F4:  BCF    F8C.1
00F6:  RETURN 0
.................... } 
.................... //HAM 702 
.................... VOID XUAT_LCD20X4(UNSIGNED INT8 LCD_SIGNAL,LCD_INS_HTHI) 
.................... {      
....................     LCDCONTROL = ~LCD_SIGNAL; 
00F8:  MOVLB  4
00FA:  MOVFF  42E,0E
00FE:  COMF   0E,F
....................     LCDDATA    = ~LCD_INS_HTHI;       
0100:  MOVFF  42F,0D
0104:  COMF   0D,F
....................     XUAT_GLCD_LCD(); 
0106:  MOVLB  0
0108:  RCALL  00CE
010A:  RETURN 0
.................... } 
.................... //HAM 703 
.................... VOID XUAT_GLCD128X64(UNSIGNED INT8 GLCD_SIGNAL,GLCD_INS_HTHI) 
.................... {      
....................     GLCDCONTROL = ~GLCD_SIGNAL; 
*
01C0:  MOVLB  4
01C2:  MOVFF  42D,10
01C6:  COMF   10,F
....................     GLCDDATA    = ~GLCD_INS_HTHI;      
01C8:  MOVFF  42E,0F
01CC:  COMF   0F,F
....................     XUAT_GLCD_LCD(); 
01CE:  MOVLB  0
01D0:  RCALL  00CE
01D2:  RETURN 0
.................... } 
.................... //HAM 501 
.................... //XXXXXXXXXXXXXXXXXXXXXXXXXXXXXXXXXXXXXXXXXXXX 
.................... //CHUONG TRINH CON XUAT 2 BYTE RA DK 1 LED QUET SANG 
.................... //XXXXXXXXXXXXXXXXXXXXXXXXXXXXXXXXXXXXXXXXXXXX 
.................... VOID XUAT_8LED_7DOAN_QUET_1(UNSIGNED INT MA,SO_HTHI) 
.................... {      
....................       XUAT_1BYTE(~MA);   XUAT_1BYTE(~SO_HTHI); 
....................        
....................       MO_8_LED_QUET; 
....................       MO_IC_74573_B_THONG_DL(); 
....................        
....................       OUTPUT_HIGH(RCK_8LEDQUET); OUTPUT_LOW(RCK_8LEDQUET); 
....................       CHOT_IC_74573_B_GOI_DU_LIEU; 
.................... } 
.................... //HAM 502 
.................... //XXXXXXXXXXXXXXXXXXXXXXXXXXXXXXXXXXXXXXXXXXXX 
.................... //CHUONG TRINH CON XUAT 2 BYTE RA TAT 8 LED QUET 
.................... //XXXXXXXXXXXXXXXXXXXXXXXXXXXXXXXXXXXXXXXXXXXX 
.................... VOID XUAT_8LED_7DOAN_QUET_TAT_LED() 
.................... { 
....................    XUAT_8LED_7DOAN_QUET_1(0XFF,0XFF); 
.................... } 
.................... //HAM 503 
.................... //XXXXXXXXXXXXXXXXXXXXXXXXXXXXXXXXXXXXXXXXXXXX 
.................... //CHUONG TRINH CON HIEN THI LED THEO THU TU 
.................... //XXXXXXXXXXXXXXXXXXXXXXXXXXXXXXXXXXXXXXXXXXXX 
.................... CONST UNSIGNED CHAR TTLEDQUET[8]= {0x7F,0xBF,0xDF,0xEF,0xF7,0xFB,0xFD,0xFE}; 
.................... VOID XUAT_8LED_7DOAN_QUET_2(UNSIGNED INT THUTULED,SO_HTHI) 
.................... {          
....................       XUAT_1BYTE(~ (TTLEDQUET[THUTULED]));   XUAT_1BYTE(~SO_HTHI);      
....................       MO_8_LED_QUET; 
....................       MO_IC_74573_B_THONG_DL(); 
....................       OUTPUT_HIGH(RCK_8LEDQUET); OUTPUT_LOW(RCK_8LEDQUET); 
....................       CHOT_IC_74573_B_GOI_DU_LIEU; 
.................... } 
.................... //HAM 504 
.................... //XXXXXXXXXXXXXXXXXXXXXXXXXXXXXXXXXXXXXXXXXXXX 
.................... //CHUONG TRINH CON HIEN THI 8 SO TREN 8 LED QUET - CO KIEM TRA 
.................... //XXXXXXXXXXXXXXXXXXXXXXXXXXXXXXXXXXXXXXXXXXXX 
.................... UNSIGNED INT8 LED_7DQ[8]={0XFF,0XFF,0XFF,0XFF,0XFF,0XFF,0XFF,0XFF}; 
.................... UNSIGNED INT8 TT8LED=0; 
.................... VOID HIEN_THI_8LED_7DOAN_QUET() 
.................... {      
....................       FOR(TT8LED=0;TT8LED<8;TT8LED++) 
....................          IF (LED_7DQ[TT8LED]!=0XFF) 
....................          {            
....................             XUAT_8LED_7DOAN_QUET_2(TT8LED, LED_7DQ[TT8LED]); 
....................             DELAY_US(100); 
....................             XUAT_8LED_7DOAN_QUET_TAT_LED();            
....................             } 
.................... } 
.................... //HAM 505 
.................... //XXXXXXXXXXXXXXXXXXXXXXXXXXXXXXXXXXXXXXXXXXXX 
.................... //CHUONG TRINH CON HIEN THI 8 SO TREN 8 LED QUET - KHONG KIEM TRA 
.................... //XXXXXXXXXXXXXXXXXXXXXXXXXXXXXXXXXXXXXXXXXXXX 
.................... VOID HIEN_THI_8LED_7DOAN_QUET_ALL() 
.................... {      
....................       FOR(TT8LED=0;TT8LED<8;TT8LED++)          
....................          {            
....................             XUAT_8LED_7DOAN_QUET_2(TT8LED, LED_7DQ[TT8LED]); 
....................             DELAY_US(100); 
....................             XUAT_8LED_7DOAN_QUET_TAT_LED();            
....................             } 
.................... } 
....................  
.................... VOID DELAY_QUET_8LED(UNSIGNED INT16 DL) 
.................... {  
....................       UNSIGNED INT8 I; 
....................       FOR (I=0; I<DL;I++) 
....................       HIEN_THI_8LED_7DOAN_QUET_ALL(); 
.................... }  
....................  
.................... VOID GIAI_MA_GAN_CHO_8LED_QUET_16_XOA(UNSIGNED INT16 X) 
.................... {      
....................       LED_7DQ[0]= MA7DOAN [X %10];     
....................       LED_7DQ[1]= MA7DOAN [X/10%10]; 
....................       LED_7DQ[2]= MA7DOAN [X/100%10];     
....................       LED_7DQ[3]= MA7DOAN [X/1000%10]; 
....................       LED_7DQ[4]= MA7DOAN [X/10000%10]; 
....................       IF (LED_7DQ[4]==MASO0)  
....................       { 
....................             LED_7DQ[4]=0XFF; 
....................             IF (LED_7DQ[3]==MASO0)  
....................             { 
....................                LED_7DQ[3]=0XFF; 
....................                IF (LED_7DQ[2]==MASO0)  
....................                { 
....................                   LED_7DQ[2]=0XFF; 
....................                   IF (LED_7DQ[1]==MASO0)  
....................                   { 
....................                      LED_7DQ[1]=0XFF; 
....................                   } 
....................                } 
....................             } 
....................       } 
....................              
.................... } 
.................... //XXXXXXXXXXXXXXXXXXXXXXXXXXXXXXXXXXXXXXXXXXXX          
.................... VOID XUAT_2BYTE(UNSIGNED INT16 BYTE2XUAT) 
.................... { 
....................    INT8 SBB; 
....................    UNSIGNED INT16   XX;   //SHORT  BSERI; 
....................    #BIT BSERIX  = XX.15 
....................    XX = BYTE2XUAT; 
....................    FOR (SBB=0;SBB<16;SBB++) 
....................       {                                                  
....................          OUTPUT_BIT(SSDO,BSERIX);     
....................          OUTPUT_LOW(SSCK);          
....................          OUTPUT_HIGH(SSCK); 
....................          XX= XX<<1;          
....................      } 
.................... } 
.................... //XXXXXXXXXXXXXXXXXXXXXXXXXXXXXXXXXXXXXXXXXXXX 
.................... //CHUONG TRINH CON XUAT RA LED MA TRAN 
.................... //XXXXXXXXXXXXXXXXXXXXXXXXXXXXXXXXXXXXXXXXXXXX 
.................... VOID XUAT_MATRANLED(UNSIGNED INT16 MAHANG,UNSIGNED INT16 MACOT1, 
.................... UNSIGNED INT16 MACOT2,UNSIGNED INT16 MACOT3) 
.................... {       
....................       XUAT_2BYTE(MACOT3); 
....................       XUAT_2BYTE(MACOT2); 
....................       XUAT_2BYTE(MACOT1); 
....................       XUAT_2BYTE(MAHANG); 
....................        
....................       MO_LED_MATRAN; 
....................       MO_IC_74573_B_THONG_DL(); 
....................        
....................       OUTPUT_HIGH(RCK_MATRANLED); OUTPUT_LOW(RCK_MATRANLED);  
....................       CHOT_IC_74573_B_GOI_DU_LIEU; 
.................... } 
.................... //XXXXXXXXXXXXXXXXXXXXXXXXXXXXXXXXXXXXXXXXXXXX 
.................... //CHUONG TRINH CON XUAT RA LED MA TRAN 
.................... //XXXXXXXXXXXXXXXXXXXXXXXXXXXXXXXXXXXXXXXXXXXX 
.................... VOID TAT_MATRANLED() 
.................... {       
....................       XUAT_2BYTE(0); 
....................       XUAT_2BYTE(0); 
....................       XUAT_2BYTE(0); 
....................       XUAT_2BYTE(0);            
....................       OUTPUT_HIGH(RCK_MATRANLED);  
....................       OUTPUT_LOW(RCK_MATRANLED); 
.................... } 
.................... UNSIGNED  INT8 HIEU_CHINH_4BIT_CAO(UNSIGNED INT8 XZY) 
.................... { 
....................       INT1  BTG; 
....................       UNSIGNED INT8   BX;    
....................       #BIT BIT4  = BX.4 
....................       #BIT BIT5  = BX.5 
....................       #BIT BIT6  = BX.6 
....................       #BIT BIT7  = BX.7 
....................       BX=XZY; 
....................       BTG=BIT4;   BIT4=BIT7;  BIT7=BTG; 
....................       BTG=BIT5;   BIT5=BIT6;  BIT6=BTG;       
....................       RETURN(BX);   
.................... } 
.................... //HAM 601 
.................... //XXXXXXXXXXXXXXXXXXXXXXXXXXXXXXXXXXXXXXXXXXXXXXXXXXXX 
.................... //MODULE DIEU KHIEN RELAY,TRIAC, BUZZER, DONG CO, SIM 
.................... //XXXXXXXXXXXXXXXXXXXXXXXXXXXXXXXXXXXXXXXXXXXXXXXXXXXX 
.................... VOID XUAT_BUZZER_RELAY() 
.................... {      
....................    UNSIGNED INT8 RBDC1,RBDC2; 
....................       RBDC1=RBDC; RBDC2=RBDC>>8;       
....................       XUAT_1BYTE(RBDC2);       
....................       XUAT_1BYTE(RBDC1); 
....................       MO_RELAY_BUZZER_DC; 
....................       MO_IC_74573_B_THONG_DL(); 
....................        
....................       OUTPUT_HIGH(RCK_BUZERELAY);   OUTPUT_LOW(RCK_BUZERELAY); 
....................       CHOT_IC_74573_B_GOI_DU_LIEU; 
.................... } 
.................... //HAM 602 
.................... //XXXXXXXXXXXXXXXXXXXXXXXXXXXXXXXXXXXXXXXXXXXXXXXXXXXX 
.................... VOID BUZZER_ON() 
.................... {     
....................       BUZZER=1; 
....................       XUAT_BUZZER_RELAY();          
.................... } 
.................... //HAM 603 
.................... //XXXXXXXXXXXXXXXXXXXXXXXXXXXXXXXXXXXXXXXXXXXXXXXXXXXX 
.................... VOID BUZZER_OFF() 
.................... {      
....................       BUZZER=0; 
....................       XUAT_BUZZER_RELAY(); 
.................... } 
.................... //HAM 604 
.................... //XXXXXXXXXXXXXXXXXXXXXXXXXXXXXXXXXXXXXXXXXXXXXXXXXXXX 
.................... VOID RELAY_1_ON() 
.................... {     
....................       RELAY_1=1; 
....................       XUAT_BUZZER_RELAY();          
.................... } 
.................... //HAM 603 
.................... //XXXXXXXXXXXXXXXXXXXXXXXXXXXXXXXXXXXXXXXXXXXXXXXXXXXX 
.................... VOID RELAY_1_OFF() 
.................... {     
....................       RELAY_1=0; 
....................       XUAT_BUZZER_RELAY();          
.................... } 
.................... //HAM 604 
.................... //XXXXXXXXXXXXXXXXXXXXXXXXXXXXXXXXXXXXXXXXXXXXXXXXXXXX 
.................... VOID RELAY_2_ON() 
.................... {     
....................       RELAY_2=1; 
....................       XUAT_BUZZER_RELAY();          
.................... } 
.................... //HAM 607 
.................... //XXXXXXXXXXXXXXXXXXXXXXXXXXXXXXXXXXXXXXXXXXXXXXXXXXXX 
.................... VOID RELAY_2_OFF() 
.................... {     
....................       RELAY_2=0; 
....................       XUAT_BUZZER_RELAY();          
.................... } 
.................... //HAM 608 
.................... //XXXXXXXXXXXXXXXXXXXXXXXXXXXXXXXXXXXXXXXXXXXXXXXXXXXX 
.................... VOID RELAY_1_RELAY_2_ON() 
.................... {     
....................       RELAY_1=1;  RELAY_2=1; 
....................       XUAT_BUZZER_RELAY();          
.................... } 
.................... //HAM 609 
.................... //XXXXXXXXXXXXXXXXXXXXXXXXXXXXXXXXXXXXXXXXXXXXXXXXXXXX 
.................... VOID RELAY_1_RELAY_2_OFF() 
.................... {     
....................       RELAY_1=0;  RELAY_2=0; 
....................       XUAT_BUZZER_RELAY();          
.................... } 
.................... //HAM 610 
.................... //XXXXXXXXXXXXXXXXXXXXXXXXXXXXXXXXXXXXXXXXXXXXXXXXXXXX 
.................... VOID TRIAC_1_ON() 
.................... {     
....................       TRIAC_1=1; 
....................       XUAT_BUZZER_RELAY();          
.................... } 
.................... //HAM 611 
.................... //XXXXXXXXXXXXXXXXXXXXXXXXXXXXXXXXXXXXXXXXXXXXXXXXXXXX 
.................... VOID TRIAC_1_OFF() 
.................... {     
....................       TRIAC_1=0; 
....................       XUAT_BUZZER_RELAY();          
.................... } 
.................... //HAM 612 
.................... //XXXXXXXXXXXXXXXXXXXXXXXXXXXXXXXXXXXXXXXXXXXXXXXXXXXX 
.................... VOID TRIAC_2_ON() 
.................... {     
....................       TRIAC_2=1; 
....................       XUAT_BUZZER_RELAY();          
.................... } 
.................... //HAM 613 
.................... //XXXXXXXXXXXXXXXXXXXXXXXXXXXXXXXXXXXXXXXXXXXXXXXXXXXX 
.................... VOID TRIAC_2_OFF() 
.................... {     
....................       TRIAC_2=0; 
....................       XUAT_BUZZER_RELAY();          
.................... } 
.................... //XXXXXXXXXXXXXXXXXXXXXXXXXXXXXXXXXXXXXXXXXXXX 
....................  
....................  
....................  
.................... #INCLUDE <TV_PICKIT2_SHIFT_LCD.C> 
.................... UNSIGNED INT8 LCD_CONTROL;   
.................... #bit LCD_P = LCD_CONTROL.3 
.................... #bit LCD_RS = LCD_CONTROL.2 
.................... #bit LCD_RW = LCD_CONTROL.1 
.................... #bit LCD_E  = LCD_CONTROL.0 
....................  
.................... #DEFINE LCD_FUNCTION_SET       0X38 
.................... #DEFINE LCD_DISPLAY_CONTROL    0X0C 
.................... #DEFINE LCD_CLEAR_DISPLAY      0X01 
.................... #DEFINE LCD_ENTRY_MODE         0X06 
.................... #DEFINE LCD_SHIFT_LEFT         0X18 
.................... #DEFINE LCD_SHIFT_RIGHT        0X1C 
....................  
.................... #DEFINE LCD_ADDR_LINE1         0X80 
.................... #DEFINE LCD_ADDR_LINE2         0XC0 
.................... #DEFINE LCD_ADDR_LINE3         0X94 
.................... #DEFINE LCD_ADDR_LINE4         0XD4 
....................  
.................... VOID LCD_XUAT_8BIT(INT8 LCD_DATA_X) 
.................... { 
....................       LCD_E=1; XUAT_LCD20X4(LCD_CONTROL,LCD_DATA_X);      
*
010C:  BSF    1A.0
010E:  MOVFF  1A,42E
0112:  MOVFF  42D,42F
0116:  RCALL  00F8
....................       LCD_E=0; XUAT_LCD20X4(LCD_CONTROL,LCD_DATA_X);  
0118:  BCF    1A.0
011A:  MOVFF  1A,42E
011E:  MOVFF  42D,42F
0122:  RCALL  00F8
0124:  RETURN 0
.................... } 
.................... void LCD_COMMAND(INT8 LCD_DATA_X)    
....................   { 
....................       LCD_RS = 0; 
0126:  BCF    1A.2
....................       LCD_XUAT_8BIT(LCD_DATA_X); 
0128:  MOVFF  42C,42D
012C:  RCALL  010C
....................       DELAY_US(20); 
012E:  MOVLW  20
0130:  MOVWF  00
0132:  DECFSZ 00,F
0134:  BRA    0132
0136:  BRA    0138
0138:  NOP   
013A:  RETURN 0
....................   } 
.................... void LCD_DATA(INT8 LCD_DATA_X)        
....................   { 
....................       LCD_RS = 1;      
*
0274:  BSF    1A.2
....................       LCD_XUAT_8BIT(LCD_DATA_X); 
0276:  MOVFF  42B,42D
027A:  RCALL  010C
....................       DELAY_US(20); 
027C:  MOVLW  20
027E:  MOVWF  00
0280:  DECFSZ 00,F
0282:  BRA    0280
0284:  BRA    0286
0286:  NOP   
0288:  RETURN 0
....................   } 
....................    
.................... VOID SETUP_LCD () 
.................... {                      
....................          LCD_E  = 0;  
*
0164:  BCF    1A.0
....................          LCD_RW = 0;  
0166:  BCF    1A.1
....................          LCD_RS = 1;  
0168:  BSF    1A.2
....................          LCD_P =0; 
016A:  BCF    1A.3
....................          LCD_COMMAND(LCD_FUNCTION_SET);          
016C:  MOVLW  38
016E:  MOVLB  4
0170:  MOVWF  x2C
0172:  MOVLB  0
0174:  RCALL  0126
....................          DELAY_US(40); 
0176:  MOVLW  42
0178:  MOVWF  00
017A:  DECFSZ 00,F
017C:  BRA    017A
017E:  NOP   
....................          LCD_COMMAND(LCD_DISPLAY_CONTROL);    
0180:  MOVLW  0C
0182:  MOVLB  4
0184:  MOVWF  x2C
0186:  MOVLB  0
0188:  RCALL  0126
....................          DELAY_US(40); 
018A:  MOVLW  42
018C:  MOVWF  00
018E:  DECFSZ 00,F
0190:  BRA    018E
0192:  NOP   
....................          LCD_COMMAND(LCD_CLEAR_DISPLAY);       
0194:  MOVLW  01
0196:  MOVLB  4
0198:  MOVWF  x2C
019A:  MOVLB  0
019C:  RCALL  0126
....................          DELAY_MS(2); 
019E:  MOVLW  02
01A0:  MOVLB  4
01A2:  MOVWF  x2A
01A4:  MOVLB  0
01A6:  RCALL  013C
....................          LCD_COMMAND(LCD_ENTRY_MODE);        
01A8:  MOVLW  06
01AA:  MOVLB  4
01AC:  MOVWF  x2C
01AE:  MOVLB  0
01B0:  RCALL  0126
....................          DELAY_US(40);                 
01B2:  MOVLW  42
01B4:  MOVWF  00
01B6:  DECFSZ 00,F
01B8:  BRA    01B6
01BA:  NOP   
01BC:  GOTO   062A (RETURN)
.................... } 
....................  
.................... CONST UNSIGNED CHAR LCD_SO_X[10][6] ={ 
....................                   0,1,2,5,3,4,               // SO 0 
....................                   1,2,32,3,7,3,              // SO 1 
....................                   6,6,2,5,3,3,               // SO 2 
....................                   6,6,2,3,3,4,               // SO 3 
....................                   7,3,7,32,32,7,             // SO 4 
....................                   7,6,6,3,3,4,               // SO 5 
....................                   0,6,6,5,3,4,               // SO 6 
....................                   1,1,7,32,32,7,             // SO 7 
....................                   0,6,2,5,3,4,               // SO 8 
....................                   0,6,2,3,3,4};             // SO 9 
....................                    
.................... CONST UNSIGNED CHAR LCD_MA_8DOAN[] = { 
....................    0x07,0x0F,0x1F,0x1F,0x1F,0x1F,0x1F,0x1F,  //DOAN F - 0 
....................    0x1F,0x1F,0x1F,0X00,0X00,0X00,0X00,0X00,  //DOAN A - 1 
....................    0x1C,0x1E,0x1F,0x1F,0x1F,0x1F,0x1F,0x1F,  //DOAN B - 2 
....................    0X00,0X00,0X00,0X00,0X00,0x1F,0x1F,0x1F,  //DOAN D - 3 
....................    0x1F,0x1F,0x1F,0x1F,0x1F,0x1F,0x1E,0x1C,  //DOAN C - 4 
....................    0x1F,0x1F,0x1F,0x1F,0x1F,0x1F,0x0F,0x07,  //DOAN E - 5 
....................    0x1F,0x1F,0x1F,0X00,0X00,0X00,0x1F,0x1F,  //DOAN G+D-6  
....................    0x1F,0x1F,0x1F,0x1F,0x1F,0x1F,0x1F,0x1F}; //DOAN I  -7 
....................     
.................... VOID LCD_GOTO_XY(SIGNED INT8 X, SIGNED INT8 Y) 
.................... {  
....................    CONST UNSIGNED INT8 LCD_VITRI[]={0x80,0xC0,0x94,0xD4}; 
....................    LCD_COMMAND(LCD_VITRI[X]+Y); 
*
0252:  CLRF   03
0254:  MOVLB  4
0256:  MOVF   x29,W
0258:  MOVFF  FF2,42B
025C:  BCF    FF2.7
025E:  MOVLB  0
0260:  RCALL  0024
0262:  MOVLB  4
0264:  BTFSC  x2B.7
0266:  BSF    FF2.7
0268:  ADDWF  x2A,W
026A:  MOVWF  x2B
026C:  MOVWF  x2C
026E:  MOVLB  0
0270:  RCALL  0126
0272:  RETURN 0
.................... } 
....................  
.................... VOID XXX() 
.................... {  
....................    SIGNED INT8 X; 
....................    X= LCD_SO_X[0][0]; 
....................    X= LCD_MA_8DOAN[0]; 
.................... } 
....................  
.................... #INCLUDE  <TV_PICKIT2_SHIFT_GLCD128X64.C> 
.................... UNSIGNED INT8 GLCD_CONTROL;   
.................... #bit GLCD_P    = GLCD_CONTROL.5 
.................... #bit GLCD_RS   = GLCD_CONTROL.4 
.................... #bit GLCD_RW   = GLCD_CONTROL.3 
.................... #bit GLCD_E    = GLCD_CONTROL.2 
.................... #bit GLCD_CS2  = GLCD_CONTROL.1 
.................... #bit GLCD_CS1  = GLCD_CONTROL.0 
....................  
.................... //#DEFINE GLCD_FUNCTION_SET       0X30 
.................... #DEFINE GLCD_TEXT_MODE          0x30 
.................... #DEFINE GLCD_GRAPHIC_MODE       0x36  
....................  
.................... #DEFINE GLCD_CLEAR_DISPLAY      0X01 
.................... #DEFINE GLCD_CURSOR_DISPLAY     0X0C 
.................... #DEFINE GLCD_ENTRY_MODE         0X06 
....................  
....................  
.................... #DEFINE GLCD_ADDR_LINE1         0X80 
.................... #DEFINE GLCD_ADDR_LINE2         0X90 
.................... #DEFINE GLCD_ADDR_LINE3         0X88 
.................... #DEFINE GLCD_ADDR_LINE4         0X98 
....................  
.................... VOID GLCD_XUAT_8BIT(INT8 GLCD_DATA1) 
.................... { 
....................       GLCD_E=1; XUAT_GLCD128X64(GLCD_CONTROL,GLCD_DATA1);      
*
01D4:  BSF    1B.2
01D6:  MOVFF  1B,42D
01DA:  MOVFF  42C,42E
01DE:  RCALL  01C0
....................       GLCD_E=0; XUAT_GLCD128X64(GLCD_CONTROL,GLCD_DATA1);  
01E0:  BCF    1B.2
01E2:  MOVFF  1B,42D
01E6:  MOVFF  42C,42E
01EA:  RCALL  01C0
01EC:  RETURN 0
.................... } 
....................  
.................... void GLCD_COMMAND(INT8 GLCD_DATA2)    
....................   { 
....................       GLCD_RS = 0; 
01EE:  BCF    1B.4
....................       GLCD_XUAT_8BIT(GLCD_DATA2);       
01F0:  MOVFF  42A,42C
01F4:  RCALL  01D4
01F6:  RETURN 0
....................   } 
.................... void GLCD_DATA(INT8 GLCD_DATA3)        
....................   { 
....................       GLCD_RS = 1;      
*
02AC:  BSF    1B.4
....................       GLCD_XUAT_8BIT(GLCD_DATA3);      
02AE:  MOVFF  42B,42C
02B2:  RCALL  01D4
02B4:  RETURN 0
....................   } 
....................    
....................   VOID GLCD_DATA_X(INT8 GLCD_DATA3) 
.................... { 
....................       GLCD_RS = 1;      
....................       GLCD_XUAT_8BIT(0XA1); 
....................       GLCD_XUAT_8BIT(0X40);   
.................... } 
.................... VOID SETUP_GLCD (INT8 GLCD_FUNCTION_SET_MODE) 
.................... {                      
....................          GLCD_CS1 = 1; 
*
01F8:  BSF    1B.0
....................          GLCD_CS2 = 1; 
01FA:  BSF    1B.1
....................          GLCD_E  = 0; 
01FC:  BCF    1B.2
....................          GLCD_RW = 0;           
01FE:  BCF    1B.3
....................          GLCD_P =0;          
0200:  BCF    1B.5
....................          GLCD_COMMAND(GLCD_FUNCTION_SET_MODE);          
0202:  MOVFF  429,42A
0206:  RCALL  01EE
....................          DELAY_US(10); 
0208:  MOVLW  10
020A:  MOVWF  00
020C:  DECFSZ 00,F
020E:  BRA    020C
0210:  NOP   
....................          GLCD_COMMAND(GLCD_CURSOR_DISPLAY);        
0212:  MOVLW  0C
0214:  MOVLB  4
0216:  MOVWF  x2A
0218:  MOVLB  0
021A:  RCALL  01EE
....................          DELAY_US(10);     
021C:  MOVLW  10
021E:  MOVWF  00
0220:  DECFSZ 00,F
0222:  BRA    0220
0224:  NOP   
....................          GLCD_COMMAND(GLCD_CLEAR_DISPLAY);       
0226:  MOVLW  01
0228:  MOVLB  4
022A:  MOVWF  x2A
022C:  MOVLB  0
022E:  RCALL  01EE
....................          DELAY_MS(2); 
0230:  MOVLW  02
0232:  MOVLB  4
0234:  MOVWF  x2A
0236:  MOVLB  0
0238:  RCALL  013C
....................          GLCD_COMMAND(GLCD_ENTRY_MODE);       
023A:  MOVLW  06
023C:  MOVLB  4
023E:  MOVWF  x2A
0240:  MOVLB  0
0242:  RCALL  01EE
....................          DELAY_US(10);                           
0244:  MOVLW  10
0246:  MOVWF  00
0248:  DECFSZ 00,F
024A:  BRA    0248
024C:  NOP   
024E:  GOTO   0634 (RETURN)
.................... } 
....................  
.................... #DEFINE GLCD_NGANG     16 //256 PIXEL 
.................... #DEFINE GLCD_DOC       32 //32 HANG 
.................... #DEFINE GLCD_WIDTH     128 //DANH CHO THU VIEN GRAPHIC.C 
.................... int8 DOC, NGANG; 
....................  
.................... typedef union  
.................... {  
....................   unsigned int16 word;  
....................   unsigned int8 nbyte[2];  
.................... } Dots;  
....................  
.................... typedef struct  
.................... {  
....................   int1 refresh;  
....................   Dots PIXEL[GLCD_DOC][GLCD_NGANG];     
....................   } GD_RAM;     
....................  
.................... GD_RAM gdram_vdk;  
....................  
....................  
.................... void GLCD_MAU_NEN(int1 GLCD_COLOR)  
.................... {   
....................   int16 d;  
....................   if(GLCD_COLOR)  d=0xffff; else d=0; 
....................   for (DOC=0; DOC < GLCD_DOC; DOC++)  
....................   {  
....................     for (NGANG=0; NGANG < GLCD_NGANG; NGANG++)  
....................     {  
....................       gdram_vdk.PIXEL[DOC][NGANG].word = d;  
....................     }  
....................   }  
....................   gdram_vdk.refresh = TRUE;  
.................... }  
....................  
.................... void glcd_pixel(int8 x, int8 y, int1 color)  
.................... {  
....................   int8  b;  
....................   if(y>31){x += 128; y-= 32;};  
....................   DOC = y;  
....................   NGANG = x/16;  
....................   b = 15 - (x % 16);  
....................    
....................   if (color == 1) bit_set (gdram_vdk.PIXEL[DOC][NGANG].word, b);  
....................   else bit_clear (gdram_vdk.PIXEL[DOC][NGANG].word, b);  
....................   gdram_vdk.refresh = TRUE;  
.................... }  
....................  
....................  
.................... void GDRAM_VDK_TO_GDRAM_GLCD_ALL()  
.................... {  
....................   if (gdram_vdk.refresh)  
....................   {  
....................     for (DOC = 0; DOC <GLCD_DOC; DOC++)  
....................     {  
....................       GLCD_COMMAND( 0x80 | DOC);   // Set Vertical Address.  
....................       GLCD_COMMAND( 0x80 | 0);   // Set Horizontal Address.  
....................  
....................       for (NGANG=0; NGANG <GLCD_NGANG; NGANG++)  
....................       {  
....................         GLCD_DATA( gdram_vdk.PIXEL[DOC][NGANG].nbyte[1]);   // Write High Byte.  
....................         GLCD_DATA( gdram_vdk.PIXEL[DOC][NGANG].nbyte[0]);   // Write Low Byte.  
....................       }  
....................     }  
....................     gdram_vdk.refresh = FALSE;  
....................   }  
.................... }  
....................  
.................... void GDRAM_VDK_TO_GDRAM_GLCD_AREA (int8 x,int8 y,int8 rong, int8 cao) 
.................... { 
....................   int8 hesox,hesoy;  
....................   if (gdram_vdk.refresh)  
....................   {  
....................       if((x/16)!=(x + rong)/16) 
....................             rong=((rong+15)/16)+1; 
....................       else rong=((rong+15)/16);  
....................        
....................       x = x/16; 
....................       for (DOC = y; DOC <(y+cao); DOC++)  
....................       {  
....................          if(DOC>31) 
....................             {   
....................                hesox = 8+x; 
....................                hesoy = DOC-32; 
....................                } 
....................          else {hesox = x; hesoy = DOC;} 
....................          GLCD_COMMAND( 0x80 |hesoy);    
....................          GLCD_COMMAND( 0x80 |hesox);   
....................        
....................          for (NGANG=hesox; NGANG <(hesox+rong); NGANG++)  
....................          {  
....................             GLCD_DATA( gdram_vdk.PIXEL[hesoy][NGANG].nbyte[1]);   // Write High Byte.  
....................             GLCD_DATA( gdram_vdk.PIXEL[hesoy][NGANG].nbyte[0]);   // Write Low Byte.  
....................          }  
....................        }  
....................     gdram_vdk.refresh = FALSE;  
....................   }       
.................... } 
....................  
....................  
.................... //!const unsigned char Logo_DHSPKTTP []= { 0X00,0X01,0X2E,0X00,0X39,0X00, 
.................... //!0X00,0X00,0X00,0X00,0X00,0X00,0X00,0X00,0X00,0X00,0X00,0X00,0X00,0X00,0X00,0X00, 
.................... //!0X00,0X00,0X00,0X00,0X00,0X00,0X00,0X00,0X00,0X00,0X00,0X00,0X00,0X00,0X00,0X00, 
.................... //!0X00,0X00,0X00,0X00,0X00,0X00,0X00,0X00,0X00,0X00,0X00,0X00,0X02,0X00,0X00,0X00, 
.................... //!0X00,0X00,0X02,0X00,0X00,0X00,0X00,0X00,0X02,0X04,0X00,0X00,0X00,0X01,0X02,0X0C, 
.................... //!0X00,0X00,0X00,0X01,0X82,0X0C,0X00,0X00,0X00,0X00,0X80,0X08,0X00,0X00,0X00,0X00, 
.................... //!0X80,0X00,0X00,0X00,0X00,0X00,0X0F,0X80,0X00,0X00,0X00,0X00,0X3F,0XC0,0X00,0X00, 
.................... //!0X00,0X70,0X70,0X70,0X70,0X00,0X00,0X38,0XC8,0X18,0XE0,0X00,0X00,0X18,0XD8,0X18, 
.................... //!0XC0,0X00,0X00,0X01,0XB0,0X0C,0X00,0X00,0X00,0X01,0XA0,0X0C,0X00,0X00,0X00,0X01, 
.................... //!0X60,0X0C,0X00,0X00,0X00,0X01,0X00,0X04,0X00,0X00,0X00,0X01,0X00,0X04,0X00,0X00, 
.................... //!0X00,0X31,0X00,0X04,0X00,0X00,0X00,0X79,0X80,0X0C,0XF0,0X00,0X00,0X71,0X80,0X0C, 
.................... //!0X70,0X00,0X00,0X01,0X80,0X0C,0X00,0X00,0X00,0X00,0XC0,0X18,0X00,0X00,0X00,0X00, 
.................... //!0XC0,0X18,0X00,0X00,0X00,0X00,0X60,0X30,0X00,0X00,0X00,0X00,0X60,0X30,0X00,0X00, 
.................... //!0X00,0X00,0X20,0X20,0X00,0X00,0X00,0X00,0X30,0X60,0X00,0X00,0X00,0X00,0X30,0X60, 
.................... //!0X00,0X00,0X00,0X00,0X3F,0XE0,0X00,0X00,0X00,0X00,0X3F,0XE0,0X00,0X00,0X00,0X00, 
.................... //!0X3F,0XE0,0X00,0X00,0X00,0X00,0X3F,0XE0,0X00,0X00,0X00,0X00,0X1F,0X80,0X00,0X00, 
.................... //!0X00,0X00,0X3E,0X60,0X00,0X00,0X00,0X00,0X39,0XE0,0X00,0X00,0X00,0X00,0X07,0XE0, 
.................... //!0X00,0X00,0X00,0X00,0X1F,0X80,0X00,0X00,0X00,0X00,0X3E,0X60,0X00,0X00,0X00,0X00, 
.................... //!0X3D,0XE0,0X00,0X00,0X00,0X00,0X3F,0XE0,0X00,0X00,0X00,0X00,0X1F,0XC0,0X00,0X00, 
.................... //!0X00,0X00,0X0F,0X80,0X00,0X00,0X00,0X00,0X02,0X00,0X00,0X00,0X00,0X00,0X00,0X00, 
.................... //!0X00,0X00,0X00,0X00,0X00,0X00,0X00,0X00,0X00,0X00,0X00,0X00,0X00,0X00,0X00,0X00, 
.................... //!0X00,0X00,0X00,0X00,0X00,0X00,0X00,0X00,0X00,0X00,0X00,0X00,0X00,0X00,0X00,0X00, 
.................... //!0X00,0X00,0X00,0X00,0X00,0X00,}; 
.................... //! 
.................... const unsigned char Logo_DHSPKTTP [] = { 
.................... 0x00, 0x00, 0x00, 0x00, 0x00, 0x00, 0x00, 0x00, 0x00, 0x00, 0x00, 0x00, 0x00, 0x00, 0x00, 0x00, 
.................... 0x00, 0x00, 0x00, 0x00, 0x00, 0x00, 0x00, 0x00, 0x00, 0x00, 0x00, 0x01, 0x80, 0x00, 0x00, 0x00, 
.................... 0x00, 0x00, 0x00, 0x01, 0x80, 0x00, 0x00, 0x00, 0x00, 0x00, 0x00, 0x01, 0x80, 0x00, 0x00, 0x00, 
.................... 0x00, 0x00, 0x00, 0x07, 0xE0, 0x00, 0x00, 0x00, 0x00, 0x00, 0x00, 0x07, 0xA0, 0x00, 0x00, 0x00, 
.................... 0x00, 0x00, 0x00, 0x03, 0x20, 0x00, 0x00, 0x00, 0x00, 0x00, 0x00, 0x03, 0x20, 0x00, 0x00, 0x00, 
.................... 0x00, 0x00, 0x00, 0x02, 0x20, 0x00, 0x00, 0x00, 0x00, 0x00, 0x00, 0x02, 0x30, 0x00, 0x00, 0x00, 
.................... 0x00, 0x00, 0x00, 0x02, 0x30, 0x00, 0x00, 0x00, 0x00, 0x7F, 0x00, 0x00, 0x30, 0x00, 0x7E, 0x00, 
.................... 0x00, 0xFE, 0x00, 0x07, 0xE0, 0x00, 0x3F, 0x00, 0x01, 0xF8, 0x00, 0x03, 0xE0, 0x00, 0x1F, 0x80, 
.................... 0x03, 0xF0, 0x00, 0x01, 0xC0, 0x00, 0x0F, 0xC0, 0x03, 0xE0, 0x00, 0x01, 0xC0, 0x00, 0x07, 0xE0, 
.................... 0x07, 0xC0, 0x00, 0x03, 0xC0, 0x00, 0x03, 0xF0, 0x0F, 0xC0, 0x00, 0x17, 0xF4, 0x00, 0x01, 0xF0, 
.................... 0x0F, 0x80, 0x00, 0x1D, 0x98, 0x00, 0x00, 0xF8, 0x1F, 0x00, 0x00, 0x11, 0x8C, 0x00, 0x00, 0xF8, 
.................... 0x1F, 0x01, 0x00, 0x31, 0x84, 0x00, 0x80, 0x7C, 0x3E, 0x06, 0x00, 0x31, 0x86, 0x00, 0x20, 0x7C, 
.................... 0x3E, 0x18, 0x00, 0x71, 0x86, 0x00, 0x1C, 0x3E, 0x3C, 0x43, 0x00, 0x31, 0x84, 0x00, 0xC3, 0x3E, 
.................... 0x7C, 0x0C, 0x00, 0x11, 0x8C, 0x00, 0x38, 0x1E, 0x7C, 0x31, 0x00, 0x1D, 0x98, 0x00, 0x86, 0x1F, 
.................... 0x78, 0xC6, 0x00, 0x1F, 0xFC, 0x00, 0x63, 0x1F, 0x78, 0x18, 0x00, 0x03, 0xC0, 0x00, 0x0C, 0x1F, 
.................... 0xF8, 0x63, 0x80, 0x01, 0x80, 0x00, 0xC7, 0x0F, 0xF9, 0x8E, 0x00, 0x00, 0x00, 0x00, 0x38, 0x8F, 
.................... 0xF8, 0x38, 0x80, 0x00, 0x00, 0x01, 0x0C, 0x0F, 0xF8, 0xC3, 0x80, 0x00, 0x00, 0x00, 0xE3, 0x8F, 
.................... 0xF9, 0x8E, 0x00, 0x00, 0x00, 0x00, 0x30, 0xCF, 0xF8, 0x38, 0xF8, 0x00, 0x00, 0x1F, 0x9E, 0x0F, 
.................... 0xF8, 0xE3, 0xFE, 0x00, 0x00, 0x7F, 0xE3, 0x8F, 0xF9, 0x9F, 0xFF, 0xC0, 0x03, 0xFF, 0xF9, 0xCF, 
.................... 0x78, 0xFF, 0xFF, 0xE0, 0x07, 0xFF, 0xFF, 0x0F, 0x78, 0x1F, 0xFF, 0xE0, 0x07, 0xFF, 0xFC, 0x1F, 
.................... 0x7C, 0x07, 0xFF, 0xE0, 0x07, 0xFF, 0xE0, 0x1F, 0x7C, 0x00, 0xFF, 0xE0, 0x07, 0xFF, 0x80, 0x1E, 
.................... 0x7C, 0x00, 0x1F, 0xE0, 0x07, 0xFC, 0x00, 0x3E, 0x3E, 0x01, 0xCF, 0xE0, 0x07, 0xF3, 0x80, 0x3E, 
.................... 0x3E, 0x01, 0xFF, 0xE0, 0x03, 0xFF, 0x80, 0x7C, 0x1F, 0x01, 0xFF, 0xE0, 0x03, 0xFF, 0xC0, 0x7C, 
.................... 0x1F, 0x01, 0xFF, 0xC0, 0x03, 0xFF, 0xC0, 0xF8, 0x0F, 0x83, 0xFF, 0xC0, 0x01, 0xFF, 0xC0, 0xF8, 
.................... 0x0F, 0x83, 0xFF, 0xC0, 0x01, 0xFF, 0xC1, 0xF0, 0x07, 0xC3, 0xFF, 0x80, 0x01, 0xFF, 0xE3, 0xF0, 
.................... 0x03, 0xE3, 0xFF, 0x80, 0x01, 0xFF, 0xE7, 0xE0, 0x03, 0xF7, 0xFF, 0x80, 0x00, 0xFF, 0xEF, 0xC0, 
.................... 0x01, 0xFF, 0xFF, 0x80, 0x00, 0xFF, 0xFF, 0x80, 0x00, 0xFF, 0xFF, 0x00, 0x00, 0xFF, 0xFF, 0x80, 
.................... 0x00, 0x7F, 0xFF, 0x00, 0x00, 0xFF, 0xFF, 0x00, 0x00, 0x3F, 0xFF, 0x00, 0x00, 0xFF, 0xFE, 0x00, 
.................... 0x00, 0x1F, 0xFF, 0x00, 0x00, 0x7F, 0xF8, 0x00, 0x00, 0x0F, 0xFE, 0x00, 0x00, 0x7F, 0xF0, 0x00, 
.................... 0x00, 0x03, 0xFF, 0x00, 0x00, 0x7F, 0xE0, 0x00, 0x00, 0x00, 0xFF, 0xFC, 0x1F, 0xFF, 0x80, 0x00, 
.................... 0x00, 0x00, 0x7F, 0xFF, 0xFF, 0xFE, 0x00, 0x00, 0x00, 0x00, 0x0F, 0xFF, 0xFF, 0xF8, 0x00, 0x00, 
.................... 0x00, 0x00, 0x01, 0xFF, 0xFF, 0xC0, 0x00, 0x00, 0x00, 0x00, 0x00, 0x0F, 0xF0, 0x00, 0x00, 0x00 
.................... }; 
....................  
....................  
.................... void GLCD_XUAT_ANH(int width,int height,int x,int y)  
.................... {  
....................    unsigned int i=0, j=0, k=0;  
....................    unsigned int16 count=0;  
....................    for(j=0;j<height;j++)  
....................       {     
....................          for(;i<width;)  
....................          {  
....................             for(k=8;k>0;k--) 
....................             { 
....................                glcd_pixel(i+x,j+y,bit_test(Logo_DHSPKTTP[count],(k-1)));  
....................                i++;  
....................             }  
....................             count++;  
....................          }  
....................       i=0;  
....................       }  
.................... }  
....................  
....................  
.................... UNSIGNED INT16 T0,T0_TAM; 
.................... UNSIGNED INT8 CH_GLCD, TR_GLCD, DV_GLCD ; 
.................... UNSIGNED INT8 CH_LCD, TR_LCD, DV_LCD ; 
....................  
.................... VOID HIENTHI_LCD() 
.................... { 
....................    LCD_GOTO_XY (0, 17) ; 
*
031E:  MOVLB  4
0320:  CLRF   x29
0322:  MOVLW  11
0324:  MOVWF  x2A
0326:  MOVLB  0
0328:  RCALL  0252
....................    DELAY_US (20) ; 
032A:  MOVLW  20
032C:  MOVWF  00
032E:  DECFSZ 00,F
0330:  BRA    032E
0332:  BRA    0334
0334:  NOP   
....................     
....................    TR_LCD = T0 / 100 + 0x30 ; 
0336:  MOVFF  420,42E
033A:  MOVFF  41F,42D
033E:  MOVLB  4
0340:  CLRF   x30
0342:  MOVLW  64
0344:  MOVWF  x2F
0346:  MOVLB  0
0348:  RCALL  02D8
034A:  MOVLW  30
034C:  MOVLB  4
034E:  ADDWF  01,W
0350:  MOVWF  x27
....................     
....................    CH_LCD = (T0 / 10 %10) + 0x30 ; 
0352:  MOVFF  420,42E
0356:  MOVFF  41F,42D
035A:  CLRF   x30
035C:  MOVLW  0A
035E:  MOVWF  x2F
0360:  MOVLB  0
0362:  RCALL  02D8
0364:  MOVFF  02,42A
0368:  MOVFF  01,429
036C:  MOVFF  02,42E
0370:  MOVFF  01,42D
0374:  MOVLB  4
0376:  CLRF   x30
0378:  MOVLW  0A
037A:  MOVWF  x2F
037C:  MOVLB  0
037E:  RCALL  02D8
0380:  MOVLB  4
0382:  MOVLW  30
0384:  ADDWF  00,W
0386:  MOVWF  x26
....................     
....................    DV_LCD = T0 % 10 + 0x30 ; 
0388:  MOVFF  420,42E
038C:  MOVFF  41F,42D
0390:  CLRF   x30
0392:  MOVLW  0A
0394:  MOVWF  x2F
0396:  MOVLB  0
0398:  RCALL  02D8
039A:  MOVLB  4
039C:  MOVLW  30
039E:  ADDWF  00,W
03A0:  MOVWF  x28
....................     
....................    if(TR_LCD==0x30) 
03A2:  MOVF   x27,W
03A4:  SUBLW  30
03A6:  BNZ   03B6
....................    { 
....................       TR_LCD = " "; 
03A8:  MOVLW  20
03AA:  MOVWF  x27
....................       if (CH_LCD==0x30) 
03AC:  MOVF   x26,W
03AE:  SUBLW  30
03B0:  BNZ   03B6
....................       { 
....................          CH_LCD=" "; 
03B2:  MOVLW  20
03B4:  MOVWF  x26
....................       } 
....................    } 
....................    LCD_DATA(TR_LCD); 
03B6:  MOVFF  427,42B
03BA:  MOVLB  0
03BC:  RCALL  0274
....................    LCD_DATA(CH_LCD); 
03BE:  MOVFF  426,42B
03C2:  RCALL  0274
....................    LCD_DATA(DV_LCD); 
03C4:  MOVFF  428,42B
03C8:  RCALL  0274
03CA:  RETURN 0
.................... } 
....................  
.................... VOID HIENTHI_GLCD_T0() 
.................... { 
....................    GLCD_COMMAND (GLCD_ADDR_LINE2) ; 
03CC:  MOVLW  90
03CE:  MOVLB  4
03D0:  MOVWF  x2A
03D2:  MOVLB  0
03D4:  RCALL  01EE
....................    DELAY_US (20) ; 
03D6:  MOVLW  20
03D8:  MOVWF  00
03DA:  DECFSZ 00,F
03DC:  BRA    03DA
03DE:  BRA    03E0
03E0:  NOP   
....................     
....................    TR_GLCD = T0 / 100 + 0x30 ; 
03E2:  MOVFF  420,42E
03E6:  MOVFF  41F,42D
03EA:  MOVLB  4
03EC:  CLRF   x30
03EE:  MOVLW  64
03F0:  MOVWF  x2F
03F2:  MOVLB  0
03F4:  RCALL  02D8
03F6:  MOVLW  30
03F8:  MOVLB  4
03FA:  ADDWF  01,W
03FC:  MOVWF  x24
....................     
....................    CH_GLCD  = (T0 / 10 %10) + 0x30 ; 
03FE:  MOVFF  420,42E
0402:  MOVFF  41F,42D
0406:  CLRF   x30
0408:  MOVLW  0A
040A:  MOVWF  x2F
040C:  MOVLB  0
040E:  RCALL  02D8
0410:  MOVFF  02,42A
0414:  MOVFF  01,429
0418:  MOVFF  02,42E
041C:  MOVFF  01,42D
0420:  MOVLB  4
0422:  CLRF   x30
0424:  MOVLW  0A
0426:  MOVWF  x2F
0428:  MOVLB  0
042A:  RCALL  02D8
042C:  MOVLB  4
042E:  MOVLW  30
0430:  ADDWF  00,W
0432:  MOVWF  x23
....................     
....................    DV_GLCD  = T0 % 10 + 0x30 ; 
0434:  MOVFF  420,42E
0438:  MOVFF  41F,42D
043C:  CLRF   x30
043E:  MOVLW  0A
0440:  MOVWF  x2F
0442:  MOVLB  0
0444:  RCALL  02D8
0446:  MOVLB  4
0448:  MOVLW  30
044A:  ADDWF  00,W
044C:  MOVWF  x25
....................     
....................    if(TR_GLCD ==0x30) 
044E:  MOVF   x24,W
0450:  SUBLW  30
0452:  BNZ   0462
....................    { 
....................       TR_GLCD  = " "; 
0454:  MOVLW  20
0456:  MOVWF  x24
....................       if (CH_GLCD ==0x30) 
0458:  MOVF   x23,W
045A:  SUBLW  30
045C:  BNZ   0462
....................       { 
....................          CH_GLCD =" "; 
045E:  MOVLW  20
0460:  MOVWF  x23
....................       } 
....................    } 
....................    GLCD_DATA(TR_GLCD ); 
0462:  MOVFF  424,42B
0466:  MOVLB  0
0468:  RCALL  02AC
....................    GLCD_DATA(CH_GLCD ); 
046A:  MOVFF  423,42B
046E:  RCALL  02AC
....................    GLCD_DATA(DV_GLCD ); 
0470:  MOVFF  425,42B
0474:  RCALL  02AC
0476:  RETURN 0
.................... } 
....................  
....................  
.................... VOID MAIN() 
*
05FA:  CLRF   FF8
05FC:  BCF    FD0.7
05FE:  CLRF   06
0600:  CLRF   0D
0602:  CLRF   0E
0604:  CLRF   0F
0606:  CLRF   10
0608:  CLRF   19
060A:  MOVF   FC1,W
060C:  ANDLW  C0
060E:  IORLW  0F
0610:  MOVWF  FC1
0612:  MOVLW  07
0614:  MOVWF  FB4
0616:  SETF   11
0618:  SETF   12
061A:  SETF   13
061C:  SETF   14
061E:  SETF   15
0620:  SETF   16
0622:  SETF   17
0624:  SETF   18
.................... { 
....................    SET_UP_PORT_IC_CHOT () ; 
0626:  BRA    0054
....................    SETUP_LCD () ; 
0628:  BRA    0164
....................    SETUP_GLCD (GLCD_TEXT_MODE) ; 
062A:  MOVLW  30
062C:  MOVLB  4
062E:  MOVWF  x29
0630:  MOVLB  0
0632:  BRA    01F8
....................    LCD_GOTO_XY (0, 0) ; 
0634:  MOVLB  4
0636:  CLRF   x29
0638:  CLRF   x2A
063A:  MOVLB  0
063C:  RCALL  0252
....................    LCD_DATA ("DEM SAN PHAM:") ; 
063E:  MOVLW  38
0640:  MOVWF  FF6
0642:  MOVLW  00
0644:  MOVWF  FF7
0646:  BRA    028A
....................    GLCD_COMMAND (GLCD_ADDR_LINE1) ; 
0648:  MOVLW  80
064A:  MOVLB  4
064C:  MOVWF  x2A
064E:  MOVLB  0
0650:  RCALL  01EE
....................    GLCD_DATA ("DEM SAN PHAM:") ; 
0652:  MOVLW  46
0654:  MOVWF  FF6
0656:  MOVLW  00
0658:  MOVWF  FF7
065A:  BRA    02B6
....................     
....................    SETUP_TIMER_0 (T0_EXT_L_TO_H|T0_DIV_1|T0_8_BIT) ; 
065C:  MOVLW  E8
065E:  MOVWF  FD5
....................    SET_TIMER0 (0) ; 
0660:  CLRF   FD7
0662:  CLRF   FD6
....................    T0 = T0_TAM = 0; 
0664:  MOVLB  4
0666:  CLRF   x22
0668:  CLRF   x21
066A:  MOVFF  422,420
066E:  MOVFF  421,41F
....................    HIENTHI_LCD () ; 
0672:  MOVLB  0
0674:  RCALL  031E
....................    HIENTHI_GLCD_T0(); 
0676:  RCALL  03CC
....................    XUAT_4LED_7DOAN_GIAIMA_XOA_SO0 (T0) ; 
0678:  MOVFF  420,42A
067C:  MOVFF  41F,429
0680:  RCALL  04A4
....................     
....................    WHILE (TRUE) 
....................    { 
....................        
....................        
....................       T0 = GET_TIMER0 () ; 
0682:  MOVF   FD6,W
0684:  MOVLB  4
0686:  MOVWF  x1F
0688:  MOVFF  FD7,420
....................  
....................       IF (T0 != T0_TAM) 
068C:  MOVF   x21,W
068E:  SUBWF  x1F,W
0690:  BNZ   0698
0692:  MOVF   x22,W
0694:  SUBWF  x20,W
0696:  BZ    06B2
....................       { 
....................          T0_TAM = T0; 
0698:  MOVFF  420,422
069C:  MOVFF  41F,421
....................          HIENTHI_LCD () ; 
06A0:  MOVLB  0
06A2:  RCALL  031E
....................          HIENTHI_GLCD_T0(); 
06A4:  RCALL  03CC
....................          XUAT_4LED_7DOAN_GIAIMA_XOA_SO0 (T0) ; 
06A6:  MOVFF  420,42A
06AA:  MOVFF  41F,429
06AE:  RCALL  04A4
06B0:  MOVLB  4
....................       } 
....................  
....................        
....................       IF (T0 >= 101) SET_TIMER0 (1); 
06B2:  MOVF   x20,F
06B4:  BNZ   06BC
06B6:  MOVF   x1F,W
06B8:  SUBLW  64
06BA:  BC    06C2
06BC:  CLRF   FD7
06BE:  MOVLW  01
06C0:  MOVWF  FD6
06C2:  MOVLB  0
06C4:  BRA    0682
....................    } 
.................... } 
....................  
06C6:  SLEEP 
....................  

Configuration Fuses:
   Word  1: CC27   PLL12 CPUDIV1 USBDIV HS FCMEN IESO
   Word  2: 1E3E   PUT BROWNOUT BORV21 VREGEN NOWDT WDT32768
   Word  3: 8700   CCP2C1 PBADEN LPT1OSC MCLR
   Word  4: 00A1   STVREN NOLVP ICSP2 NOXINST NODEBUG
   Word  5: C00F   NOPROTECT NOCPB NOCPD
   Word  6: E00F   NOWRT NOWRTC NOWRTB NOWRTD
   Word  7: 400F   NOEBTR NOEBTRB
