CCS PCH C Compiler, Version 5.015, 5967               22-Jun-20 15:28

               Filename:   C:\Users\tsqua\OneDrive - student.mtsac.edu\Desktop\BAI_TAP_VXL_NEW_3\BAI_644_LCD_DEM_SP_KiThuLon.lst

               ROM used:   1432 bytes (4%)
                           Largest free fragment is 31336
               RAM used:   35 (2%) at main() level
                           51 (2%) worst case
               Stack used: 8 locations
               Stack size: 31

*
0000:  GOTO   04FC
.................... // Hieu chinh bai 616: Hien thi so LCD kich thuoc lon 
....................  
.................... #INCLUDE <TV_PICKIT2_SHIFT_1.C> 
.................... #INCLUDE    <18F4550.H> 
.................... //////////// Standard Header file for the PIC18F4550 device //////////////// 
.................... /////////////////////////////////////////////////////////////////////////// 
.................... ////        (C) Copyright 1996, 2013 Custom Computer Services          //// 
.................... //// This source code may only be used by licensed users of the CCS C  //// 
.................... //// compiler.  This source code may only be distributed to other      //// 
.................... //// licensed users of the CCS C compiler.  No other use, reproduction //// 
.................... //// or distribution is permitted without written permission.          //// 
.................... //// Derivative programs created using this software in object code    //// 
.................... //// form are not restricted in any way.                               //// 
.................... /////////////////////////////////////////////////////////////////////////// 
.................... #device PIC18F4550 
0004:  CLRF   FF7
0006:  ADDLW  14
0008:  MOVWF  FF6
000A:  MOVLW  00
000C:  ADDWFC FF7,F
000E:  TBLRD*+
0010:  MOVF   FF5,W
0012:  RETURN 0
0014:  DATA C0,F9
0016:  DATA A4,B0
0018:  DATA 99,92
001A:  DATA 82,F8
001C:  DATA 80,90
001E:  DATA 88,83
0020:  DATA C6,A1
0022:  DATA 86,8E
0024:  CLRF   FF7
0026:  ADDLW  34
0028:  MOVWF  FF6
002A:  MOVLW  00
002C:  ADDWFC FF7,F
002E:  TBLRD*+
0030:  MOVF   FF5,W
0032:  RETURN 0
0034:  DATA 00,01
0036:  DATA 02,05
0038:  DATA 03,04
003A:  DATA 01,02
003C:  DATA 20,03
003E:  DATA 07,03
0040:  DATA 06,06
0042:  DATA 02,05
0044:  DATA 03,03
0046:  DATA 06,06
0048:  DATA 02,03
004A:  DATA 03,04
004C:  DATA 07,03
004E:  DATA 07,20
0050:  DATA 20,07
0052:  DATA 07,06
0054:  DATA 06,03
0056:  DATA 03,04
0058:  DATA 00,06
005A:  DATA 06,05
005C:  DATA 03,04
005E:  DATA 01,01
0060:  DATA 07,20
0062:  DATA 20,07
0064:  DATA 00,06
0066:  DATA 02,05
0068:  DATA 03,04
006A:  DATA 00,06
006C:  DATA 02,03
006E:  DATA 03,04
0070:  CLRF   FF7
0072:  ADDLW  80
0074:  MOVWF  FF6
0076:  MOVLW  00
0078:  ADDWFC FF7,F
007A:  TBLRD*+
007C:  MOVF   FF5,W
007E:  RETURN 0
0080:  DATA 80,C0
0082:  DATA 94,D4
0084:  DATA 44,45
0086:  DATA 4D,20
0088:  DATA 53,41
008A:  DATA 4E,20
008C:  DATA 50,48
008E:  DATA 41,4D
0090:  DATA 3A,00
*
0214:  TBLRD*+
0216:  MOVF   FF5,F
0218:  BZ    0232
021A:  MOVFF  FF6,23
021E:  MOVFF  FF7,24
0222:  MOVFF  FF5,29
0226:  RCALL  01FE
0228:  MOVFF  23,FF6
022C:  MOVFF  24,FF7
0230:  BRA    0214
0232:  GOTO   053C (RETURN)
0236:  CLRF   01
0238:  CLRF   02
023A:  CLRF   00
023C:  CLRF   03
023E:  MOVF   2A,W
0240:  BNZ   0246
0242:  MOVF   29,W
0244:  BZ    0276
0246:  MOVLW  10
0248:  MOVWF  2B
024A:  BCF    FD8.0
024C:  RLCF   27,F
024E:  RLCF   28,F
0250:  RLCF   00,F
0252:  RLCF   03,F
0254:  MOVF   2A,W
0256:  SUBWF  03,W
0258:  BNZ   025E
025A:  MOVF   29,W
025C:  SUBWF  00,W
025E:  BNC   026E
0260:  MOVF   29,W
0262:  SUBWF  00,F
0264:  BTFSS  FD8.0
0266:  DECF   03,F
0268:  MOVF   2A,W
026A:  SUBWF  03,F
026C:  BSF    FD8.0
026E:  RLCF   01,F
0270:  RLCF   02,F
0272:  DECFSZ 2B,F
0274:  BRA    024A
0276:  RETURN 0
0278:  CLRF   00
027A:  CLRF   01
027C:  MOVF   28,W
027E:  BCF    FD8.0
0280:  BTFSC  29.0
0282:  ADDWF  00,F
0284:  RRCF   00,F
0286:  RRCF   01,F
0288:  BTFSC  29.1
028A:  ADDWF  00,F
028C:  RRCF   00,F
028E:  RRCF   01,F
0290:  BTFSC  29.2
0292:  ADDWF  00,F
0294:  RRCF   00,F
0296:  RRCF   01,F
0298:  BTFSC  29.3
029A:  ADDWF  00,F
029C:  RRCF   00,F
029E:  RRCF   01,F
02A0:  BTFSC  29.4
02A2:  ADDWF  00,F
02A4:  RRCF   00,F
02A6:  RRCF   01,F
02A8:  BTFSC  29.5
02AA:  ADDWF  00,F
02AC:  RRCF   00,F
02AE:  RRCF   01,F
02B0:  BTFSC  29.6
02B2:  ADDWF  00,F
02B4:  RRCF   00,F
02B6:  RRCF   01,F
02B8:  BTFSC  29.7
02BA:  ADDWF  00,F
02BC:  RRCF   00,F
02BE:  RRCF   01,F
02C0:  GOTO   02F4 (RETURN)
....................  
.................... #list 
....................  
.................... #DEVICE     ADC=10 
.................... #FUSES      NOWDT,PUT,HS,NOPROTECT,NOLVP,CPUDIV1 
.................... #USE        I2C(MASTER,SLOW,SDA=PIN_B0,SCL=PIN_B1) 
.................... #USE        DELAY(CLOCK=20000000) 
*
0174:  CLRF   FEA
0176:  MOVLW  23
0178:  MOVWF  FE9
017A:  MOVF   FEF,W
017C:  BZ    0198
017E:  MOVLW  06
0180:  MOVWF  01
0182:  CLRF   00
0184:  DECFSZ 00,F
0186:  BRA    0184
0188:  DECFSZ 01,F
018A:  BRA    0182
018C:  MOVLW  7B
018E:  MOVWF  00
0190:  DECFSZ 00,F
0192:  BRA    0190
0194:  DECFSZ FEF,F
0196:  BRA    017E
0198:  GOTO   01D0 (RETURN)
.................... //#USE        rs232(baud=9600, xmit=PIN_C6,rcv=PIN_C7) 
.................... //NUT NHAN: 
.................... #DEFINE  BT0     PIN_B5 
.................... #DEFINE  BT1     PIN_B4 
.................... #DEFINE  BT2     PIN_B3 
.................... #DEFINE  BT3     PIN_B2 
....................  
.................... #DEFINE  ON      BT0       //DK LED DON, MOTOR 
.................... #DEFINE  OFF     BT1 
.................... #DEFINE  INV     BT2 
....................  
.................... #DEFINE  UP      BT0    //DK LED DON 
.................... #DEFINE  DW      BT1 
.................... #DEFINE  CLR     BT2 
.................... #DEFINE  MOD     BT3 
....................  
.................... #DEFINE  STOP    BT3 
....................  
.................... #DEFINE  ON1     BT0      
.................... #DEFINE  OFF1    BT1 
.................... #DEFINE  ON2     BT2        
.................... #DEFINE  OFF2    BT3 
....................  
....................  
.................... #DEFINE     TRIGGER      PIN_E2 
.................... #DEFINE     ECHO         PIN_E1 
.................... //   IC74138_A    PIN_B6   //OUTPUT GIAI MA 2 SANG 4 TICH CUC MUC 0 
.................... //   IC74138_B    PIN_B7   //OUTPUT GIAI MA 2 SANG 4 TICH CUC MUC 0 
....................  
.................... //          ENCODER  PIN_C0   //RC0/T13CKI 
....................  
.................... //          CB_KC    PIN_A2   //RA2/AN2 
.................... //          PIR      PIN_A3   //RA3/AN3 
.................... //          CBXUNG   PIN_A4   //RA4/T0CKI 
.................... //          LEDTHU   PIN_A4   //RA4/T0CKI//SW802 
....................  
.................... //          CB_KCSA_TRIGGER  PIN_E2   //RE2/SDO  DUNG CHUNG 
.................... //          CB_KCSA_RCHO     PIN_E1   //RE1 
....................  
.................... //          CB_TCS3200_OUT    PIN_E1   //RE1 //CAM BIEN MAU TCS3200 
.................... //          CB_TCS3200_S0     B12      //LAY TU MBI5026 
.................... //          CB_TCS3200_S1     B13      //LAY TU MBI5026 
.................... //          CB_TCS3200_S2     B14      //LAY TU MBI5026 
.................... //          CB_TCS3200_S3     B15      //LAY TU MBI5026 
....................  
.................... //          CB_POWER  SW803 
.................... //          CB_GAS      AIN3_PCF8591T   //RE1 
.................... //          CB_QUANG    AIN2_PCF8591T    
.................... //          CB_LM35B    AIN1_PCF8591T   //RA1/AN1 
.................... //          CB_LM35A    AIN0_PCF8591T   //RE1/AN0 
....................  
.................... //XXXXXXXXXXXXXXXXXXXXXXXXXXXXXXXXXXXXXXXXXXXXXXXXX 
.................... #DEFINE      ENABLE_573A      PIN_D1         //CS0 CUA A 
.................... #DEFINE      ENABLE_573B      PIN_D0         //CS1 CUA B 
.................... //XXXXXXXXXXXXXXXXXXXXXXXXXXXXXXXXXXXXXXXXXXXXXXXXX 
.................... #DEFINE      SSDO             PIN_E2         //CHUNG TAT CA 
.................... #DEFINE      SSCK             PIN_E0         //CHUNG TAT CA 
.................... //XXXXXXXXXXXXXXXXXXXXXXXXXXXXXXXXXXXXXXXXXXXXXXXXX 
.................... #DEFINE      RCK_4LED7DOAN    PIN_D7         //A - 4 BYTE 
.................... #DEFINE      G_4LED7DOAN      PIN_D6         //A - 4 BYTE 
.................... //XXXXXXXXXXXXXXXXXXXXXXXXXXXXXXXXXXXXXXXXXXXX     
.................... #DEFINE      RCK_MATRANLED    PIN_D7         //B - 3 BYTE DAO 
.................... #DEFINE      G_MATRANLED      PIN_D6         //B - 3 BYTE DAO 
.................... //XXXXXXXXXXXXXXXXXXXXXXXXXXXXXXXXXXXXXXXXXXXXXXXXX 
.................... #DEFINE      RCK_32LED        PIN_D5         //A - 4 BYTE 
.................... #DEFINE      G_32LED          PIN_D4         //A - 4 BYTE 
.................... //XXXXXXXXXXXXXXXXXXXXXXXXXXXXXXXXXXXXXXXXXXXX  
.................... #DEFINE      RCK_8LEDQUET     PIN_D5         //B - 2 BYTE DAO 
.................... #DEFINE      G_8LEDQUET       PIN_D4         //B - 2 BYTE DAO 
.................... //XXXXXXXXXXXXXXXXXXXXXXXXXXXXXXXXXXXXXXXXXXXXXXXXX 
.................... #DEFINE      RCK_LCD20X4      PIN_D3         //A - 2 BYTE DAO 
.................... #DEFINE      G_LCD20X4         PIN_D2         //A - 2 BYTE DAO 
.................... //XXXXXXXXXXXXXXXXXXXXXXXXXXXXXXXXXXXXXXXXXXXX  
.................... #DEFINE      RCK_BUZERELAY    PIN_D3     //B - 1 BYTE  
.................... #DEFINE      G_BUZERELAY      PIN_D2         //B - 1 BYTE  
....................  
.................... VOID XUAT_LCD20X4(UNSIGNED INT8 LCD_SIGNAL,LCD_INS_HTHI); 
....................  
.................... VOID XUAT_BUZZER_RELAY(); 
.................... //XXXXXXXXXXXXXXXXXXXXXXXXXXXXXXXXXXXXXXXXXXXX    
.................... #DEFINE     CHOT_2_IC_74573_A_B  OUTPUT_D(0XFC) 
....................  
.................... UNSIGNED INT8 TIN_HIEU_DK_74573_A; 
.................... #BIT G_4A         = TIN_HIEU_DK_74573_A.6 
.................... #BIT G_32A        = TIN_HIEU_DK_74573_A.4 
.................... #BIT G_LCDA       = TIN_HIEU_DK_74573_A.2 
.................... //XXXXXXXXXXXXXXXXXXXXXXXXXXXXXXXXXXXXXXXXXXXX          
.................... #DEFINE     MO_32_LED_DON        G_32A=0; //OUTPUT_LOW(G_32LED)  
.................... #DEFINE     TAT_32_LED_DON       G_32A=1; //OUTPUT_HIGH(G_32LED)  
.................... //XXXXXXXXXXXXXXXXXXXXXXXXXXXXXXXXXXXXXXXXXXXX          
.................... #DEFINE     MO_4_LED_7DOAN       G_4A=0;  //OUTPUT_LOW(G_4LED7DOAN) 
.................... #DEFINE     TAT_4_LED_7DOAN      G_4A=1;  //OUTPUT_HIGH(G_4LED7DOAN) 
.................... //XXXXXXXXXXXXXXXXXXXXXXXXXXXXXXXXXXXXXXXXXXXX  
.................... #DEFINE     MO_GLCD_LCD           G_LCDA=0;   //OUTPUT_LOW(G_LCD20X4) 
.................... #DEFINE     TAT_GLCD_LCD          G_LCDA=1;   // OUTPUT_LOW(G_LCD20X4) 
....................  
.................... UNSIGNED INT8 TIN_HIEU_DK_74573_B;   
.................... #BIT G_MTB        = TIN_HIEU_DK_74573_B.6 
.................... #BIT G_8B         = TIN_HIEU_DK_74573_B.4 
.................... #BIT G_RBDCB      = TIN_HIEU_DK_74573_B.2 
.................... //XXXXXXXXXXXXXXXXXXXXXXXXXXXXXXXXXXXXXXXXXXXX  
.................... #DEFINE     MO_LED_MATRAN        G_MTB=0; //OUTPUT_LOW(G_MATRANLED) 
.................... #DEFINE     TAT_LED_MATRAN       G_MTB=1; //OUTPUT_LOW(G_MATRANLED) 
.................... //XXXXXXXXXXXXXXXXXXXXXXXXXXXXXXXXXXXXXXXXXXXX        
.................... #DEFINE     MO_8_LED_QUET        G_8B=0;  //OUTPUT_LOW(G_8LEDQUET) 
.................... #DEFINE     TAT_8_LED_QUET       G_8B=1;  //OUTPUT_LOW(G_8LEDQUET) 
.................... //XXXXXXXXXXXXXXXXXXXXXXXXXXXXXXXXXXXXXXXXXXXX          
.................... #DEFINE     MO_RELAY_BUZZER_DC   G_RBDCB=0;  //OUTPUT_LOW(G_BUZERELAY) 
.................... #DEFINE     TAT_RELAY_BUZZER_DC  G_RBDCB=1;  //OUTPUT_LOW(G_BUZERELAY) 
....................  
.................... //XXXXXXXXXXXXXXXXXXXXXXXXXXXXXXXXXXXXXXXXXXXX 
.................... //CHUONG TRINH KIEM TRA PHIM BT1 
.................... //XXXXXXXXXXXXXXXXXXXXXXXXXXXXXXXXXXXXXXXXXXXX 
.................... UNSIGNED INT8 DL_BTN=0; 
.................... INT1 PHIM_BT0(UNSIGNED INT16 DL) 
.................... {   
....................     IF (!INPUT(BT0)) 
....................     {   
....................       DL_BTN++; 
....................        
....................       IF (DL_BTN>= DL) 
....................          { 
....................             DL_BTN =0; 
....................             RETURN(1); 
....................          } 
....................       ELSE RETURN(0); 
....................     } 
....................     ELSE    RETURN(0); 
.................... }  
.................... //XXXXXXXXXXXXXXXXXXXXXXXXXXXXXXXXXXXXXXXXXXXX 
.................... //CHUONG TRINH KIEM TRA PHIM BT1 
.................... //XXXXXXXXXXXXXXXXXXXXXXXXXXXXXXXXXXXXXXXXXXXX 
.................... INT1 PHIM_BT1(UNSIGNED INT16 DL ) 
.................... {   
....................     IF (!INPUT(BT1)) 
....................     {   
....................       DL_BTN++; 
....................        
....................       IF (DL_BTN>= DL) 
....................          { 
....................             DL_BTN =0; 
....................             RETURN(1); 
....................          } 
....................       ELSE RETURN(0); 
....................     } 
....................     ELSE    RETURN(0); 
.................... }  
.................... //XXXXXXXXXXXXXXXXXXXXXXXXXXXXXXXXXXXXXXXXXXXX 
.................... //CHUONG TRINH KIEM TRA PHIM BT2       
.................... //XXXXXXXXXXXXXXXXXXXXXXXXXXXXXXXXXXXXXXXXXXXX                                     
.................... INT1 PHIM_BT2(UNSIGNED INT16 DL ) 
.................... {                                         
....................     IF (!INPUT(BT2)) 
....................     {   
....................       DL_BTN++; 
....................        
....................       IF (DL_BTN>= DL) 
....................          { 
....................             DL_BTN =0; 
....................             RETURN(1); 
....................          } 
....................       ELSE RETURN(0); 
....................     } 
....................     ELSE    RETURN(0); 
....................                                           
.................... }       
....................  
.................... //XXXXXXXXXXXXXXXXXXXXXXXXXXXXXXXXXXXXXXXXXXXX 
.................... //CHUONG TRINH KIEM TRA PHIM BT3 
.................... //XXXXXXXXXXXXXXXXXXXXXXXXXXXXXXXXXXXXXXXXXXXX 
.................... INT1 PHIM_BT3(UNSIGNED INT16 DL,  UNSIGNED INT8 SOLAN  ) 
.................... {   
....................     IF (!INPUT(BT3)) 
....................     {   
....................       DL_BTN++; 
....................       IF(DL_BTN==1) RETURN(1); 
....................       ELSE 
....................       { 
....................          IF (DL_BTN>= DL) 
....................          DL_BTN =SOLAN; 
....................       } 
....................     } 
....................     ELSE    
....................     { 
....................       //DL_BTN =0; 
....................       RETURN(0); 
....................     } 
.................... }  
.................... //XXXXXXXXXXXXXXXXXXXXXXXXXXXXXXXXXXXXXXXXXXXX 
.................... //KHAI BAO DU LIEU 16 BIT CHO MODULE RELAY, TRIAC, BUZZER, DONG CO 
.................... //XXXXXXXXXXXXXXXXXXXXXXXXXXXXXXXXXXXXXXXXXXXX 
.................... UNSIGNED INT16 RBDC; 
.................... #BIT STEP_MOTOR_ENABLE  = RBDC.0    //1=ENA,0=DIS 
.................... #BIT STEP_MOTOR_IN1     = RBDC.1     
.................... #BIT STEP_MOTOR_IN2     = RBDC.2 
.................... #BIT STEP_MOTOR_IN3     = RBDC.3 
.................... #BIT STEP_MOTOR_IN4     = RBDC.4 
.................... #BIT DC_ENABLE          = RBDC.5    //1=ENA,0=DIS 
.................... #BIT PWRKEY             = RBDC.6    //KHOI TAO SIM900 
....................  
.................... #BIT BUZZER             = RBDC.8    //1=ON,0=OFF 
.................... #BIT TRIAC_1            = RBDC.9    //1=ON,0=OFF 
.................... #BIT TRIAC_2            = RBDC.10   //1=ON,0=OFF 
.................... #BIT RELAY_1            = RBDC.11   //0=ON,1=OFF 
.................... #BIT RELAY_2            = RBDC.12   //0=ON,1=OFF 
....................  
.................... //HAM 103 
.................... //XXXXXXXXXXXXXXXXXXXXXXXXXXXXXXXXXXXXXXXXXXXX 
.................... //CHUONG TRINH CON KHOI TAO IC CHOT 
.................... //XXXXXXXXXXXXXXXXXXXXXXXXXXXXXXXXXXXXXXXXXXXX          
.................... #DEFINE     CHO_IC_74573_A_GOI_DU_LIEU     OUTPUT_HIGH(ENABLE_573A) 
.................... #DEFINE     CHOT_IC_74573_A_GOI_DU_LIEU    OUTPUT_LOW(ENABLE_573A) 
....................  
.................... #DEFINE     CHO_IC_74573_B_GOI_DU_LIEU     OUTPUT_HIGH(ENABLE_573B) 
.................... #DEFINE     CHOT_IC_74573_B_GOI_DU_LIEU    OUTPUT_LOW(ENABLE_573B) 
.................... VOID MO_IC_74573_A_THONG_DL(); 
....................  
.................... //XXXXXXXXXXXXXXXXXXXXXXXXXXXXXXXXXXXXXXXXXXXX    
.................... CONST UNSIGNED CHAR MA7DOAN[16]= {0XC0,0XF9,0xA4,0XB0,0X99,0X92,0X82,0XF8, 
.................... 0X80,0X90,0x88, 0x83, 0xC6, 0xA1, 0x86, 0x8E}; 
.................... #DEFINE     MASO0    0XC0 
.................... #DEFINE     MASO1    0XF9 
.................... #DEFINE     MASO2    0XA4 
.................... #DEFINE     MASO3    0XB0 
.................... #DEFINE     MASO4    0X99 
.................... #DEFINE     MASO5    0X92 
.................... #DEFINE     MASO6    0X82 
.................... #DEFINE     MASO7    0XF8 
....................  
.................... //XXXXXXXXXXXXXXXXXXXXXXXXXXXXXXXXXXXXXXXXXXXX  
.................... //HAM 102 
.................... //XXXXXXXXXXXXXXXXXXXXXXXXXXXXXXXXXXXXXXXXXXXX     
.................... //XUAT 1 BYTE RA THANH GHI DICH 
.................... //XXXXXXXXXXXXXXXXXXXXXXXXXXXXXXXXXXXXXXXXXXXX     
.................... VOID XUAT_1BYTE(UNSIGNED INT8 BYTEXUAT) 
.................... { 
....................    UNSIGNED INT8   SB,X;    
....................    #BIT BSERI  = X.7 
....................    X = BYTEXUAT; 
*
00B0:  MOVFF  30,32
....................    FOR (SB=0;SB<8;SB++) 
00B4:  CLRF   31
00B6:  MOVF   31,W
00B8:  SUBLW  07
00BA:  BNC   00D8
....................       {                                                  
....................          OUTPUT_BIT(SSDO,BSERI);     
00BC:  BTFSC  32.7
00BE:  BRA    00C4
00C0:  BCF    F8D.2
00C2:  BRA    00C6
00C4:  BSF    F8D.2
00C6:  BCF    F96.2
....................          OUTPUT_LOW(SSCK); OUTPUT_HIGH(SSCK); 
00C8:  BCF    F96.0
00CA:  BCF    F8D.0
00CC:  BCF    F96.0
00CE:  BSF    F8D.0
....................          X= X<<1;          
00D0:  BCF    FD8.0
00D2:  RLCF   32,F
00D4:  INCF   31,F
00D6:  BRA    00B6
....................      } 
00D8:  RETURN 0
.................... } 
.................... //XXXXXXXXXXXXXXXXXXXXXXXXXXXXXXXXXXXXXXXXXXXX  
.................... //HAM 301 
.................... //XXXXXXXXXXXXXXXXXXXXXXXXXXXXXXXXXXXXXXXXXXXX 
.................... //CHUONG TRINH CON XUAT 4 BYTE RA 32 LED DON 
.................... //XXXXXXXXXXXXXXXXXXXXXXXXXXXXXXXXXXXXXXXXXXXX 
.................... VOID XUAT_32LED_DON_4BYTE(UNSIGNED INT8 BLD3,BLD2,BLD1,BLD0) 
.................... {      
....................       XUAT_1BYTE(BLD3);           
....................       XUAT_1BYTE(BLD2); 
....................       XUAT_1BYTE(BLD1);           
....................       XUAT_1BYTE(BLD0);             
....................       MO_32_LED_DON;       
....................       MO_IC_74573_A_THONG_DL();             
....................       OUTPUT_HIGH(RCK_32LED);    OUTPUT_LOW(RCK_32LED); 
....................       CHOT_IC_74573_A_GOI_DU_LIEU;       
.................... } 
.................... //HAM 302 
.................... //XXXXXXXXXXXXXXXXXXXXXXXXXXXXXXXXXXXXXXXXXXXX 
.................... //CHUONG TRINH CON XUAT 2 WORD 16 BITRA 32 LED DON 
.................... //XXXXXXXXXXXXXXXXXXXXXXXXXXXXXXXXXXXXXXXXXXXX 
.................... VOID XUAT_32LED_DON_2WORD(UNSIGNED INT16 WLD1, UNSIGNED INT16 WLD0) 
.................... {      
....................      UNSIGNED INT8  B3,B2,B1,B0; 
....................      B3 = WLD1>>8;  B2 = WLD1;  
....................      B1 = WLD0>>8;  B0 = WLD0; 
....................      XUAT_32LED_DON_4BYTE(B3,B2,B1,B0); 
.................... } 
.................... //HAM 303 
.................... //XXXXXXXXXXXXXXXXXXXXXXXXXXXXXXXXXXXXXXXXXXXX 
.................... //CHUONG TRINH CON XUAT 1 DOUBLE WORD RA 32 LED DON 
.................... //XXXXXXXXXXXXXXXXXXXXXXXXXXXXXXXXXXXXXXXXXXXX 
.................... VOID XUAT_32LED_DON_1DW(UNSIGNED LONG LONG DWLD) 
.................... {      
....................      UNSIGNED INT16  WD1,WD0; 
....................      WD1 = DWLD>>16;  WD0 = DWLD; 
....................      XUAT_32LED_DON_2WORD(WD1,WD0); 
.................... } 
....................  
.................... //HAM 304 
.................... //XXXXXXXXXXXXXXXXXXXXXXXXXXXXXXXXXXXXXXXXXXXX 
.................... //CHUONG TRINH CON MO 32 LED DON SANG 
.................... //XXXXXXXXXXXXXXXXXXXXXXXXXXXXXXXXXXXXXXXXXXXX 
.................... VOID MO_32LED_DON() 
.................... {         
....................      XUAT_32LED_DON_1DW(0XFFFFFFFF); 
.................... } 
.................... //HAM 305 
.................... //XXXXXXXXXXXXXXXXXXXXXXXXXXXXXXXXXXXXXXXXXXXX 
.................... //CHUONG TRINH CON TAT 32 LED DON  
.................... //XXXXXXXXXXXXXXXXXXXXXXXXXXXXXXXXXXXXXXXXXXXX 
.................... VOID TAT_32LED_DON() 
.................... {         
....................      XUAT_32LED_DON_1DW(0); 
.................... } 
.................... //XXXXXXXXXXXXXXXXXXXXXXXXXXXXXXXXXXXXXXXXXXXX     
.................... //XUAT 1 BIT ROI TRA LAI KET QUA SAU KHI DICH DI 1 BIT 
.................... //XXXXXXXXXXXXXXXXXXXXXXXXXXXXXXXXXXXXXXXXXXXX     
.................... UNSIGNED  INT8 XUAT_1BIT(UNSIGNED INT8 BYTEXUAT) 
.................... { 
....................       UNSIGNED INT8   XBITX;    
....................       #BIT BSERIX  = XBITX.0 
....................       XBITX = BYTEXUAT; 
....................                                              
....................       OUTPUT_BIT(SSDO,BSERIX);     
....................       OUTPUT_LOW(SSCK); OUTPUT_HIGH(SSCK); 
....................       XBITX= XBITX>>1;    
....................       RETURN(XBITX);   
.................... } 
.................... //XXXXXXXXXXXXXXXXXXXXXXXXXXXXXXXXXXXXXXXXXXXX  
.................... //HAM 101 
.................... //XXXXXXXXXXXXXXXXXXXXXXXXXXXXXXXXXXXXXXXXXXXX     
.................... //HAM KHOI TAO CAC PORT VA IC CHOT 
.................... //XXXXXXXXXXXXXXXXXXXXXXXXXXXXXXXXXXXXXXXXXXXX     
.................... VOID SET_UP_PORT_IC_CHOT() 
.................... {      
....................       SET_TRIS_D(0x00);     
*
0092:  MOVLW  00
0094:  MOVWF  F95
....................       SET_TRIS_E(0X00); 
0096:  MOVWF  F96
....................       OUTPUT_D(0XFF); 
0098:  CLRF   F95
009A:  SETF   F8C
....................       TIN_HIEU_DK_74573_A=0XFF;   
009C:  SETF   04
....................       TIN_HIEU_DK_74573_B=0XFF;       
009E:  SETF   05
....................       CHOT_IC_74573_A_GOI_DU_LIEU; 
00A0:  BCF    F95.1
00A2:  BCF    F8C.1
....................       CHOT_IC_74573_B_GOI_DU_LIEU;   
00A4:  BCF    F95.0
00A6:  BCF    F8C.0
....................       RBDC=0; 
00A8:  CLRF   08
00AA:  CLRF   07
00AC:  GOTO   052A (RETURN)
.................... } 
.................... //HAM 104 
.................... //XXXXXXXXXXXXXXXXXXXXXXXXXXXXXXXXXXXXXXXXXXXX     
.................... //XUAT CÁC THIEU DIEU KHIEN  
.................... //GIU NGUYEN CAC TRANG THAI CUA 2 MODULE KHAC 
.................... //XXXXXXXXXXXXXXXXXXXXXXXXXXXXXXXXXXXXXXXXXXXX     
.................... VOID MO_IC_74573_A_THONG_DL() 
.................... {      
....................       OUTPUT_D(0X00); 
*
00DA:  CLRF   F95
00DC:  CLRF   F8C
....................       OUTPUT_BIT(G_32LED,G_32A); 
00DE:  BTFSC  04.4
00E0:  BRA    00E6
00E2:  BCF    F8C.4
00E4:  BRA    00E8
00E6:  BSF    F8C.4
00E8:  BCF    F95.4
....................       OUTPUT_BIT(G_4LED7DOAN,G_4A); 
00EA:  BTFSC  04.6
00EC:  BRA    00F2
00EE:  BCF    F8C.6
00F0:  BRA    00F4
00F2:  BSF    F8C.6
00F4:  BCF    F95.6
....................       OUTPUT_BIT(G_LCD20X4,G_LCDA);   
00F6:  BTFSC  04.2
00F8:  BRA    00FE
00FA:  BCF    F8C.2
00FC:  BRA    0100
00FE:  BSF    F8C.2
0100:  BCF    F95.2
....................       CHO_IC_74573_A_GOI_DU_LIEU; 
0102:  BCF    F95.1
0104:  BSF    F8C.1
0106:  RETURN 0
.................... } 
.................... VOID MO_IC_74573_B_THONG_DL() 
.................... {      
....................       OUTPUT_D(0X00); 
....................       OUTPUT_BIT(G_MATRANLED,G_MTB); 
....................       OUTPUT_BIT(G_8LEDQUET,G_8B); 
....................       OUTPUT_BIT(G_BUZERELAY,G_RBDCB);  
....................       CHO_IC_74573_B_GOI_DU_LIEU; 
.................... } 
.................... //ham 401 
.................... //XXXXXXXXXXXXXXXXXXXXXXXXXXXXXXXXXXXXXXXXXXXX 
.................... //CHUONG TRINH CON XUAT 4 BYTE RA 4 LED 7 DOAN 
.................... //XXXXXXXXXXXXXXXXXXXXXXXXXXXXXXXXXXXXXXXXXXXX 
.................... VOID XUAT_4LED_7DOAN_4SO(UNSIGNED INT BL743,BL742,BL741,BL740) 
.................... {      
....................       XUAT_1BYTE(BL740);   XUAT_1BYTE(BL741); 
*
03AA:  MOVFF  28,30
03AE:  RCALL  00B0
03B0:  MOVFF  27,30
03B4:  RCALL  00B0
....................       XUAT_1BYTE(BL742);   XUAT_1BYTE(BL743); 
03B6:  MOVFF  26,30
03BA:  RCALL  00B0
03BC:  MOVFF  25,30
03C0:  RCALL  00B0
....................        
....................       MO_4_LED_7DOAN; 
03C2:  BCF    04.6
....................       MO_IC_74573_A_THONG_DL(); 
03C4:  RCALL  00DA
....................         
....................       OUTPUT_LOW(RCK_4LED7DOAN);   OUTPUT_HIGH(RCK_4LED7DOAN);  
03C6:  BCF    F95.7
03C8:  BCF    F8C.7
03CA:  BCF    F95.7
03CC:  BSF    F8C.7
....................       CHOT_IC_74573_A_GOI_DU_LIEU; 
03CE:  BCF    F95.1
03D0:  BCF    F8C.1
03D2:  GOTO   04FA (RETURN)
.................... } 
.................... //ham 404 
.................... VOID XUAT_4LED_7DOAN_3SO(UNSIGNED INT BL742,BL741,BL740) 
.................... {      
....................      XUAT_4LED_7DOAN_4SO(0XFF,BL742,BL741,BL740); 
.................... } 
.................... //ham 403 
.................... VOID XUAT_4LED_7DOAN_2SO(UNSIGNED INT BL741,BL740) 
.................... {      
....................      XUAT_4LED_7DOAN_4SO(0XFF,0XFF,BL741,BL740); 
.................... } 
.................... //ham 402 
.................... VOID XUAT_4LED_7DOAN_1SO(UNSIGNED INT BL740) 
.................... {      
....................      XUAT_4LED_7DOAN_4SO(0XFF,0XFF,0XFF,BL740); 
.................... } 
....................  
.................... //ham 405 
.................... //XXXXXXXXXXXXXXXXXXXXXXXXXXXXXXXXXXXXXXXXXXXXXXXXXXXXXXXXXXXXX 
.................... //CHUONG TRINH CON HIEN THI DU LIEU 16 BIT TREN 4 LED 7 DOAN 
.................... //XXXXXXXXXXXXXXXXXXXXXXXXXXXXXXXXXXXXXXXXXXXXXXXXXXXXXXXXXXXXX 
.................... UNSIGNED CHAR DONVI4,CHUC4,TRAM4,NGAN4; 
.................... VOID  XUAT_4LED_7DOAN_GIAIMA_XOA_SO0 (UNSIGNED INT16 TAM) 
.................... {          
....................       DONVI4 = MA7DOAN[TAM %10];          
03D6:  MOVFF  24,28
03DA:  MOVFF  23,27
03DE:  CLRF   2A
03E0:  MOVLW  0A
03E2:  MOVWF  29
03E4:  RCALL  0236
03E6:  MOVFF  00,25
03EA:  MOVFF  03,26
03EE:  MOVFF  03,03
03F2:  MOVF   00,W
03F4:  MOVFF  FF2,27
03F8:  BCF    FF2.7
03FA:  RCALL  0004
03FC:  BTFSC  27.7
03FE:  BSF    FF2.7
0400:  MOVWF  09
....................       CHUC4  = MA7DOAN[TAM/10%10]; 
0402:  MOVFF  24,28
0406:  MOVFF  23,27
040A:  CLRF   2A
040C:  MOVLW  0A
040E:  MOVWF  29
0410:  RCALL  0236
0412:  MOVFF  02,26
0416:  MOVFF  01,25
041A:  MOVFF  02,28
041E:  MOVFF  01,27
0422:  CLRF   2A
0424:  MOVLW  0A
0426:  MOVWF  29
0428:  RCALL  0236
042A:  MOVFF  00,25
042E:  MOVFF  03,26
0432:  MOVFF  03,03
0436:  MOVF   00,W
0438:  MOVFF  FF2,27
043C:  BCF    FF2.7
043E:  RCALL  0004
0440:  BTFSC  27.7
0442:  BSF    FF2.7
0444:  MOVWF  0A
....................       TRAM4  = MA7DOAN[TAM/100%10];  
0446:  MOVFF  24,28
044A:  MOVFF  23,27
044E:  CLRF   2A
0450:  MOVLW  64
0452:  MOVWF  29
0454:  RCALL  0236
0456:  MOVFF  02,26
045A:  MOVFF  01,25
045E:  MOVFF  02,28
0462:  MOVFF  01,27
0466:  CLRF   2A
0468:  MOVLW  0A
046A:  MOVWF  29
046C:  RCALL  0236
046E:  MOVFF  00,25
0472:  MOVFF  03,26
0476:  MOVFF  03,03
047A:  MOVF   00,W
047C:  MOVFF  FF2,27
0480:  BCF    FF2.7
0482:  RCALL  0004
0484:  BTFSC  27.7
0486:  BSF    FF2.7
0488:  MOVWF  0B
....................       NGAN4  = MA7DOAN[TAM/1000%10];        
048A:  MOVFF  24,28
048E:  MOVFF  23,27
0492:  MOVLW  03
0494:  MOVWF  2A
0496:  MOVLW  E8
0498:  MOVWF  29
049A:  RCALL  0236
049C:  MOVFF  02,26
04A0:  MOVFF  01,25
04A4:  MOVFF  02,28
04A8:  MOVFF  01,27
04AC:  CLRF   2A
04AE:  MOVLW  0A
04B0:  MOVWF  29
04B2:  RCALL  0236
04B4:  MOVFF  00,25
04B8:  MOVFF  03,26
04BC:  MOVFF  03,03
04C0:  MOVF   00,W
04C2:  MOVFF  FF2,27
04C6:  BCF    FF2.7
04C8:  RCALL  0004
04CA:  BTFSC  27.7
04CC:  BSF    FF2.7
04CE:  MOVWF  0C
....................       IF (NGAN4==0XC0) 
04D0:  MOVF   0C,W
04D2:  SUBLW  C0
04D4:  BNZ   04E8
....................       { 
....................          NGAN4=0XFF; 
04D6:  SETF   0C
....................          IF (TRAM4==0XC0) 
04D8:  MOVF   0B,W
04DA:  SUBLW  C0
04DC:  BNZ   04E8
....................          { 
....................             TRAM4=0XFF; 
04DE:  SETF   0B
....................             IF (CHUC4==0XC0)   CHUC4=0XFF; 
04E0:  MOVF   0A,W
04E2:  SUBLW  C0
04E4:  BNZ   04E8
04E6:  SETF   0A
....................          } 
....................       } 
....................       XUAT_4LED_7DOAN_4SO(NGAN4,TRAM4,CHUC4,DONVI4);    
04E8:  MOVFF  0C,25
04EC:  MOVFF  0B,26
04F0:  MOVFF  0A,27
04F4:  MOVFF  09,28
04F8:  BRA    03AA
04FA:  RETURN 0
.................... } 
.................... UNSIGNED INT8 LCDDATA=0;  
.................... UNSIGNED INT8 LCDCONTROL=0; 
.................... UNSIGNED INT8 GLCDDATA=0; 
.................... UNSIGNED INT8 GLCDCONTROL=0;  
.................... //HAM 701 
.................... //XXXXXXXXXXXXXXXXXXXXXXXXXXXXXXXXXXXXXXXXXXXXXXXXXXXXXXXXXXXXX 
.................... //CHUONG TRINH CON XUAT DU LIEU 4 BYTE RA GLCD VA LCD 
.................... //XXXXXXXXXXXXXXXXXXXXXXXXXXXXXXXXXXXXXXXXXXXXXXXXXXXXXXXXXXXXX 
.................... VOID XUAT_GLCD_LCD() 
.................... {       
....................     XUAT_1BYTE(GLCDCONTROL);              
*
0108:  MOVFF  10,30
010C:  RCALL  00B0
....................     XUAT_1BYTE(GLCDDATA); 
010E:  MOVFF  0F,30
0112:  RCALL  00B0
....................     XUAT_1BYTE(LCDCONTROL);        
0114:  MOVFF  0E,30
0118:  RCALL  00B0
....................     XUAT_1BYTE(LCDDATA);       
011A:  MOVFF  0D,30
011E:  RCALL  00B0
....................        
....................     MO_GLCD_LCD; 
0120:  BCF    04.2
....................     MO_IC_74573_A_THONG_DL();             
0122:  RCALL  00DA
....................     OUTPUT_HIGH(RCK_LCD20X4);      
0124:  BCF    F95.3
0126:  BSF    F8C.3
....................     OUTPUT_LOW(RCK_LCD20X4); 
0128:  BCF    F95.3
012A:  BCF    F8C.3
....................     CHOT_IC_74573_A_GOI_DU_LIEU; 
012C:  BCF    F95.1
012E:  BCF    F8C.1
0130:  GOTO   0142 (RETURN)
.................... } 
.................... //HAM 702 
.................... VOID XUAT_LCD20X4(UNSIGNED INT8 LCD_SIGNAL,LCD_INS_HTHI) 
.................... {      
....................     LCDCONTROL = ~LCD_SIGNAL; 
0134:  MOVF   2E,W
0136:  MOVWF  0E
0138:  COMF   0E,F
....................     LCDDATA    = ~LCD_INS_HTHI;       
013A:  MOVFF  2F,0D
013E:  COMF   0D,F
....................     XUAT_GLCD_LCD(); 
0140:  BRA    0108
0142:  RETURN 0
.................... } 
.................... //HAM 703 
.................... VOID XUAT_GLCD128X64(UNSIGNED INT8 GLCD_SIGNAL,GLCD_INS_HTHI) 
.................... {      
....................     GLCDCONTROL = ~GLCD_SIGNAL; 
....................     GLCDDATA    = ~GLCD_INS_HTHI;      
....................     XUAT_GLCD_LCD(); 
.................... } 
.................... //HAM 501 
.................... //XXXXXXXXXXXXXXXXXXXXXXXXXXXXXXXXXXXXXXXXXXXX 
.................... //CHUONG TRINH CON XUAT 2 BYTE RA DK 1 LED QUET SANG 
.................... //XXXXXXXXXXXXXXXXXXXXXXXXXXXXXXXXXXXXXXXXXXXX 
.................... VOID XUAT_8LED_7DOAN_QUET_1(UNSIGNED INT MA,SO_HTHI) 
.................... {      
....................       XUAT_1BYTE(~MA);   XUAT_1BYTE(~SO_HTHI); 
....................        
....................       MO_8_LED_QUET; 
....................       MO_IC_74573_B_THONG_DL(); 
....................        
....................       OUTPUT_HIGH(RCK_8LEDQUET); OUTPUT_LOW(RCK_8LEDQUET); 
....................       CHOT_IC_74573_B_GOI_DU_LIEU; 
.................... } 
.................... //HAM 502 
.................... //XXXXXXXXXXXXXXXXXXXXXXXXXXXXXXXXXXXXXXXXXXXX 
.................... //CHUONG TRINH CON XUAT 2 BYTE RA TAT 8 LED QUET 
.................... //XXXXXXXXXXXXXXXXXXXXXXXXXXXXXXXXXXXXXXXXXXXX 
.................... VOID XUAT_8LED_7DOAN_QUET_TAT_LED() 
.................... { 
....................    XUAT_8LED_7DOAN_QUET_1(0XFF,0XFF); 
.................... } 
.................... //HAM 503 
.................... //XXXXXXXXXXXXXXXXXXXXXXXXXXXXXXXXXXXXXXXXXXXX 
.................... //CHUONG TRINH CON HIEN THI LED THEO THU TU 
.................... //XXXXXXXXXXXXXXXXXXXXXXXXXXXXXXXXXXXXXXXXXXXX 
.................... CONST UNSIGNED CHAR TTLEDQUET[8]= {0x7F,0xBF,0xDF,0xEF,0xF7,0xFB,0xFD,0xFE}; 
.................... VOID XUAT_8LED_7DOAN_QUET_2(UNSIGNED INT THUTULED,SO_HTHI) 
.................... {          
....................       XUAT_1BYTE(~ (TTLEDQUET[THUTULED]));   XUAT_1BYTE(~SO_HTHI);      
....................       MO_8_LED_QUET; 
....................       MO_IC_74573_B_THONG_DL(); 
....................       OUTPUT_HIGH(RCK_8LEDQUET); OUTPUT_LOW(RCK_8LEDQUET); 
....................       CHOT_IC_74573_B_GOI_DU_LIEU; 
.................... } 
.................... //HAM 504 
.................... //XXXXXXXXXXXXXXXXXXXXXXXXXXXXXXXXXXXXXXXXXXXX 
.................... //CHUONG TRINH CON HIEN THI 8 SO TREN 8 LED QUET - CO KIEM TRA 
.................... //XXXXXXXXXXXXXXXXXXXXXXXXXXXXXXXXXXXXXXXXXXXX 
.................... UNSIGNED INT8 LED_7DQ[8]={0XFF,0XFF,0XFF,0XFF,0XFF,0XFF,0XFF,0XFF}; 
.................... UNSIGNED INT8 TT8LED=0; 
.................... VOID HIEN_THI_8LED_7DOAN_QUET() 
.................... {      
....................       FOR(TT8LED=0;TT8LED<8;TT8LED++) 
....................          IF (LED_7DQ[TT8LED]!=0XFF) 
....................          {            
....................             XUAT_8LED_7DOAN_QUET_2(TT8LED, LED_7DQ[TT8LED]); 
....................             DELAY_US(100); 
....................             XUAT_8LED_7DOAN_QUET_TAT_LED();            
....................             } 
.................... } 
.................... //HAM 505 
.................... //XXXXXXXXXXXXXXXXXXXXXXXXXXXXXXXXXXXXXXXXXXXX 
.................... //CHUONG TRINH CON HIEN THI 8 SO TREN 8 LED QUET - KHONG KIEM TRA 
.................... //XXXXXXXXXXXXXXXXXXXXXXXXXXXXXXXXXXXXXXXXXXXX 
.................... VOID HIEN_THI_8LED_7DOAN_QUET_ALL() 
.................... {      
....................       FOR(TT8LED=0;TT8LED<8;TT8LED++)          
....................          {            
....................             XUAT_8LED_7DOAN_QUET_2(TT8LED, LED_7DQ[TT8LED]); 
....................             DELAY_US(100); 
....................             XUAT_8LED_7DOAN_QUET_TAT_LED();            
....................             } 
.................... } 
....................  
.................... VOID DELAY_QUET_8LED(UNSIGNED INT16 DL) 
.................... {  
....................       UNSIGNED INT8 I; 
....................       FOR (I=0; I<DL;I++) 
....................       HIEN_THI_8LED_7DOAN_QUET_ALL(); 
.................... }  
....................  
.................... VOID GIAI_MA_GAN_CHO_8LED_QUET_16_XOA(UNSIGNED INT16 X) 
.................... {      
....................       LED_7DQ[0]= MA7DOAN [X %10];     
....................       LED_7DQ[1]= MA7DOAN [X/10%10]; 
....................       LED_7DQ[2]= MA7DOAN [X/100%10];     
....................       LED_7DQ[3]= MA7DOAN [X/1000%10]; 
....................       LED_7DQ[4]= MA7DOAN [X/10000%10]; 
....................       IF (LED_7DQ[4]==MASO0)  
....................       { 
....................             LED_7DQ[4]=0XFF; 
....................             IF (LED_7DQ[3]==MASO0)  
....................             { 
....................                LED_7DQ[3]=0XFF; 
....................                IF (LED_7DQ[2]==MASO0)  
....................                { 
....................                   LED_7DQ[2]=0XFF; 
....................                   IF (LED_7DQ[1]==MASO0)  
....................                   { 
....................                      LED_7DQ[1]=0XFF; 
....................                   } 
....................                } 
....................             } 
....................       } 
....................              
.................... } 
.................... //XXXXXXXXXXXXXXXXXXXXXXXXXXXXXXXXXXXXXXXXXXXX          
.................... VOID XUAT_2BYTE(UNSIGNED INT16 BYTE2XUAT) 
.................... { 
....................    INT8 SBB; 
....................    UNSIGNED INT16   XX;   //SHORT  BSERI; 
....................    #BIT BSERIX  = XX.15 
....................    XX = BYTE2XUAT; 
....................    FOR (SBB=0;SBB<16;SBB++) 
....................       {                                                  
....................          OUTPUT_BIT(SSDO,BSERIX);     
....................          OUTPUT_LOW(SSCK);          
....................          OUTPUT_HIGH(SSCK); 
....................          XX= XX<<1;          
....................      } 
.................... } 
.................... //XXXXXXXXXXXXXXXXXXXXXXXXXXXXXXXXXXXXXXXXXXXX 
.................... //CHUONG TRINH CON XUAT RA LED MA TRAN 
.................... //XXXXXXXXXXXXXXXXXXXXXXXXXXXXXXXXXXXXXXXXXXXX 
.................... VOID XUAT_MATRANLED(UNSIGNED INT16 MAHANG,UNSIGNED INT16 MACOT1, 
.................... UNSIGNED INT16 MACOT2,UNSIGNED INT16 MACOT3) 
.................... {       
....................       XUAT_2BYTE(MACOT3); 
....................       XUAT_2BYTE(MACOT2); 
....................       XUAT_2BYTE(MACOT1); 
....................       XUAT_2BYTE(MAHANG); 
....................        
....................       MO_LED_MATRAN; 
....................       MO_IC_74573_B_THONG_DL(); 
....................        
....................       OUTPUT_HIGH(RCK_MATRANLED); OUTPUT_LOW(RCK_MATRANLED);  
....................       CHOT_IC_74573_B_GOI_DU_LIEU; 
.................... } 
.................... //XXXXXXXXXXXXXXXXXXXXXXXXXXXXXXXXXXXXXXXXXXXX 
.................... //CHUONG TRINH CON XUAT RA LED MA TRAN 
.................... //XXXXXXXXXXXXXXXXXXXXXXXXXXXXXXXXXXXXXXXXXXXX 
.................... VOID TAT_MATRANLED() 
.................... {       
....................       XUAT_2BYTE(0); 
....................       XUAT_2BYTE(0); 
....................       XUAT_2BYTE(0); 
....................       XUAT_2BYTE(0);            
....................       OUTPUT_HIGH(RCK_MATRANLED);  
....................       OUTPUT_LOW(RCK_MATRANLED); 
.................... } 
.................... UNSIGNED  INT8 HIEU_CHINH_4BIT_CAO(UNSIGNED INT8 XZY) 
.................... { 
....................       INT1  BTG; 
....................       UNSIGNED INT8   BX;    
....................       #BIT BIT4  = BX.4 
....................       #BIT BIT5  = BX.5 
....................       #BIT BIT6  = BX.6 
....................       #BIT BIT7  = BX.7 
....................       BX=XZY; 
....................       BTG=BIT4;   BIT4=BIT7;  BIT7=BTG; 
....................       BTG=BIT5;   BIT5=BIT6;  BIT6=BTG;       
....................       RETURN(BX);   
.................... } 
.................... //HAM 601 
.................... //XXXXXXXXXXXXXXXXXXXXXXXXXXXXXXXXXXXXXXXXXXXXXXXXXXXX 
.................... //MODULE DIEU KHIEN RELAY,TRIAC, BUZZER, DONG CO, SIM 
.................... //XXXXXXXXXXXXXXXXXXXXXXXXXXXXXXXXXXXXXXXXXXXXXXXXXXXX 
.................... VOID XUAT_BUZZER_RELAY() 
.................... {      
....................    UNSIGNED INT8 RBDC1,RBDC2; 
....................       RBDC1=RBDC; RBDC2=RBDC>>8;       
....................       XUAT_1BYTE(RBDC2);       
....................       XUAT_1BYTE(RBDC1); 
....................       MO_RELAY_BUZZER_DC; 
....................       MO_IC_74573_B_THONG_DL(); 
....................        
....................       OUTPUT_HIGH(RCK_BUZERELAY);   OUTPUT_LOW(RCK_BUZERELAY); 
....................       CHOT_IC_74573_B_GOI_DU_LIEU; 
.................... } 
.................... //HAM 602 
.................... //XXXXXXXXXXXXXXXXXXXXXXXXXXXXXXXXXXXXXXXXXXXXXXXXXXXX 
.................... VOID BUZZER_ON() 
.................... {     
....................       BUZZER=1; 
....................       XUAT_BUZZER_RELAY();          
.................... } 
.................... //HAM 603 
.................... //XXXXXXXXXXXXXXXXXXXXXXXXXXXXXXXXXXXXXXXXXXXXXXXXXXXX 
.................... VOID BUZZER_OFF() 
.................... {      
....................       BUZZER=0; 
....................       XUAT_BUZZER_RELAY(); 
.................... } 
.................... //HAM 604 
.................... //XXXXXXXXXXXXXXXXXXXXXXXXXXXXXXXXXXXXXXXXXXXXXXXXXXXX 
.................... VOID RELAY_1_ON() 
.................... {     
....................       RELAY_1=1; 
....................       XUAT_BUZZER_RELAY();          
.................... } 
.................... //HAM 603 
.................... //XXXXXXXXXXXXXXXXXXXXXXXXXXXXXXXXXXXXXXXXXXXXXXXXXXXX 
.................... VOID RELAY_1_OFF() 
.................... {     
....................       RELAY_1=0; 
....................       XUAT_BUZZER_RELAY();          
.................... } 
.................... //HAM 604 
.................... //XXXXXXXXXXXXXXXXXXXXXXXXXXXXXXXXXXXXXXXXXXXXXXXXXXXX 
.................... VOID RELAY_2_ON() 
.................... {     
....................       RELAY_2=1; 
....................       XUAT_BUZZER_RELAY();          
.................... } 
.................... //HAM 607 
.................... //XXXXXXXXXXXXXXXXXXXXXXXXXXXXXXXXXXXXXXXXXXXXXXXXXXXX 
.................... VOID RELAY_2_OFF() 
.................... {     
....................       RELAY_2=0; 
....................       XUAT_BUZZER_RELAY();          
.................... } 
.................... //HAM 608 
.................... //XXXXXXXXXXXXXXXXXXXXXXXXXXXXXXXXXXXXXXXXXXXXXXXXXXXX 
.................... VOID RELAY_1_RELAY_2_ON() 
.................... {     
....................       RELAY_1=1;  RELAY_2=1; 
....................       XUAT_BUZZER_RELAY();          
.................... } 
.................... //HAM 609 
.................... //XXXXXXXXXXXXXXXXXXXXXXXXXXXXXXXXXXXXXXXXXXXXXXXXXXXX 
.................... VOID RELAY_1_RELAY_2_OFF() 
.................... {     
....................       RELAY_1=0;  RELAY_2=0; 
....................       XUAT_BUZZER_RELAY();          
.................... } 
.................... //HAM 610 
.................... //XXXXXXXXXXXXXXXXXXXXXXXXXXXXXXXXXXXXXXXXXXXXXXXXXXXX 
.................... VOID TRIAC_1_ON() 
.................... {     
....................       TRIAC_1=1; 
....................       XUAT_BUZZER_RELAY();          
.................... } 
.................... //HAM 611 
.................... //XXXXXXXXXXXXXXXXXXXXXXXXXXXXXXXXXXXXXXXXXXXXXXXXXXXX 
.................... VOID TRIAC_1_OFF() 
.................... {     
....................       TRIAC_1=0; 
....................       XUAT_BUZZER_RELAY();          
.................... } 
.................... //HAM 612 
.................... //XXXXXXXXXXXXXXXXXXXXXXXXXXXXXXXXXXXXXXXXXXXXXXXXXXXX 
.................... VOID TRIAC_2_ON() 
.................... {     
....................       TRIAC_2=1; 
....................       XUAT_BUZZER_RELAY();          
.................... } 
.................... //HAM 613 
.................... //XXXXXXXXXXXXXXXXXXXXXXXXXXXXXXXXXXXXXXXXXXXXXXXXXXXX 
.................... VOID TRIAC_2_OFF() 
.................... {     
....................       TRIAC_2=0; 
....................       XUAT_BUZZER_RELAY();          
.................... } 
.................... //XXXXXXXXXXXXXXXXXXXXXXXXXXXXXXXXXXXXXXXXXXXX 
....................  
....................  
....................  
.................... #INCLUDE <TV_PICKIT2_SHIFT_LCD.C> 
.................... UNSIGNED INT8 LCD_CONTROL;   
.................... #bit LCD_P = LCD_CONTROL.3 
.................... #bit LCD_RS = LCD_CONTROL.2 
.................... #bit LCD_RW = LCD_CONTROL.1 
.................... #bit LCD_E  = LCD_CONTROL.0 
....................  
.................... #DEFINE LCD_FUNCTION_SET       0X38 
.................... #DEFINE LCD_DISPLAY_CONTROL    0X0C 
.................... #DEFINE LCD_CLEAR_DISPLAY      0X01 
.................... #DEFINE LCD_ENTRY_MODE         0X06 
.................... #DEFINE LCD_SHIFT_LEFT         0X18 
.................... #DEFINE LCD_SHIFT_RIGHT        0X1C 
....................  
.................... #DEFINE LCD_ADDR_LINE1         0X80 
.................... #DEFINE LCD_ADDR_LINE2         0XC0 
.................... #DEFINE LCD_ADDR_LINE3         0X94 
.................... #DEFINE LCD_ADDR_LINE4         0XD4 
....................  
.................... VOID LCD_XUAT_8BIT(INT8 LCD_DATA_X) 
.................... { 
....................       LCD_E=1; XUAT_LCD20X4(LCD_CONTROL,LCD_DATA_X);      
0144:  BSF    1A.0
0146:  MOVFF  1A,2E
014A:  MOVFF  2D,2F
014E:  RCALL  0134
....................       LCD_E=0; XUAT_LCD20X4(LCD_CONTROL,LCD_DATA_X);  
0150:  BCF    1A.0
0152:  MOVFF  1A,2E
0156:  MOVFF  2D,2F
015A:  RCALL  0134
015C:  RETURN 0
.................... } 
.................... void LCD_COMMAND(INT8 LCD_DATA_X)    
....................   { 
....................       LCD_RS = 0; 
015E:  BCF    1A.2
....................       LCD_XUAT_8BIT(LCD_DATA_X); 
0160:  MOVFF  2C,2D
0164:  RCALL  0144
....................       DELAY_US(20); 
0166:  MOVLW  20
0168:  MOVWF  00
016A:  DECFSZ 00,F
016C:  BRA    016A
016E:  BRA    0170
0170:  NOP   
0172:  RETURN 0
....................   } 
.................... void LCD_DATA(INT8 LCD_DATA_X)        
....................   { 
....................       LCD_RS = 1;      
*
01FE:  BSF    1A.2
....................       LCD_XUAT_8BIT(LCD_DATA_X); 
0200:  MOVFF  29,2D
0204:  RCALL  0144
....................       DELAY_US(20); 
0206:  MOVLW  20
0208:  MOVWF  00
020A:  DECFSZ 00,F
020C:  BRA    020A
020E:  BRA    0210
0210:  NOP   
0212:  RETURN 0
....................   } 
....................    
.................... VOID SETUP_LCD () 
.................... {                      
....................          LCD_E  = 0;  
*
019C:  BCF    1A.0
....................          LCD_RW = 0;  
019E:  BCF    1A.1
....................          LCD_RS = 1;  
01A0:  BSF    1A.2
....................          LCD_P =0; 
01A2:  BCF    1A.3
....................          LCD_COMMAND(LCD_FUNCTION_SET);          
01A4:  MOVLW  38
01A6:  MOVWF  2C
01A8:  RCALL  015E
....................          DELAY_US(40); 
01AA:  MOVLW  42
01AC:  MOVWF  00
01AE:  DECFSZ 00,F
01B0:  BRA    01AE
01B2:  NOP   
....................          LCD_COMMAND(LCD_DISPLAY_CONTROL);    
01B4:  MOVLW  0C
01B6:  MOVWF  2C
01B8:  RCALL  015E
....................          DELAY_US(40); 
01BA:  MOVLW  42
01BC:  MOVWF  00
01BE:  DECFSZ 00,F
01C0:  BRA    01BE
01C2:  NOP   
....................          LCD_COMMAND(LCD_CLEAR_DISPLAY);       
01C4:  MOVLW  01
01C6:  MOVWF  2C
01C8:  RCALL  015E
....................          DELAY_MS(2); 
01CA:  MOVLW  02
01CC:  MOVWF  23
01CE:  BRA    0174
....................          LCD_COMMAND(LCD_ENTRY_MODE);        
01D0:  MOVLW  06
01D2:  MOVWF  2C
01D4:  RCALL  015E
....................          DELAY_US(40);                 
01D6:  MOVLW  42
01D8:  MOVWF  00
01DA:  DECFSZ 00,F
01DC:  BRA    01DA
01DE:  NOP   
01E0:  GOTO   052C (RETURN)
.................... } 
....................  
.................... CONST UNSIGNED CHAR LCD_SO_X[10][6] ={ 
....................                   0,1,2,5,3,4,               // SO 0 
....................                   1,2,32,3,7,3,              // SO 1 
....................                   6,6,2,5,3,3,               // SO 2 
....................                   6,6,2,3,3,4,               // SO 3 
....................                   7,3,7,32,32,7,             // SO 4 
....................                   7,6,6,3,3,4,               // SO 5 
....................                   0,6,6,5,3,4,               // SO 6 
....................                   1,1,7,32,32,7,             // SO 7 
....................                   0,6,2,5,3,4,               // SO 8 
....................                   0,6,2,3,3,4};             // SO 9 
....................                    
.................... CONST UNSIGNED CHAR LCD_MA_8DOAN[] = { 
....................    0x07,0x0F,0x1F,0x1F,0x1F,0x1F,0x1F,0x1F,  //DOAN F - 0 
....................    0x1F,0x1F,0x1F,0X00,0X00,0X00,0X00,0X00,  //DOAN A - 1 
....................    0x1C,0x1E,0x1F,0x1F,0x1F,0x1F,0x1F,0x1F,  //DOAN B - 2 
....................    0X00,0X00,0X00,0X00,0X00,0x1F,0x1F,0x1F,  //DOAN D - 3 
....................    0x1F,0x1F,0x1F,0x1F,0x1F,0x1F,0x1E,0x1C,  //DOAN C - 4 
....................    0x1F,0x1F,0x1F,0x1F,0x1F,0x1F,0x0F,0x07,  //DOAN E - 5 
....................    0x1F,0x1F,0x1F,0X00,0X00,0X00,0x1F,0x1F,  //DOAN G+D-6  
....................    0x1F,0x1F,0x1F,0x1F,0x1F,0x1F,0x1F,0x1F}; //DOAN I  -7 
....................     
.................... VOID LCD_GOTO_XY(SIGNED INT8 X, SIGNED INT8 Y) 
.................... {  
....................    CONST UNSIGNED INT8 LCD_VITRI[]={0x80,0xC0,0x94,0xD4}; 
....................    LCD_COMMAND(LCD_VITRI[X]+Y); 
01E4:  CLRF   03
01E6:  MOVF   29,W
01E8:  MOVFF  FF2,2B
01EC:  BCF    FF2.7
01EE:  RCALL  0070
01F0:  BTFSC  2B.7
01F2:  BSF    FF2.7
01F4:  ADDWF  2A,W
01F6:  MOVWF  2B
01F8:  MOVWF  2C
01FA:  RCALL  015E
01FC:  RETURN 0
.................... } 
....................  
.................... VOID XXX() 
.................... {  
....................    SIGNED INT8 X; 
....................    X= LCD_SO_X[0][0]; 
....................    X= LCD_MA_8DOAN[0]; 
.................... } 
....................  
....................  
.................... UNSIGNED INT16 T0,T0_TAM; 
.................... UNSIGNED INT8 CH, TR, DV; 
.................... unsigned int i; 
....................  
.................... void lcd_hienthi_so_z_toado_xy(SIGNED int8 lcd_so, x1, y1) 
.................... { 
....................    lcd_GOTO_xy(x1,y1); 
*
02C4:  MOVFF  26,29
02C8:  MOVFF  27,2A
02CC:  RCALL  01E4
....................    FOR (i=0;i<6;i++) 
02CE:  CLRF   22
02D0:  MOVF   22,W
02D2:  SUBLW  05
02D4:  BNC   031E
....................    { 
....................       IF (i==3) lcd_goto_xy(x1+1,y1); 
02D6:  MOVF   22,W
02D8:  SUBLW  03
02DA:  BNZ   02EA
02DC:  MOVLW  01
02DE:  ADDWF  26,W
02E0:  MOVWF  28
02E2:  MOVWF  29
02E4:  MOVFF  27,2A
02E8:  RCALL  01E4
....................       lcd_data(lcd_so_x[lcd_so][i]); 
02EA:  MOVFF  25,28
02EE:  MOVLW  06
02F0:  MOVWF  29
02F2:  BRA    0278
02F4:  MOVF   01,W
02F6:  CLRF   29
02F8:  MOVWF  28
02FA:  CLRF   03
02FC:  MOVF   22,W
02FE:  ADDWF  28,W
0300:  MOVWF  01
0302:  MOVF   29,W
0304:  ADDWFC 03,F
0306:  MOVF   01,W
0308:  MOVFF  FF2,28
030C:  BCF    FF2.7
030E:  RCALL  0024
0310:  BTFSC  28.7
0312:  BSF    FF2.7
0314:  MOVWF  28
0316:  MOVWF  29
0318:  RCALL  01FE
031A:  INCF   22,F
031C:  BRA    02D0
....................    } 
031E:  RETURN 0
.................... } 
....................  
.................... VOID HIENTHI_LCD() 
.................... { 
....................    LCD_GOTO_XY (0, 17) ; 
....................    DELAY_US (20) ; 
....................     
....................    TR = T0 / 100 + 0x30 ; 
....................     
....................    CH = (T0 / 10 %10) + 0x30 ; 
....................     
....................    DV = T0 % 10 + 0x30 ; 
....................     
....................    if(TR==0x30) 
....................    { 
....................       TR = " "; 
....................       if (CH==0x30) 
....................       { 
....................          CH=" "; 
....................       } 
....................    } 
....................    LCD_DATA(TR); 
....................    LCD_DATA(CH); 
....................    LCD_DATA(DV); 
.................... } 
....................  
.................... VOID HIENTHI_LCD_KichThuocLon() 
.................... { 
....................    lcd_hienthi_so_z_toado_xy(T0/100,2,0); 
0320:  MOVFF  1C,28
0324:  MOVFF  1B,27
0328:  CLRF   2A
032A:  MOVLW  64
032C:  MOVWF  29
032E:  RCALL  0236
0330:  MOVFF  02,24
0334:  MOVFF  01,23
0338:  MOVFF  01,25
033C:  MOVLW  02
033E:  MOVWF  26
0340:  CLRF   27
0342:  RCALL  02C4
....................    lcd_hienthi_so_z_toado_xy(T0/10%10,2,3); 
0344:  MOVFF  1C,28
0348:  MOVFF  1B,27
034C:  CLRF   2A
034E:  MOVLW  0A
0350:  MOVWF  29
0352:  RCALL  0236
0354:  MOVFF  02,24
0358:  MOVFF  01,23
035C:  MOVFF  02,28
0360:  MOVFF  01,27
0364:  CLRF   2A
0366:  MOVLW  0A
0368:  MOVWF  29
036A:  RCALL  0236
036C:  MOVFF  00,23
0370:  MOVFF  03,24
0374:  MOVFF  00,25
0378:  MOVLW  02
037A:  MOVWF  26
037C:  MOVLW  03
037E:  MOVWF  27
0380:  RCALL  02C4
....................    lcd_hienthi_so_z_toado_xy(T0%10,2,6); 
0382:  MOVFF  1C,28
0386:  MOVFF  1B,27
038A:  CLRF   2A
038C:  MOVLW  0A
038E:  MOVWF  29
0390:  RCALL  0236
0392:  MOVFF  00,23
0396:  MOVFF  03,24
039A:  MOVFF  00,25
039E:  MOVLW  02
03A0:  MOVWF  26
03A2:  MOVLW  06
03A4:  MOVWF  27
03A6:  RCALL  02C4
03A8:  RETURN 0
....................     
.................... //!   if(TR==0x30) 
.................... //!   { 
.................... //!      TR = " "; 
.................... //!      if (CH==0x30) 
.................... //!      { 
.................... //!         CH=" "; 
.................... //!      } 
.................... //!   } 
.................... //!   LCD_DATA(TR); 
.................... //!   LCD_DATA(CH); 
.................... //!   LCD_DATA(DV); 
.................... } 
....................  
....................  
.................... VOID MAIN() 
*
04FC:  CLRF   FF8
04FE:  BCF    FD0.7
0500:  CLRF   06
0502:  CLRF   0D
0504:  CLRF   0E
0506:  CLRF   0F
0508:  CLRF   10
050A:  CLRF   19
050C:  MOVF   FC1,W
050E:  ANDLW  C0
0510:  IORLW  0F
0512:  MOVWF  FC1
0514:  MOVLW  07
0516:  MOVWF  FB4
0518:  SETF   11
051A:  SETF   12
051C:  SETF   13
051E:  SETF   14
0520:  SETF   15
0522:  SETF   16
0524:  SETF   17
0526:  SETF   18
.................... { 
....................    SET_UP_PORT_IC_CHOT () ; 
0528:  BRA    0092
....................    SETUP_LCD () ; 
052A:  BRA    019C
....................    LCD_GOTO_XY (0, 0) ; 
052C:  CLRF   29
052E:  CLRF   2A
0530:  RCALL  01E4
....................    LCD_DATA ("DEM SAN PHAM:") ; 
0532:  MOVLW  84
0534:  MOVWF  FF6
0536:  MOVLW  00
0538:  MOVWF  FF7
053A:  BRA    0214
....................     
....................    SETUP_TIMER_0 (T0_EXT_L_TO_H|T0_DIV_1) ; 
053C:  MOVLW  A8
053E:  MOVWF  FD5
....................    SET_TIMER0 (0) ; 
0540:  CLRF   FD7
0542:  CLRF   FD6
....................    T0 = T0_TAM = 0; 
0544:  CLRF   1E
0546:  CLRF   1D
0548:  MOVFF  1E,1C
054C:  MOVFF  1D,1B
....................    HIENTHI_LCD_KichThuocLon(); 
0550:  RCALL  0320
....................    XUAT_4LED_7DOAN_GIAIMA_XOA_SO0 (T0) ; 
0552:  MOVFF  1C,24
0556:  MOVFF  1B,23
055A:  RCALL  03D6
....................     
....................    WHILE (TRUE) 
....................    { 
....................        
....................        
....................       T0 = GET_TIMER0 () ; 
055C:  MOVF   FD6,W
055E:  MOVWF  1B
0560:  MOVFF  FD7,1C
....................  
....................       IF (T0 != T0_TAM) 
0564:  MOVF   1D,W
0566:  SUBWF  1B,W
0568:  BNZ   0570
056A:  MOVF   1E,W
056C:  SUBWF  1C,W
056E:  BZ    0584
....................       { 
....................          T0_TAM = T0; 
0570:  MOVFF  1C,1E
0574:  MOVFF  1B,1D
....................          HIENTHI_LCD_KichThuocLon(); 
0578:  RCALL  0320
....................          XUAT_4LED_7DOAN_GIAIMA_XOA_SO0 (T0) ; 
057A:  MOVFF  1C,24
057E:  MOVFF  1B,23
0582:  RCALL  03D6
....................       } 
....................  
....................        
....................       IF (T0 >= 101) SET_TIMER0 (1); 
0584:  MOVF   1C,F
0586:  BNZ   058E
0588:  MOVF   1B,W
058A:  SUBLW  64
058C:  BC    0594
058E:  CLRF   FD7
0590:  MOVLW  01
0592:  MOVWF  FD6
0594:  BRA    055C
....................    } 
.................... } 
....................  
0596:  SLEEP 
....................  

Configuration Fuses:
   Word  1: CC27   PLL12 CPUDIV1 USBDIV HS FCMEN IESO
   Word  2: 1E3E   PUT BROWNOUT BORV21 VREGEN NOWDT WDT32768
   Word  3: 8700   CCP2C1 PBADEN LPT1OSC MCLR
   Word  4: 00A1   STVREN NOLVP ICSP2 NOXINST NODEBUG
   Word  5: C00F   NOPROTECT NOCPB NOCPD
   Word  6: E00F   NOWRT NOWRTC NOWRTB NOWRTD
   Word  7: 400F   NOEBTR NOEBTRB
