CCS PCH C Compiler, Version 5.015, 5967               22-Jun-20 15:22

               Filename:   C:\Users\tsqua\OneDrive - student.mtsac.edu\Desktop\BAI_TAP_VXL_NEW_3\BAI_662_GLCD_2BITMAP_SPKT.lst

               ROM used:   1802 bytes (5%)
                           Largest free fragment is 30966
               RAM used:   1054 (51%) at main() level
                           1075 (52%) worst case
               Stack used: 6 locations
               Stack size: 31

*
0000:  GOTO   06A4
....................  
.................... #include<tv_pickit2_shift_1.c> 
.................... #INCLUDE    <18F4550.H> 
.................... //////////// Standard Header file for the PIC18F4550 device //////////////// 
.................... /////////////////////////////////////////////////////////////////////////// 
.................... ////        (C) Copyright 1996, 2013 Custom Computer Services          //// 
.................... //// This source code may only be used by licensed users of the CCS C  //// 
.................... //// compiler.  This source code may only be distributed to other      //// 
.................... //// licensed users of the CCS C compiler.  No other use, reproduction //// 
.................... //// or distribution is permitted without written permission.          //// 
.................... //// Derivative programs created using this software in object code    //// 
.................... //// form are not restricted in any way.                               //// 
.................... /////////////////////////////////////////////////////////////////////////// 
.................... #device PIC18F4550 
0004:  ADDLW  12
0006:  MOVWF  FF6
0008:  MOVLW  00
000A:  ADDWFC FF7,F
000C:  TBLRD*+
000E:  MOVF   FF5,W
0010:  RETURN 0
0012:  DATA 00,00
0014:  DATA 00,00
0016:  DATA 00,00
0018:  DATA 00,00
001A:  DATA 00,00
001C:  DATA 00,00
001E:  DATA 00,00
0020:  DATA 00,00
0022:  DATA 00,00
0024:  DATA 00,00
0026:  DATA 00,00
0028:  DATA 00,00
002A:  DATA 00,00
002C:  DATA 00,01
002E:  DATA 80,00
0030:  DATA 00,00
0032:  DATA 00,00
0034:  DATA 00,01
0036:  DATA 80,00
0038:  DATA 00,00
003A:  DATA 00,00
003C:  DATA 00,01
003E:  DATA 80,00
0040:  DATA 00,00
0042:  DATA 00,00
0044:  DATA 00,07
0046:  DATA E0,00
0048:  DATA 00,00
004A:  DATA 00,00
004C:  DATA 00,07
004E:  DATA A0,00
0050:  DATA 00,00
0052:  DATA 00,00
0054:  DATA 00,03
0056:  DATA 20,00
0058:  DATA 00,00
005A:  DATA 00,00
005C:  DATA 00,03
005E:  DATA 20,00
0060:  DATA 00,00
0062:  DATA 00,00
0064:  DATA 00,02
0066:  DATA 20,00
0068:  DATA 00,00
006A:  DATA 00,00
006C:  DATA 00,02
006E:  DATA 30,00
0070:  DATA 00,00
0072:  DATA 00,00
0074:  DATA 00,02
0076:  DATA 30,00
0078:  DATA 00,00
007A:  DATA 00,7F
007C:  DATA 00,00
007E:  DATA 30,00
0080:  DATA 7E,00
0082:  DATA 00,FE
0084:  DATA 00,07
0086:  DATA E0,00
0088:  DATA 3F,00
008A:  DATA 01,F8
008C:  DATA 00,03
008E:  DATA E0,00
0090:  DATA 1F,80
0092:  DATA 03,F0
0094:  DATA 00,01
0096:  DATA C0,00
0098:  DATA 0F,C0
009A:  DATA 03,E0
009C:  DATA 00,01
009E:  DATA C0,00
00A0:  DATA 07,E0
00A2:  DATA 07,C0
00A4:  DATA 00,03
00A6:  DATA C0,00
00A8:  DATA 03,F0
00AA:  DATA 0F,C0
00AC:  DATA 00,17
00AE:  DATA F4,00
00B0:  DATA 01,F0
00B2:  DATA 0F,80
00B4:  DATA 00,1D
00B6:  DATA 98,00
00B8:  DATA 00,F8
00BA:  DATA 1F,00
00BC:  DATA 00,11
00BE:  DATA 8C,00
00C0:  DATA 00,F8
00C2:  DATA 1F,01
00C4:  DATA 00,31
00C6:  DATA 84,00
00C8:  DATA 80,7C
00CA:  DATA 3E,06
00CC:  DATA 00,31
00CE:  DATA 86,00
00D0:  DATA 20,7C
00D2:  DATA 3E,18
00D4:  DATA 00,71
00D6:  DATA 86,00
00D8:  DATA 1C,3E
00DA:  DATA 3C,43
00DC:  DATA 00,31
00DE:  DATA 84,00
00E0:  DATA C3,3E
00E2:  DATA 7C,0C
00E4:  DATA 00,11
00E6:  DATA 8C,00
00E8:  DATA 38,1E
00EA:  DATA 7C,31
00EC:  DATA 00,1D
00EE:  DATA 98,00
00F0:  DATA 86,1F
00F2:  DATA 78,C6
00F4:  DATA 00,1F
00F6:  DATA FC,00
00F8:  DATA 63,1F
00FA:  DATA 78,18
00FC:  DATA 00,03
00FE:  DATA C0,00
0100:  DATA 0C,1F
0102:  DATA F8,63
0104:  DATA 80,01
0106:  DATA 80,00
0108:  DATA C7,0F
010A:  DATA F9,8E
010C:  DATA 00,00
010E:  DATA 00,00
0110:  DATA 38,8F
0112:  DATA F8,38
0114:  DATA 80,00
0116:  DATA 00,01
0118:  DATA 0C,0F
011A:  DATA F8,C3
011C:  DATA 80,00
011E:  DATA 00,00
0120:  DATA E3,8F
0122:  DATA F9,8E
0124:  DATA 00,00
0126:  DATA 00,00
0128:  DATA 30,CF
012A:  DATA F8,38
012C:  DATA F8,00
012E:  DATA 00,1F
0130:  DATA 9E,0F
0132:  DATA F8,E3
0134:  DATA FE,00
0136:  DATA 00,7F
0138:  DATA E3,8F
013A:  DATA F9,9F
013C:  DATA FF,C0
013E:  DATA 03,FF
0140:  DATA F9,CF
0142:  DATA 78,FF
0144:  DATA FF,E0
0146:  DATA 07,FF
0148:  DATA FF,0F
014A:  DATA 78,1F
014C:  DATA FF,E0
014E:  DATA 07,FF
0150:  DATA FC,1F
0152:  DATA 7C,07
0154:  DATA FF,E0
0156:  DATA 07,FF
0158:  DATA E0,1F
015A:  DATA 7C,00
015C:  DATA FF,E0
015E:  DATA 07,FF
0160:  DATA 80,1E
0162:  DATA 7C,00
0164:  DATA 1F,E0
0166:  DATA 07,FC
0168:  DATA 00,3E
016A:  DATA 3E,01
016C:  DATA CF,E0
016E:  DATA 07,F3
0170:  DATA 80,3E
0172:  DATA 3E,01
0174:  DATA FF,E0
0176:  DATA 03,FF
0178:  DATA 80,7C
017A:  DATA 1F,01
017C:  DATA FF,E0
017E:  DATA 03,FF
0180:  DATA C0,7C
0182:  DATA 1F,01
0184:  DATA FF,C0
0186:  DATA 03,FF
0188:  DATA C0,F8
018A:  DATA 0F,83
018C:  DATA FF,C0
018E:  DATA 01,FF
0190:  DATA C0,F8
0192:  DATA 0F,83
0194:  DATA FF,C0
0196:  DATA 01,FF
0198:  DATA C1,F0
019A:  DATA 07,C3
019C:  DATA FF,80
019E:  DATA 01,FF
01A0:  DATA E3,F0
01A2:  DATA 03,E3
01A4:  DATA FF,80
01A6:  DATA 01,FF
01A8:  DATA E7,E0
01AA:  DATA 03,F7
01AC:  DATA FF,80
01AE:  DATA 00,FF
01B0:  DATA EF,C0
01B2:  DATA 01,FF
01B4:  DATA FF,80
01B6:  DATA 00,FF
01B8:  DATA FF,80
01BA:  DATA 00,FF
01BC:  DATA FF,00
01BE:  DATA 00,FF
01C0:  DATA FF,80
01C2:  DATA 00,7F
01C4:  DATA FF,00
01C6:  DATA 00,FF
01C8:  DATA FF,00
01CA:  DATA 00,3F
01CC:  DATA FF,00
01CE:  DATA 00,FF
01D0:  DATA FE,00
01D2:  DATA 00,1F
01D4:  DATA FF,00
01D6:  DATA 00,7F
01D8:  DATA F8,00
01DA:  DATA 00,0F
01DC:  DATA FE,00
01DE:  DATA 00,7F
01E0:  DATA F0,00
01E2:  DATA 00,03
01E4:  DATA FF,00
01E6:  DATA 00,7F
01E8:  DATA E0,00
01EA:  DATA 00,00
01EC:  DATA FF,FC
01EE:  DATA 1F,FF
01F0:  DATA 80,00
01F2:  DATA 00,00
01F4:  DATA 7F,FF
01F6:  DATA FF,FE
01F8:  DATA 00,00
01FA:  DATA 00,00
01FC:  DATA 0F,FF
01FE:  DATA FF,F8
0200:  DATA 00,00
0202:  DATA 00,00
0204:  DATA 01,FF
0206:  DATA FF,C0
0208:  DATA 00,00
020A:  DATA 00,00
020C:  DATA 00,0F
020E:  DATA F0,00
0210:  DATA 00,00
*
0376:  MOVLB  4
0378:  MOVF   x2E,W
037A:  MULWF  x30
037C:  MOVFF  FF3,01
0380:  MOVFF  FF4,00
0384:  MULWF  x31
0386:  MOVF   FF3,W
0388:  ADDWF  00,F
038A:  MOVF   x2F,W
038C:  MULWF  x30
038E:  MOVF   FF3,W
0390:  ADDWFC 00,W
0392:  MOVWF  02
0394:  MOVLB  0
0396:  RETURN 0
....................  
.................... #list 
....................  
.................... #DEVICE     ADC=10 
.................... #FUSES      NOWDT,PUT,HS,NOPROTECT,NOLVP,CPUDIV1 
.................... #USE        I2C(MASTER,SLOW,SDA=PIN_B0,SCL=PIN_B1) 
.................... #USE        DELAY(CLOCK=20000000) 
*
02F2:  MOVLW  04
02F4:  MOVWF  FEA
02F6:  MOVLW  1F
02F8:  MOVWF  FE9
02FA:  MOVF   FEF,W
02FC:  BZ    0318
02FE:  MOVLW  06
0300:  MOVWF  01
0302:  CLRF   00
0304:  DECFSZ 00,F
0306:  BRA    0304
0308:  DECFSZ 01,F
030A:  BRA    0302
030C:  MOVLW  7B
030E:  MOVWF  00
0310:  DECFSZ 00,F
0312:  BRA    0310
0314:  DECFSZ FEF,F
0316:  BRA    02FE
0318:  GOTO   035E (RETURN)
.................... //#USE        rs232(baud=9600, xmit=PIN_C6,rcv=PIN_C7) 
.................... //NUT NHAN: 
.................... #DEFINE  BT0     PIN_B5 
.................... #DEFINE  BT1     PIN_B4 
.................... #DEFINE  BT2     PIN_B3 
.................... #DEFINE  BT3     PIN_B2 
....................  
.................... #DEFINE  ON      BT0       //DK LED DON, MOTOR 
.................... #DEFINE  OFF     BT1 
.................... #DEFINE  INV     BT2 
....................  
.................... #DEFINE  UP      BT0    //DK LED DON 
.................... #DEFINE  DW      BT1 
.................... #DEFINE  CLR     BT2 
.................... #DEFINE  MOD     BT3 
....................  
.................... #DEFINE  STOP    BT3 
....................  
.................... #DEFINE  ON1     BT0      
.................... #DEFINE  OFF1    BT1 
.................... #DEFINE  ON2     BT2        
.................... #DEFINE  OFF2    BT3 
....................  
....................  
.................... #DEFINE     TRIGGER      PIN_E2 
.................... #DEFINE     ECHO         PIN_E1 
.................... //   IC74138_A    PIN_B6   //OUTPUT GIAI MA 2 SANG 4 TICH CUC MUC 0 
.................... //   IC74138_B    PIN_B7   //OUTPUT GIAI MA 2 SANG 4 TICH CUC MUC 0 
....................  
.................... //          ENCODER  PIN_C0   //RC0/T13CKI 
....................  
.................... //          CB_KC    PIN_A2   //RA2/AN2 
.................... //          PIR      PIN_A3   //RA3/AN3 
.................... //          CBXUNG   PIN_A4   //RA4/T0CKI 
.................... //          LEDTHU   PIN_A4   //RA4/T0CKI//SW802 
....................  
.................... //          CB_KCSA_TRIGGER  PIN_E2   //RE2/SDO  DUNG CHUNG 
.................... //          CB_KCSA_RCHO     PIN_E1   //RE1 
....................  
.................... //          CB_TCS3200_OUT    PIN_E1   //RE1 //CAM BIEN MAU TCS3200 
.................... //          CB_TCS3200_S0     B12      //LAY TU MBI5026 
.................... //          CB_TCS3200_S1     B13      //LAY TU MBI5026 
.................... //          CB_TCS3200_S2     B14      //LAY TU MBI5026 
.................... //          CB_TCS3200_S3     B15      //LAY TU MBI5026 
....................  
.................... //          CB_POWER  SW803 
.................... //          CB_GAS      AIN3_PCF8591T   //RE1 
.................... //          CB_QUANG    AIN2_PCF8591T    
.................... //          CB_LM35B    AIN1_PCF8591T   //RA1/AN1 
.................... //          CB_LM35A    AIN0_PCF8591T   //RE1/AN0 
....................  
.................... //XXXXXXXXXXXXXXXXXXXXXXXXXXXXXXXXXXXXXXXXXXXXXXXXX 
.................... #DEFINE      ENABLE_573A      PIN_D1         //CS0 CUA A 
.................... #DEFINE      ENABLE_573B      PIN_D0         //CS1 CUA B 
.................... //XXXXXXXXXXXXXXXXXXXXXXXXXXXXXXXXXXXXXXXXXXXXXXXXX 
.................... #DEFINE      SSDO             PIN_E2         //CHUNG TAT CA 
.................... #DEFINE      SSCK             PIN_E0         //CHUNG TAT CA 
.................... //XXXXXXXXXXXXXXXXXXXXXXXXXXXXXXXXXXXXXXXXXXXXXXXXX 
.................... #DEFINE      RCK_4LED7DOAN    PIN_D7         //A - 4 BYTE 
.................... #DEFINE      G_4LED7DOAN      PIN_D6         //A - 4 BYTE 
.................... //XXXXXXXXXXXXXXXXXXXXXXXXXXXXXXXXXXXXXXXXXXXX     
.................... #DEFINE      RCK_MATRANLED    PIN_D7         //B - 3 BYTE DAO 
.................... #DEFINE      G_MATRANLED      PIN_D6         //B - 3 BYTE DAO 
.................... //XXXXXXXXXXXXXXXXXXXXXXXXXXXXXXXXXXXXXXXXXXXXXXXXX 
.................... #DEFINE      RCK_32LED        PIN_D5         //A - 4 BYTE 
.................... #DEFINE      G_32LED          PIN_D4         //A - 4 BYTE 
.................... //XXXXXXXXXXXXXXXXXXXXXXXXXXXXXXXXXXXXXXXXXXXX  
.................... #DEFINE      RCK_8LEDQUET     PIN_D5         //B - 2 BYTE DAO 
.................... #DEFINE      G_8LEDQUET       PIN_D4         //B - 2 BYTE DAO 
.................... //XXXXXXXXXXXXXXXXXXXXXXXXXXXXXXXXXXXXXXXXXXXXXXXXX 
.................... #DEFINE      RCK_LCD20X4      PIN_D3         //A - 2 BYTE DAO 
.................... #DEFINE      G_LCD20X4         PIN_D2         //A - 2 BYTE DAO 
.................... //XXXXXXXXXXXXXXXXXXXXXXXXXXXXXXXXXXXXXXXXXXXX  
.................... #DEFINE      RCK_BUZERELAY    PIN_D3     //B - 1 BYTE  
.................... #DEFINE      G_BUZERELAY      PIN_D2         //B - 1 BYTE  
....................  
.................... VOID XUAT_LCD20X4(UNSIGNED INT8 LCD_SIGNAL,LCD_INS_HTHI); 
....................  
.................... VOID XUAT_BUZZER_RELAY(); 
.................... //XXXXXXXXXXXXXXXXXXXXXXXXXXXXXXXXXXXXXXXXXXXX    
.................... #DEFINE     CHOT_2_IC_74573_A_B  OUTPUT_D(0XFC) 
....................  
.................... UNSIGNED INT8 TIN_HIEU_DK_74573_A; 
.................... #BIT G_4A         = TIN_HIEU_DK_74573_A.6 
.................... #BIT G_32A        = TIN_HIEU_DK_74573_A.4 
.................... #BIT G_LCDA       = TIN_HIEU_DK_74573_A.2 
.................... //XXXXXXXXXXXXXXXXXXXXXXXXXXXXXXXXXXXXXXXXXXXX          
.................... #DEFINE     MO_32_LED_DON        G_32A=0; //OUTPUT_LOW(G_32LED)  
.................... #DEFINE     TAT_32_LED_DON       G_32A=1; //OUTPUT_HIGH(G_32LED)  
.................... //XXXXXXXXXXXXXXXXXXXXXXXXXXXXXXXXXXXXXXXXXXXX          
.................... #DEFINE     MO_4_LED_7DOAN       G_4A=0;  //OUTPUT_LOW(G_4LED7DOAN) 
.................... #DEFINE     TAT_4_LED_7DOAN      G_4A=1;  //OUTPUT_HIGH(G_4LED7DOAN) 
.................... //XXXXXXXXXXXXXXXXXXXXXXXXXXXXXXXXXXXXXXXXXXXX  
.................... #DEFINE     MO_GLCD_LCD           G_LCDA=0;   //OUTPUT_LOW(G_LCD20X4) 
.................... #DEFINE     TAT_GLCD_LCD          G_LCDA=1;   // OUTPUT_LOW(G_LCD20X4) 
....................  
.................... UNSIGNED INT8 TIN_HIEU_DK_74573_B;   
.................... #BIT G_MTB        = TIN_HIEU_DK_74573_B.6 
.................... #BIT G_8B         = TIN_HIEU_DK_74573_B.4 
.................... #BIT G_RBDCB      = TIN_HIEU_DK_74573_B.2 
.................... //XXXXXXXXXXXXXXXXXXXXXXXXXXXXXXXXXXXXXXXXXXXX  
.................... #DEFINE     MO_LED_MATRAN        G_MTB=0; //OUTPUT_LOW(G_MATRANLED) 
.................... #DEFINE     TAT_LED_MATRAN       G_MTB=1; //OUTPUT_LOW(G_MATRANLED) 
.................... //XXXXXXXXXXXXXXXXXXXXXXXXXXXXXXXXXXXXXXXXXXXX        
.................... #DEFINE     MO_8_LED_QUET        G_8B=0;  //OUTPUT_LOW(G_8LEDQUET) 
.................... #DEFINE     TAT_8_LED_QUET       G_8B=1;  //OUTPUT_LOW(G_8LEDQUET) 
.................... //XXXXXXXXXXXXXXXXXXXXXXXXXXXXXXXXXXXXXXXXXXXX          
.................... #DEFINE     MO_RELAY_BUZZER_DC   G_RBDCB=0;  //OUTPUT_LOW(G_BUZERELAY) 
.................... #DEFINE     TAT_RELAY_BUZZER_DC  G_RBDCB=1;  //OUTPUT_LOW(G_BUZERELAY) 
....................  
.................... //XXXXXXXXXXXXXXXXXXXXXXXXXXXXXXXXXXXXXXXXXXXX 
.................... //CHUONG TRINH KIEM TRA PHIM BT1 
.................... //XXXXXXXXXXXXXXXXXXXXXXXXXXXXXXXXXXXXXXXXXXXX 
.................... UNSIGNED INT8 DL_BTN=0; 
.................... INT1 PHIM_BT0(UNSIGNED INT16 DL) 
.................... {   
....................     IF (!INPUT(BT0)) 
....................     {   
....................       DL_BTN++; 
....................        
....................       IF (DL_BTN>= DL) 
....................          { 
....................             DL_BTN =0; 
....................             RETURN(1); 
....................          } 
....................       ELSE RETURN(0); 
....................     } 
....................     ELSE    RETURN(0); 
.................... }  
.................... //XXXXXXXXXXXXXXXXXXXXXXXXXXXXXXXXXXXXXXXXXXXX 
.................... //CHUONG TRINH KIEM TRA PHIM BT1 
.................... //XXXXXXXXXXXXXXXXXXXXXXXXXXXXXXXXXXXXXXXXXXXX 
.................... INT1 PHIM_BT1(UNSIGNED INT16 DL ) 
.................... {   
....................     IF (!INPUT(BT1)) 
....................     {   
....................       DL_BTN++; 
....................        
....................       IF (DL_BTN>= DL) 
....................          { 
....................             DL_BTN =0; 
....................             RETURN(1); 
....................          } 
....................       ELSE RETURN(0); 
....................     } 
....................     ELSE    RETURN(0); 
.................... }  
.................... //XXXXXXXXXXXXXXXXXXXXXXXXXXXXXXXXXXXXXXXXXXXX 
.................... //CHUONG TRINH KIEM TRA PHIM BT2       
.................... //XXXXXXXXXXXXXXXXXXXXXXXXXXXXXXXXXXXXXXXXXXXX                                     
.................... INT1 PHIM_BT2(UNSIGNED INT16 DL ) 
.................... {                                         
....................     IF (!INPUT(BT2)) 
....................     {   
....................       DL_BTN++; 
....................        
....................       IF (DL_BTN>= DL) 
....................          { 
....................             DL_BTN =0; 
....................             RETURN(1); 
....................          } 
....................       ELSE RETURN(0); 
....................     } 
....................     ELSE    RETURN(0); 
....................                                           
.................... }       
....................  
.................... //XXXXXXXXXXXXXXXXXXXXXXXXXXXXXXXXXXXXXXXXXXXX 
.................... //CHUONG TRINH KIEM TRA PHIM BT3 
.................... //XXXXXXXXXXXXXXXXXXXXXXXXXXXXXXXXXXXXXXXXXXXX 
.................... INT1 PHIM_BT3(UNSIGNED INT16 DL,  UNSIGNED INT8 SOLAN  ) 
.................... {   
....................     IF (!INPUT(BT3)) 
....................     {   
....................       DL_BTN++; 
....................       IF(DL_BTN==1) RETURN(1); 
....................       ELSE 
....................       { 
....................          IF (DL_BTN>= DL) 
....................          DL_BTN =SOLAN; 
....................       } 
....................     } 
....................     ELSE    
....................     { 
....................       //DL_BTN =0; 
....................       RETURN(0); 
....................     } 
.................... }  
.................... //XXXXXXXXXXXXXXXXXXXXXXXXXXXXXXXXXXXXXXXXXXXX 
.................... //KHAI BAO DU LIEU 16 BIT CHO MODULE RELAY, TRIAC, BUZZER, DONG CO 
.................... //XXXXXXXXXXXXXXXXXXXXXXXXXXXXXXXXXXXXXXXXXXXX 
.................... UNSIGNED INT16 RBDC; 
.................... #BIT STEP_MOTOR_ENABLE  = RBDC.0    //1=ENA,0=DIS 
.................... #BIT STEP_MOTOR_IN1     = RBDC.1     
.................... #BIT STEP_MOTOR_IN2     = RBDC.2 
.................... #BIT STEP_MOTOR_IN3     = RBDC.3 
.................... #BIT STEP_MOTOR_IN4     = RBDC.4 
.................... #BIT DC_ENABLE          = RBDC.5    //1=ENA,0=DIS 
.................... #BIT PWRKEY             = RBDC.6    //KHOI TAO SIM900 
....................  
.................... #BIT BUZZER             = RBDC.8    //1=ON,0=OFF 
.................... #BIT TRIAC_1            = RBDC.9    //1=ON,0=OFF 
.................... #BIT TRIAC_2            = RBDC.10   //1=ON,0=OFF 
.................... #BIT RELAY_1            = RBDC.11   //0=ON,1=OFF 
.................... #BIT RELAY_2            = RBDC.12   //0=ON,1=OFF 
....................  
.................... //HAM 103 
.................... //XXXXXXXXXXXXXXXXXXXXXXXXXXXXXXXXXXXXXXXXXXXX 
.................... //CHUONG TRINH CON KHOI TAO IC CHOT 
.................... //XXXXXXXXXXXXXXXXXXXXXXXXXXXXXXXXXXXXXXXXXXXX          
.................... #DEFINE     CHO_IC_74573_A_GOI_DU_LIEU     OUTPUT_HIGH(ENABLE_573A) 
.................... #DEFINE     CHOT_IC_74573_A_GOI_DU_LIEU    OUTPUT_LOW(ENABLE_573A) 
....................  
.................... #DEFINE     CHO_IC_74573_B_GOI_DU_LIEU     OUTPUT_HIGH(ENABLE_573B) 
.................... #DEFINE     CHOT_IC_74573_B_GOI_DU_LIEU    OUTPUT_LOW(ENABLE_573B) 
.................... VOID MO_IC_74573_A_THONG_DL(); 
....................  
.................... //XXXXXXXXXXXXXXXXXXXXXXXXXXXXXXXXXXXXXXXXXXXX    
.................... CONST UNSIGNED CHAR MA7DOAN[16]= {0XC0,0XF9,0xA4,0XB0,0X99,0X92,0X82,0XF8, 
.................... 0X80,0X90,0x88, 0x83, 0xC6, 0xA1, 0x86, 0x8E}; 
.................... #DEFINE     MASO0    0XC0 
.................... #DEFINE     MASO1    0XF9 
.................... #DEFINE     MASO2    0XA4 
.................... #DEFINE     MASO3    0XB0 
.................... #DEFINE     MASO4    0X99 
.................... #DEFINE     MASO5    0X92 
.................... #DEFINE     MASO6    0X82 
.................... #DEFINE     MASO7    0XF8 
....................  
.................... //XXXXXXXXXXXXXXXXXXXXXXXXXXXXXXXXXXXXXXXXXXXX  
.................... //HAM 102 
.................... //XXXXXXXXXXXXXXXXXXXXXXXXXXXXXXXXXXXXXXXXXXXX     
.................... //XUAT 1 BYTE RA THANH GHI DICH 
.................... //XXXXXXXXXXXXXXXXXXXXXXXXXXXXXXXXXXXXXXXXXXXX     
.................... VOID XUAT_1BYTE(UNSIGNED INT8 BYTEXUAT) 
.................... { 
....................    UNSIGNED INT8   SB,X;    
....................    #BIT BSERI  = X.7 
....................    X = BYTEXUAT; 
*
0230:  MOVFF  425,427
....................    FOR (SB=0;SB<8;SB++) 
0234:  MOVLB  4
0236:  CLRF   x26
0238:  MOVF   x26,W
023A:  SUBLW  07
023C:  BNC   025A
....................       {                                                  
....................          OUTPUT_BIT(SSDO,BSERI);     
023E:  BTFSC  x27.7
0240:  BRA    0246
0242:  BCF    F8D.2
0244:  BRA    0248
0246:  BSF    F8D.2
0248:  BCF    F96.2
....................          OUTPUT_LOW(SSCK); OUTPUT_HIGH(SSCK); 
024A:  BCF    F96.0
024C:  BCF    F8D.0
024E:  BCF    F96.0
0250:  BSF    F8D.0
....................          X= X<<1;          
0252:  BCF    FD8.0
0254:  RLCF   x27,F
0256:  INCF   x26,F
0258:  BRA    0238
....................      } 
025A:  MOVLB  0
025C:  RETURN 0
.................... } 
.................... //XXXXXXXXXXXXXXXXXXXXXXXXXXXXXXXXXXXXXXXXXXXX  
.................... //HAM 301 
.................... //XXXXXXXXXXXXXXXXXXXXXXXXXXXXXXXXXXXXXXXXXXXX 
.................... //CHUONG TRINH CON XUAT 4 BYTE RA 32 LED DON 
.................... //XXXXXXXXXXXXXXXXXXXXXXXXXXXXXXXXXXXXXXXXXXXX 
.................... VOID XUAT_32LED_DON_4BYTE(UNSIGNED INT8 BLD3,BLD2,BLD1,BLD0) 
.................... {      
....................       XUAT_1BYTE(BLD3);           
....................       XUAT_1BYTE(BLD2); 
....................       XUAT_1BYTE(BLD1);           
....................       XUAT_1BYTE(BLD0);             
....................       MO_32_LED_DON;       
....................       MO_IC_74573_A_THONG_DL();             
....................       OUTPUT_HIGH(RCK_32LED);    OUTPUT_LOW(RCK_32LED); 
....................       CHOT_IC_74573_A_GOI_DU_LIEU;       
.................... } 
.................... //HAM 302 
.................... //XXXXXXXXXXXXXXXXXXXXXXXXXXXXXXXXXXXXXXXXXXXX 
.................... //CHUONG TRINH CON XUAT 2 WORD 16 BITRA 32 LED DON 
.................... //XXXXXXXXXXXXXXXXXXXXXXXXXXXXXXXXXXXXXXXXXXXX 
.................... VOID XUAT_32LED_DON_2WORD(UNSIGNED INT16 WLD1, UNSIGNED INT16 WLD0) 
.................... {      
....................      UNSIGNED INT8  B3,B2,B1,B0; 
....................      B3 = WLD1>>8;  B2 = WLD1;  
....................      B1 = WLD0>>8;  B0 = WLD0; 
....................      XUAT_32LED_DON_4BYTE(B3,B2,B1,B0); 
.................... } 
.................... //HAM 303 
.................... //XXXXXXXXXXXXXXXXXXXXXXXXXXXXXXXXXXXXXXXXXXXX 
.................... //CHUONG TRINH CON XUAT 1 DOUBLE WORD RA 32 LED DON 
.................... //XXXXXXXXXXXXXXXXXXXXXXXXXXXXXXXXXXXXXXXXXXXX 
.................... VOID XUAT_32LED_DON_1DW(UNSIGNED LONG LONG DWLD) 
.................... {      
....................      UNSIGNED INT16  WD1,WD0; 
....................      WD1 = DWLD>>16;  WD0 = DWLD; 
....................      XUAT_32LED_DON_2WORD(WD1,WD0); 
.................... } 
....................  
.................... //HAM 304 
.................... //XXXXXXXXXXXXXXXXXXXXXXXXXXXXXXXXXXXXXXXXXXXX 
.................... //CHUONG TRINH CON MO 32 LED DON SANG 
.................... //XXXXXXXXXXXXXXXXXXXXXXXXXXXXXXXXXXXXXXXXXXXX 
.................... VOID MO_32LED_DON() 
.................... {         
....................      XUAT_32LED_DON_1DW(0XFFFFFFFF); 
.................... } 
.................... //HAM 305 
.................... //XXXXXXXXXXXXXXXXXXXXXXXXXXXXXXXXXXXXXXXXXXXX 
.................... //CHUONG TRINH CON TAT 32 LED DON  
.................... //XXXXXXXXXXXXXXXXXXXXXXXXXXXXXXXXXXXXXXXXXXXX 
.................... VOID TAT_32LED_DON() 
.................... {         
....................      XUAT_32LED_DON_1DW(0); 
.................... } 
.................... //XXXXXXXXXXXXXXXXXXXXXXXXXXXXXXXXXXXXXXXXXXXX     
.................... //XUAT 1 BIT ROI TRA LAI KET QUA SAU KHI DICH DI 1 BIT 
.................... //XXXXXXXXXXXXXXXXXXXXXXXXXXXXXXXXXXXXXXXXXXXX     
.................... UNSIGNED  INT8 XUAT_1BIT(UNSIGNED INT8 BYTEXUAT) 
.................... { 
....................       UNSIGNED INT8   XBITX;    
....................       #BIT BSERIX  = XBITX.0 
....................       XBITX = BYTEXUAT; 
....................                                              
....................       OUTPUT_BIT(SSDO,BSERIX);     
....................       OUTPUT_LOW(SSCK); OUTPUT_HIGH(SSCK); 
....................       XBITX= XBITX>>1;    
....................       RETURN(XBITX);   
.................... } 
.................... //XXXXXXXXXXXXXXXXXXXXXXXXXXXXXXXXXXXXXXXXXXXX  
.................... //HAM 101 
.................... //XXXXXXXXXXXXXXXXXXXXXXXXXXXXXXXXXXXXXXXXXXXX     
.................... //HAM KHOI TAO CAC PORT VA IC CHOT 
.................... //XXXXXXXXXXXXXXXXXXXXXXXXXXXXXXXXXXXXXXXXXXXX     
.................... VOID SET_UP_PORT_IC_CHOT() 
.................... {      
....................       SET_TRIS_D(0x00);     
*
0212:  MOVLW  00
0214:  MOVWF  F95
....................       SET_TRIS_E(0X00); 
0216:  MOVWF  F96
....................       OUTPUT_D(0XFF); 
0218:  CLRF   F95
021A:  SETF   F8C
....................       TIN_HIEU_DK_74573_A=0XFF;   
021C:  SETF   04
....................       TIN_HIEU_DK_74573_B=0XFF;       
021E:  SETF   05
....................       CHOT_IC_74573_A_GOI_DU_LIEU; 
0220:  BCF    F95.1
0222:  BCF    F8C.1
....................       CHOT_IC_74573_B_GOI_DU_LIEU;   
0224:  BCF    F95.0
0226:  BCF    F8C.0
....................       RBDC=0; 
0228:  CLRF   08
022A:  CLRF   07
022C:  GOTO   06D2 (RETURN)
.................... } 
.................... //HAM 104 
.................... //XXXXXXXXXXXXXXXXXXXXXXXXXXXXXXXXXXXXXXXXXXXX     
.................... //XUAT CÁC THIEU DIEU KHIEN  
.................... //GIU NGUYEN CAC TRANG THAI CUA 2 MODULE KHAC 
.................... //XXXXXXXXXXXXXXXXXXXXXXXXXXXXXXXXXXXXXXXXXXXX     
.................... VOID MO_IC_74573_A_THONG_DL() 
.................... {      
....................       OUTPUT_D(0X00); 
*
025E:  CLRF   F95
0260:  CLRF   F8C
....................       OUTPUT_BIT(G_32LED,G_32A); 
0262:  BTFSC  04.4
0264:  BRA    026A
0266:  BCF    F8C.4
0268:  BRA    026C
026A:  BSF    F8C.4
026C:  BCF    F95.4
....................       OUTPUT_BIT(G_4LED7DOAN,G_4A); 
026E:  BTFSC  04.6
0270:  BRA    0276
0272:  BCF    F8C.6
0274:  BRA    0278
0276:  BSF    F8C.6
0278:  BCF    F95.6
....................       OUTPUT_BIT(G_LCD20X4,G_LCDA);   
027A:  BTFSC  04.2
027C:  BRA    0282
027E:  BCF    F8C.2
0280:  BRA    0284
0282:  BSF    F8C.2
0284:  BCF    F95.2
....................       CHO_IC_74573_A_GOI_DU_LIEU; 
0286:  BCF    F95.1
0288:  BSF    F8C.1
028A:  GOTO   02AA (RETURN)
.................... } 
.................... VOID MO_IC_74573_B_THONG_DL() 
.................... {      
....................       OUTPUT_D(0X00); 
....................       OUTPUT_BIT(G_MATRANLED,G_MTB); 
....................       OUTPUT_BIT(G_8LEDQUET,G_8B); 
....................       OUTPUT_BIT(G_BUZERELAY,G_RBDCB);  
....................       CHO_IC_74573_B_GOI_DU_LIEU; 
.................... } 
.................... //ham 401 
.................... //XXXXXXXXXXXXXXXXXXXXXXXXXXXXXXXXXXXXXXXXXXXX 
.................... //CHUONG TRINH CON XUAT 4 BYTE RA 4 LED 7 DOAN 
.................... //XXXXXXXXXXXXXXXXXXXXXXXXXXXXXXXXXXXXXXXXXXXX 
.................... VOID XUAT_4LED_7DOAN_4SO(UNSIGNED INT BL743,BL742,BL741,BL740) 
.................... {      
....................       XUAT_1BYTE(BL740);   XUAT_1BYTE(BL741); 
....................       XUAT_1BYTE(BL742);   XUAT_1BYTE(BL743); 
....................        
....................       MO_4_LED_7DOAN; 
....................       MO_IC_74573_A_THONG_DL(); 
....................         
....................       OUTPUT_LOW(RCK_4LED7DOAN);   OUTPUT_HIGH(RCK_4LED7DOAN);  
....................       CHOT_IC_74573_A_GOI_DU_LIEU; 
.................... } 
.................... //ham 404 
.................... VOID XUAT_4LED_7DOAN_3SO(UNSIGNED INT BL742,BL741,BL740) 
.................... {      
....................      XUAT_4LED_7DOAN_4SO(0XFF,BL742,BL741,BL740); 
.................... } 
.................... //ham 403 
.................... VOID XUAT_4LED_7DOAN_2SO(UNSIGNED INT BL741,BL740) 
.................... {      
....................      XUAT_4LED_7DOAN_4SO(0XFF,0XFF,BL741,BL740); 
.................... } 
.................... //ham 402 
.................... VOID XUAT_4LED_7DOAN_1SO(UNSIGNED INT BL740) 
.................... {      
....................      XUAT_4LED_7DOAN_4SO(0XFF,0XFF,0XFF,BL740); 
.................... } 
....................  
.................... //ham 405 
.................... //XXXXXXXXXXXXXXXXXXXXXXXXXXXXXXXXXXXXXXXXXXXXXXXXXXXXXXXXXXXXX 
.................... //CHUONG TRINH CON HIEN THI DU LIEU 16 BIT TREN 4 LED 7 DOAN 
.................... //XXXXXXXXXXXXXXXXXXXXXXXXXXXXXXXXXXXXXXXXXXXXXXXXXXXXXXXXXXXXX 
.................... UNSIGNED CHAR DONVI4,CHUC4,TRAM4,NGAN4; 
.................... VOID  XUAT_4LED_7DOAN_GIAIMA_XOA_SO0 (UNSIGNED INT16 TAM) 
.................... {          
....................       DONVI4 = MA7DOAN[TAM %10];          
....................       CHUC4  = MA7DOAN[TAM/10%10]; 
....................       TRAM4  = MA7DOAN[TAM/100%10];  
....................       NGAN4  = MA7DOAN[TAM/1000%10];        
....................       IF (NGAN4==0XC0) 
....................       { 
....................          NGAN4=0XFF; 
....................          IF (TRAM4==0XC0) 
....................          { 
....................             TRAM4=0XFF; 
....................             IF (CHUC4==0XC0)   CHUC4=0XFF; 
....................          } 
....................       } 
....................       XUAT_4LED_7DOAN_4SO(NGAN4,TRAM4,CHUC4,DONVI4);    
.................... } 
.................... UNSIGNED INT8 LCDDATA=0;  
.................... UNSIGNED INT8 LCDCONTROL=0; 
.................... UNSIGNED INT8 GLCDDATA=0; 
.................... UNSIGNED INT8 GLCDCONTROL=0;  
.................... //HAM 701 
.................... //XXXXXXXXXXXXXXXXXXXXXXXXXXXXXXXXXXXXXXXXXXXXXXXXXXXXXXXXXXXXX 
.................... //CHUONG TRINH CON XUAT DU LIEU 4 BYTE RA GLCD VA LCD 
.................... //XXXXXXXXXXXXXXXXXXXXXXXXXXXXXXXXXXXXXXXXXXXXXXXXXXXXXXXXXXXXX 
.................... VOID XUAT_GLCD_LCD() 
.................... {       
....................     XUAT_1BYTE(GLCDCONTROL);              
028E:  MOVFF  10,425
0292:  RCALL  0230
....................     XUAT_1BYTE(GLCDDATA); 
0294:  MOVFF  0F,425
0298:  RCALL  0230
....................     XUAT_1BYTE(LCDCONTROL);        
029A:  MOVFF  0E,425
029E:  RCALL  0230
....................     XUAT_1BYTE(LCDDATA);       
02A0:  MOVFF  0D,425
02A4:  RCALL  0230
....................        
....................     MO_GLCD_LCD; 
02A6:  BCF    04.2
....................     MO_IC_74573_A_THONG_DL();             
02A8:  BRA    025E
....................     OUTPUT_HIGH(RCK_LCD20X4);      
02AA:  BCF    F95.3
02AC:  BSF    F8C.3
....................     OUTPUT_LOW(RCK_LCD20X4); 
02AE:  BCF    F95.3
02B0:  BCF    F8C.3
....................     CHOT_IC_74573_A_GOI_DU_LIEU; 
02B2:  BCF    F95.1
02B4:  BCF    F8C.1
02B6:  GOTO   02CC (RETURN)
.................... } 
.................... //HAM 702 
.................... VOID XUAT_LCD20X4(UNSIGNED INT8 LCD_SIGNAL,LCD_INS_HTHI) 
.................... {      
....................     LCDCONTROL = ~LCD_SIGNAL; 
....................     LCDDATA    = ~LCD_INS_HTHI;       
....................     XUAT_GLCD_LCD(); 
.................... } 
.................... //HAM 703 
.................... VOID XUAT_GLCD128X64(UNSIGNED INT8 GLCD_SIGNAL,GLCD_INS_HTHI) 
.................... {      
....................     GLCDCONTROL = ~GLCD_SIGNAL; 
02BA:  MOVLB  4
02BC:  MOVFF  423,10
02C0:  COMF   10,F
....................     GLCDDATA    = ~GLCD_INS_HTHI;      
02C2:  MOVFF  424,0F
02C6:  COMF   0F,F
....................     XUAT_GLCD_LCD(); 
02C8:  MOVLB  0
02CA:  BRA    028E
02CC:  RETURN 0
.................... } 
.................... //HAM 501 
.................... //XXXXXXXXXXXXXXXXXXXXXXXXXXXXXXXXXXXXXXXXXXXX 
.................... //CHUONG TRINH CON XUAT 2 BYTE RA DK 1 LED QUET SANG 
.................... //XXXXXXXXXXXXXXXXXXXXXXXXXXXXXXXXXXXXXXXXXXXX 
.................... VOID XUAT_8LED_7DOAN_QUET_1(UNSIGNED INT MA,SO_HTHI) 
.................... {      
....................       XUAT_1BYTE(~MA);   XUAT_1BYTE(~SO_HTHI); 
....................        
....................       MO_8_LED_QUET; 
....................       MO_IC_74573_B_THONG_DL(); 
....................        
....................       OUTPUT_HIGH(RCK_8LEDQUET); OUTPUT_LOW(RCK_8LEDQUET); 
....................       CHOT_IC_74573_B_GOI_DU_LIEU; 
.................... } 
.................... //HAM 502 
.................... //XXXXXXXXXXXXXXXXXXXXXXXXXXXXXXXXXXXXXXXXXXXX 
.................... //CHUONG TRINH CON XUAT 2 BYTE RA TAT 8 LED QUET 
.................... //XXXXXXXXXXXXXXXXXXXXXXXXXXXXXXXXXXXXXXXXXXXX 
.................... VOID XUAT_8LED_7DOAN_QUET_TAT_LED() 
.................... { 
....................    XUAT_8LED_7DOAN_QUET_1(0XFF,0XFF); 
.................... } 
.................... //HAM 503 
.................... //XXXXXXXXXXXXXXXXXXXXXXXXXXXXXXXXXXXXXXXXXXXX 
.................... //CHUONG TRINH CON HIEN THI LED THEO THU TU 
.................... //XXXXXXXXXXXXXXXXXXXXXXXXXXXXXXXXXXXXXXXXXXXX 
.................... CONST UNSIGNED CHAR TTLEDQUET[8]= {0x7F,0xBF,0xDF,0xEF,0xF7,0xFB,0xFD,0xFE}; 
.................... VOID XUAT_8LED_7DOAN_QUET_2(UNSIGNED INT THUTULED,SO_HTHI) 
.................... {          
....................       XUAT_1BYTE(~ (TTLEDQUET[THUTULED]));   XUAT_1BYTE(~SO_HTHI);      
....................       MO_8_LED_QUET; 
....................       MO_IC_74573_B_THONG_DL(); 
....................       OUTPUT_HIGH(RCK_8LEDQUET); OUTPUT_LOW(RCK_8LEDQUET); 
....................       CHOT_IC_74573_B_GOI_DU_LIEU; 
.................... } 
.................... //HAM 504 
.................... //XXXXXXXXXXXXXXXXXXXXXXXXXXXXXXXXXXXXXXXXXXXX 
.................... //CHUONG TRINH CON HIEN THI 8 SO TREN 8 LED QUET - CO KIEM TRA 
.................... //XXXXXXXXXXXXXXXXXXXXXXXXXXXXXXXXXXXXXXXXXXXX 
.................... UNSIGNED INT8 LED_7DQ[8]={0XFF,0XFF,0XFF,0XFF,0XFF,0XFF,0XFF,0XFF}; 
.................... UNSIGNED INT8 TT8LED=0; 
.................... VOID HIEN_THI_8LED_7DOAN_QUET() 
.................... {      
....................       FOR(TT8LED=0;TT8LED<8;TT8LED++) 
....................          IF (LED_7DQ[TT8LED]!=0XFF) 
....................          {            
....................             XUAT_8LED_7DOAN_QUET_2(TT8LED, LED_7DQ[TT8LED]); 
....................             DELAY_US(100); 
....................             XUAT_8LED_7DOAN_QUET_TAT_LED();            
....................             } 
.................... } 
.................... //HAM 505 
.................... //XXXXXXXXXXXXXXXXXXXXXXXXXXXXXXXXXXXXXXXXXXXX 
.................... //CHUONG TRINH CON HIEN THI 8 SO TREN 8 LED QUET - KHONG KIEM TRA 
.................... //XXXXXXXXXXXXXXXXXXXXXXXXXXXXXXXXXXXXXXXXXXXX 
.................... VOID HIEN_THI_8LED_7DOAN_QUET_ALL() 
.................... {      
....................       FOR(TT8LED=0;TT8LED<8;TT8LED++)          
....................          {            
....................             XUAT_8LED_7DOAN_QUET_2(TT8LED, LED_7DQ[TT8LED]); 
....................             DELAY_US(100); 
....................             XUAT_8LED_7DOAN_QUET_TAT_LED();            
....................             } 
.................... } 
....................  
.................... VOID DELAY_QUET_8LED(UNSIGNED INT16 DL) 
.................... {  
....................       UNSIGNED INT8 I; 
....................       FOR (I=0; I<DL;I++) 
....................       HIEN_THI_8LED_7DOAN_QUET_ALL(); 
.................... }  
....................  
.................... VOID GIAI_MA_GAN_CHO_8LED_QUET_16_XOA(UNSIGNED INT16 X) 
.................... {      
....................       LED_7DQ[0]= MA7DOAN [X %10];     
....................       LED_7DQ[1]= MA7DOAN [X/10%10]; 
....................       LED_7DQ[2]= MA7DOAN [X/100%10];     
....................       LED_7DQ[3]= MA7DOAN [X/1000%10]; 
....................       LED_7DQ[4]= MA7DOAN [X/10000%10]; 
....................       IF (LED_7DQ[4]==MASO0)  
....................       { 
....................             LED_7DQ[4]=0XFF; 
....................             IF (LED_7DQ[3]==MASO0)  
....................             { 
....................                LED_7DQ[3]=0XFF; 
....................                IF (LED_7DQ[2]==MASO0)  
....................                { 
....................                   LED_7DQ[2]=0XFF; 
....................                   IF (LED_7DQ[1]==MASO0)  
....................                   { 
....................                      LED_7DQ[1]=0XFF; 
....................                   } 
....................                } 
....................             } 
....................       } 
....................              
.................... } 
.................... //XXXXXXXXXXXXXXXXXXXXXXXXXXXXXXXXXXXXXXXXXXXX          
.................... VOID XUAT_2BYTE(UNSIGNED INT16 BYTE2XUAT) 
.................... { 
....................    INT8 SBB; 
....................    UNSIGNED INT16   XX;   //SHORT  BSERI; 
....................    #BIT BSERIX  = XX.15 
....................    XX = BYTE2XUAT; 
....................    FOR (SBB=0;SBB<16;SBB++) 
....................       {                                                  
....................          OUTPUT_BIT(SSDO,BSERIX);     
....................          OUTPUT_LOW(SSCK);          
....................          OUTPUT_HIGH(SSCK); 
....................          XX= XX<<1;          
....................      } 
.................... } 
.................... //XXXXXXXXXXXXXXXXXXXXXXXXXXXXXXXXXXXXXXXXXXXX 
.................... //CHUONG TRINH CON XUAT RA LED MA TRAN 
.................... //XXXXXXXXXXXXXXXXXXXXXXXXXXXXXXXXXXXXXXXXXXXX 
.................... VOID XUAT_MATRANLED(UNSIGNED INT16 MAHANG,UNSIGNED INT16 MACOT1, 
.................... UNSIGNED INT16 MACOT2,UNSIGNED INT16 MACOT3) 
.................... {       
....................       XUAT_2BYTE(MACOT3); 
....................       XUAT_2BYTE(MACOT2); 
....................       XUAT_2BYTE(MACOT1); 
....................       XUAT_2BYTE(MAHANG); 
....................        
....................       MO_LED_MATRAN; 
....................       MO_IC_74573_B_THONG_DL(); 
....................        
....................       OUTPUT_HIGH(RCK_MATRANLED); OUTPUT_LOW(RCK_MATRANLED);  
....................       CHOT_IC_74573_B_GOI_DU_LIEU; 
.................... } 
.................... //XXXXXXXXXXXXXXXXXXXXXXXXXXXXXXXXXXXXXXXXXXXX 
.................... //CHUONG TRINH CON XUAT RA LED MA TRAN 
.................... //XXXXXXXXXXXXXXXXXXXXXXXXXXXXXXXXXXXXXXXXXXXX 
.................... VOID TAT_MATRANLED() 
.................... {       
....................       XUAT_2BYTE(0); 
....................       XUAT_2BYTE(0); 
....................       XUAT_2BYTE(0); 
....................       XUAT_2BYTE(0);            
....................       OUTPUT_HIGH(RCK_MATRANLED);  
....................       OUTPUT_LOW(RCK_MATRANLED); 
.................... } 
.................... UNSIGNED  INT8 HIEU_CHINH_4BIT_CAO(UNSIGNED INT8 XZY) 
.................... { 
....................       INT1  BTG; 
....................       UNSIGNED INT8   BX;    
....................       #BIT BIT4  = BX.4 
....................       #BIT BIT5  = BX.5 
....................       #BIT BIT6  = BX.6 
....................       #BIT BIT7  = BX.7 
....................       BX=XZY; 
....................       BTG=BIT4;   BIT4=BIT7;  BIT7=BTG; 
....................       BTG=BIT5;   BIT5=BIT6;  BIT6=BTG;       
....................       RETURN(BX);   
.................... } 
.................... //HAM 601 
.................... //XXXXXXXXXXXXXXXXXXXXXXXXXXXXXXXXXXXXXXXXXXXXXXXXXXXX 
.................... //MODULE DIEU KHIEN RELAY,TRIAC, BUZZER, DONG CO, SIM 
.................... //XXXXXXXXXXXXXXXXXXXXXXXXXXXXXXXXXXXXXXXXXXXXXXXXXXXX 
.................... VOID XUAT_BUZZER_RELAY() 
.................... {      
....................    UNSIGNED INT8 RBDC1,RBDC2; 
....................       RBDC1=RBDC; RBDC2=RBDC>>8;       
....................       XUAT_1BYTE(RBDC2);       
....................       XUAT_1BYTE(RBDC1); 
....................       MO_RELAY_BUZZER_DC; 
....................       MO_IC_74573_B_THONG_DL(); 
....................        
....................       OUTPUT_HIGH(RCK_BUZERELAY);   OUTPUT_LOW(RCK_BUZERELAY); 
....................       CHOT_IC_74573_B_GOI_DU_LIEU; 
.................... } 
.................... //HAM 602 
.................... //XXXXXXXXXXXXXXXXXXXXXXXXXXXXXXXXXXXXXXXXXXXXXXXXXXXX 
.................... VOID BUZZER_ON() 
.................... {     
....................       BUZZER=1; 
....................       XUAT_BUZZER_RELAY();          
.................... } 
.................... //HAM 603 
.................... //XXXXXXXXXXXXXXXXXXXXXXXXXXXXXXXXXXXXXXXXXXXXXXXXXXXX 
.................... VOID BUZZER_OFF() 
.................... {      
....................       BUZZER=0; 
....................       XUAT_BUZZER_RELAY(); 
.................... } 
.................... //HAM 604 
.................... //XXXXXXXXXXXXXXXXXXXXXXXXXXXXXXXXXXXXXXXXXXXXXXXXXXXX 
.................... VOID RELAY_1_ON() 
.................... {     
....................       RELAY_1=1; 
....................       XUAT_BUZZER_RELAY();          
.................... } 
.................... //HAM 603 
.................... //XXXXXXXXXXXXXXXXXXXXXXXXXXXXXXXXXXXXXXXXXXXXXXXXXXXX 
.................... VOID RELAY_1_OFF() 
.................... {     
....................       RELAY_1=0; 
....................       XUAT_BUZZER_RELAY();          
.................... } 
.................... //HAM 604 
.................... //XXXXXXXXXXXXXXXXXXXXXXXXXXXXXXXXXXXXXXXXXXXXXXXXXXXX 
.................... VOID RELAY_2_ON() 
.................... {     
....................       RELAY_2=1; 
....................       XUAT_BUZZER_RELAY();          
.................... } 
.................... //HAM 607 
.................... //XXXXXXXXXXXXXXXXXXXXXXXXXXXXXXXXXXXXXXXXXXXXXXXXXXXX 
.................... VOID RELAY_2_OFF() 
.................... {     
....................       RELAY_2=0; 
....................       XUAT_BUZZER_RELAY();          
.................... } 
.................... //HAM 608 
.................... //XXXXXXXXXXXXXXXXXXXXXXXXXXXXXXXXXXXXXXXXXXXXXXXXXXXX 
.................... VOID RELAY_1_RELAY_2_ON() 
.................... {     
....................       RELAY_1=1;  RELAY_2=1; 
....................       XUAT_BUZZER_RELAY();          
.................... } 
.................... //HAM 609 
.................... //XXXXXXXXXXXXXXXXXXXXXXXXXXXXXXXXXXXXXXXXXXXXXXXXXXXX 
.................... VOID RELAY_1_RELAY_2_OFF() 
.................... {     
....................       RELAY_1=0;  RELAY_2=0; 
....................       XUAT_BUZZER_RELAY();          
.................... } 
.................... //HAM 610 
.................... //XXXXXXXXXXXXXXXXXXXXXXXXXXXXXXXXXXXXXXXXXXXXXXXXXXXX 
.................... VOID TRIAC_1_ON() 
.................... {     
....................       TRIAC_1=1; 
....................       XUAT_BUZZER_RELAY();          
.................... } 
.................... //HAM 611 
.................... //XXXXXXXXXXXXXXXXXXXXXXXXXXXXXXXXXXXXXXXXXXXXXXXXXXXX 
.................... VOID TRIAC_1_OFF() 
.................... {     
....................       TRIAC_1=0; 
....................       XUAT_BUZZER_RELAY();          
.................... } 
.................... //HAM 612 
.................... //XXXXXXXXXXXXXXXXXXXXXXXXXXXXXXXXXXXXXXXXXXXXXXXXXXXX 
.................... VOID TRIAC_2_ON() 
.................... {     
....................       TRIAC_2=1; 
....................       XUAT_BUZZER_RELAY();          
.................... } 
.................... //HAM 613 
.................... //XXXXXXXXXXXXXXXXXXXXXXXXXXXXXXXXXXXXXXXXXXXXXXXXXXXX 
.................... VOID TRIAC_2_OFF() 
.................... {     
....................       TRIAC_2=0; 
....................       XUAT_BUZZER_RELAY();          
.................... } 
.................... //XXXXXXXXXXXXXXXXXXXXXXXXXXXXXXXXXXXXXXXXXXXX 
....................  
....................  
....................  
.................... #include <tv_pickit2_shift_glcd128x64.c> 
.................... UNSIGNED INT8 GLCD_CONTROL;   
.................... #bit GLCD_P    = GLCD_CONTROL.5 
.................... #bit GLCD_RS   = GLCD_CONTROL.4 
.................... #bit GLCD_RW   = GLCD_CONTROL.3 
.................... #bit GLCD_E    = GLCD_CONTROL.2 
.................... #bit GLCD_CS2  = GLCD_CONTROL.1 
.................... #bit GLCD_CS1  = GLCD_CONTROL.0 
....................  
.................... //#DEFINE GLCD_FUNCTION_SET       0X30 
.................... #DEFINE GLCD_TEXT_MODE          0x30 
.................... #DEFINE GLCD_GRAPHIC_MODE       0x36  
....................  
.................... #DEFINE GLCD_CLEAR_DISPLAY      0X01 
.................... #DEFINE GLCD_CURSOR_DISPLAY     0X0C 
.................... #DEFINE GLCD_ENTRY_MODE         0X06 
....................  
....................  
.................... #DEFINE GLCD_ADDR_LINE1         0X80 
.................... #DEFINE GLCD_ADDR_LINE2         0X90 
.................... #DEFINE GLCD_ADDR_LINE3         0X88 
.................... #DEFINE GLCD_ADDR_LINE4         0X98 
....................  
.................... VOID GLCD_XUAT_8BIT(INT8 GLCD_DATA1) 
.................... { 
....................       GLCD_E=1; XUAT_GLCD128X64(GLCD_CONTROL,GLCD_DATA1);      
02CE:  BSF    1A.2
02D0:  MOVFF  1A,423
02D4:  MOVFF  422,424
02D8:  RCALL  02BA
....................       GLCD_E=0; XUAT_GLCD128X64(GLCD_CONTROL,GLCD_DATA1);  
02DA:  BCF    1A.2
02DC:  MOVFF  1A,423
02E0:  MOVFF  422,424
02E4:  RCALL  02BA
02E6:  RETURN 0
.................... } 
....................  
.................... void GLCD_COMMAND(INT8 GLCD_DATA2)    
....................   { 
....................       GLCD_RS = 0; 
02E8:  BCF    1A.4
....................       GLCD_XUAT_8BIT(GLCD_DATA2);       
02EA:  MOVFF  41F,422
02EE:  RCALL  02CE
02F0:  RETURN 0
....................   } 
.................... void GLCD_DATA(INT8 GLCD_DATA3)        
....................   { 
....................       GLCD_RS = 1;      
*
05B4:  BSF    1A.4
....................       GLCD_XUAT_8BIT(GLCD_DATA3);      
05B6:  MOVFF  421,422
05BA:  RCALL  02CE
05BC:  RETURN 0
....................   } 
....................    
....................   VOID GLCD_DATA_X(INT8 GLCD_DATA3) 
.................... { 
....................       GLCD_RS = 1;      
....................       GLCD_XUAT_8BIT(0XA1); 
....................       GLCD_XUAT_8BIT(0X40);   
.................... } 
.................... VOID SETUP_GLCD (INT8 GLCD_FUNCTION_SET_MODE) 
.................... {                      
....................          GLCD_CS1 = 1; 
*
031C:  BSF    1A.0
....................          GLCD_CS2 = 1; 
031E:  BSF    1A.1
....................          GLCD_E  = 0; 
0320:  BCF    1A.2
....................          GLCD_RW = 0;           
0322:  BCF    1A.3
....................          GLCD_P =0;          
0324:  BCF    1A.5
....................          GLCD_COMMAND(GLCD_FUNCTION_SET_MODE);          
0326:  MOVFF  41E,41F
032A:  RCALL  02E8
....................          DELAY_US(10); 
032C:  MOVLW  10
032E:  MOVWF  00
0330:  DECFSZ 00,F
0332:  BRA    0330
0334:  NOP   
....................          GLCD_COMMAND(GLCD_CURSOR_DISPLAY);        
0336:  MOVLW  0C
0338:  MOVLB  4
033A:  MOVWF  x1F
033C:  MOVLB  0
033E:  RCALL  02E8
....................          DELAY_US(10);     
0340:  MOVLW  10
0342:  MOVWF  00
0344:  DECFSZ 00,F
0346:  BRA    0344
0348:  NOP   
....................          GLCD_COMMAND(GLCD_CLEAR_DISPLAY);       
034A:  MOVLW  01
034C:  MOVLB  4
034E:  MOVWF  x1F
0350:  MOVLB  0
0352:  RCALL  02E8
....................          DELAY_MS(2); 
0354:  MOVLW  02
0356:  MOVLB  4
0358:  MOVWF  x1F
035A:  MOVLB  0
035C:  BRA    02F2
....................          GLCD_COMMAND(GLCD_ENTRY_MODE);       
035E:  MOVLW  06
0360:  MOVLB  4
0362:  MOVWF  x1F
0364:  MOVLB  0
0366:  RCALL  02E8
....................          DELAY_US(10);                           
0368:  MOVLW  10
036A:  MOVWF  00
036C:  DECFSZ 00,F
036E:  BRA    036C
0370:  NOP   
0372:  GOTO   06DC (RETURN)
.................... } 
....................  
.................... #DEFINE GLCD_NGANG     16 //256 PIXEL 
.................... #DEFINE GLCD_DOC       32 //32 HANG 
.................... #DEFINE GLCD_WIDTH     128 //DANH CHO THU VIEN GRAPHIC.C 
.................... int8 DOC, NGANG; 
....................  
.................... typedef union  
.................... {  
....................   unsigned int16 word;  
....................   unsigned int8 nbyte[2];  
.................... } Dots;  
....................  
.................... typedef struct  
.................... {  
....................   int1 refresh;  
....................   Dots PIXEL[GLCD_DOC][GLCD_NGANG];     
....................   } GD_RAM;     
....................  
.................... GD_RAM gdram_vdk;  
....................  
....................  
.................... void GLCD_MAU_NEN(int1 GLCD_COLOR)  
.................... {   
....................   int16 d;  
....................   if(GLCD_COLOR)  d=0xffff; else d=0; 
*
0398:  MOVLB  4
039A:  MOVF   x1E,F
039C:  BZ    03A4
039E:  SETF   x20
03A0:  SETF   x1F
03A2:  BRA    03A8
03A4:  CLRF   x20
03A6:  CLRF   x1F
....................   for (DOC=0; DOC < GLCD_DOC; DOC++)  
03A8:  CLRF   1B
03AA:  MOVF   1B,W
03AC:  SUBLW  1F
03AE:  BNC   040C
....................   {  
....................     for (NGANG=0; NGANG < GLCD_NGANG; NGANG++)  
03B0:  CLRF   1C
03B2:  MOVF   1C,W
03B4:  SUBLW  0F
03B6:  BNC   0408
....................     {  
....................       gdram_vdk.PIXEL[DOC][NGANG].word = d;  
03B8:  CLRF   x2F
03BA:  MOVFF  1B,42E
03BE:  CLRF   x31
03C0:  MOVLW  20
03C2:  MOVWF  x30
03C4:  MOVLB  0
03C6:  RCALL  0376
03C8:  MOVFF  02,03
03CC:  MOVF   01,W
03CE:  ADDLW  01
03D0:  MOVLB  4
03D2:  MOVWF  x21
03D4:  MOVLW  00
03D6:  ADDWFC 02,W
03D8:  MOVWF  x22
03DA:  CLRF   03
03DC:  MOVFF  1C,02
03E0:  BCF    FD8.0
03E2:  RLCF   02,F
03E4:  RLCF   03,F
03E6:  MOVF   02,W
03E8:  ADDWF  x21,F
03EA:  MOVF   03,W
03EC:  ADDWFC x22,F
03EE:  MOVLW  1D
03F0:  ADDWF  x21,W
03F2:  MOVWF  FE9
03F4:  MOVLW  00
03F6:  ADDWFC x22,W
03F8:  MOVWF  FEA
03FA:  MOVFF  420,FEC
03FE:  MOVF   FED,F
0400:  MOVFF  41F,FEF
0404:  INCF   1C,F
0406:  BRA    03B2
....................     }  
0408:  INCF   1B,F
040A:  BRA    03AA
....................   }  
....................   gdram_vdk.refresh = TRUE;  
040C:  BSF    1D.0
040E:  MOVLB  0
0410:  GOTO   06E4 (RETURN)
.................... }  
....................  
.................... void glcd_pixel(int8 x, int8 y, int1 color)  
.................... {  
....................   int8  b;  
....................   if(y>31){x += 128; y-= 32;};  
0414:  MOVLB  4
0416:  MOVF   x2B,W
0418:  SUBLW  1F
041A:  BC    0424
041C:  MOVLW  80
041E:  ADDWF  x2A,F
0420:  MOVLW  20
0422:  SUBWF  x2B,F
....................   DOC = y;  
0424:  MOVFF  42B,1B
....................   NGANG = x/16;  
0428:  SWAPF  x2A,W
042A:  MOVWF  1C
042C:  MOVLW  0F
042E:  ANDWF  1C,F
....................   b = 15 - (x % 16);  
0430:  MOVF   x2A,W
0432:  ANDLW  0F
0434:  XORLW  FF
0436:  ADDLW  10
0438:  MOVWF  x2D
....................    
....................   if (color == 1) bit_set (gdram_vdk.PIXEL[DOC][NGANG].word, b);  
043A:  DECFSZ x2C,W
043C:  BRA    04A8
043E:  CLRF   x2F
0440:  MOVFF  1B,42E
0444:  CLRF   x31
0446:  MOVLW  20
0448:  MOVWF  x30
044A:  MOVLB  0
044C:  RCALL  0376
044E:  MOVFF  02,03
0452:  MOVF   01,W
0454:  ADDLW  01
0456:  MOVLB  4
0458:  MOVWF  x2E
045A:  MOVLW  00
045C:  ADDWFC 02,W
045E:  MOVWF  x2F
0460:  CLRF   03
0462:  MOVFF  1C,02
0466:  BCF    FD8.0
0468:  RLCF   02,F
046A:  RLCF   03,F
046C:  MOVF   02,W
046E:  ADDWF  x2E,F
0470:  MOVF   03,W
0472:  ADDWFC x2F,F
0474:  MOVLW  1D
0476:  ADDWF  x2E,W
0478:  MOVWF  01
047A:  MOVLW  00
047C:  ADDWFC x2F,W
047E:  MOVWF  03
0480:  MOVFF  01,FE9
0484:  MOVWF  FEA
0486:  CLRF   03
0488:  MOVLW  01
048A:  MOVWF  02
048C:  MOVF   x2D,W
048E:  MOVWF  00
0490:  BZ    049C
0492:  BCF    FD8.0
0494:  RLCF   02,F
0496:  RLCF   03,F
0498:  DECFSZ 00,F
049A:  BRA    0492
049C:  MOVF   02,W
049E:  IORWF  FEF,F
04A0:  MOVF   03,W
04A2:  IORWF  FEC,W
04A4:  MOVWF  FEF
04A6:  BRA    051A
....................   else bit_clear (gdram_vdk.PIXEL[DOC][NGANG].word, b);  
04A8:  CLRF   x2F
04AA:  MOVFF  1B,42E
04AE:  CLRF   x31
04B0:  MOVLW  20
04B2:  MOVWF  x30
04B4:  MOVLB  0
04B6:  RCALL  0376
04B8:  MOVFF  02,03
04BC:  MOVF   01,W
04BE:  ADDLW  01
04C0:  MOVLB  4
04C2:  MOVWF  x2E
04C4:  MOVLW  00
04C6:  ADDWFC 02,W
04C8:  MOVWF  x2F
04CA:  CLRF   03
04CC:  MOVFF  1C,02
04D0:  BCF    FD8.0
04D2:  RLCF   02,F
04D4:  RLCF   03,F
04D6:  MOVF   02,W
04D8:  ADDWF  x2E,F
04DA:  MOVF   03,W
04DC:  ADDWFC x2F,F
04DE:  MOVLW  1D
04E0:  ADDWF  x2E,W
04E2:  MOVWF  01
04E4:  MOVLW  00
04E6:  ADDWFC x2F,W
04E8:  MOVWF  03
04EA:  MOVFF  01,FE9
04EE:  MOVWF  FEA
04F0:  CLRF   03
04F2:  MOVLW  01
04F4:  MOVWF  02
04F6:  MOVF   x2D,W
04F8:  MOVWF  00
04FA:  BZ    0506
04FC:  BCF    FD8.0
04FE:  RLCF   02,F
0500:  RLCF   03,F
0502:  DECFSZ 00,F
0504:  BRA    04FC
0506:  MOVF   02,W
0508:  XORLW  FF
050A:  MOVWF  00
050C:  MOVLW  FF
050E:  XORWF  03,F
0510:  MOVF   00,W
0512:  ANDWF  FEF,F
0514:  MOVF   03,W
0516:  ANDWF  FEC,W
0518:  MOVWF  FEF
....................   gdram_vdk.refresh = TRUE;  
051A:  BSF    1D.0
051C:  MOVLB  0
051E:  GOTO   059A (RETURN)
.................... }  
....................  
....................  
.................... void GDRAM_VDK_TO_GDRAM_GLCD_ALL()  
.................... {  
....................   if (gdram_vdk.refresh)  
*
05BE:  BTFSS  1D.0
05C0:  BRA    06A0
....................   {  
....................     for (DOC = 0; DOC <GLCD_DOC; DOC++)  
05C2:  CLRF   1B
05C4:  MOVF   1B,W
05C6:  SUBLW  1F
05C8:  BNC   069E
....................     {  
....................       GLCD_COMMAND( 0x80 | DOC);   // Set Vertical Address.  
05CA:  MOVF   1B,W
05CC:  IORLW  80
05CE:  MOVLB  4
05D0:  MOVWF  x1E
05D2:  MOVWF  x1F
05D4:  MOVLB  0
05D6:  RCALL  02E8
....................       GLCD_COMMAND( 0x80 | 0);   // Set Horizontal Address.  
05D8:  MOVLW  80
05DA:  MOVLB  4
05DC:  MOVWF  x1F
05DE:  MOVLB  0
05E0:  RCALL  02E8
....................  
....................       for (NGANG=0; NGANG <GLCD_NGANG; NGANG++)  
05E2:  CLRF   1C
05E4:  MOVF   1C,W
05E6:  SUBLW  0F
05E8:  BNC   069A
....................       {  
....................         GLCD_DATA( gdram_vdk.PIXEL[DOC][NGANG].nbyte[1]);   // Write High Byte.  
05EA:  MOVLB  4
05EC:  CLRF   x2F
05EE:  MOVFF  1B,42E
05F2:  CLRF   x31
05F4:  MOVLW  20
05F6:  MOVWF  x30
05F8:  MOVLB  0
05FA:  RCALL  0376
05FC:  MOVFF  02,03
0600:  MOVF   01,W
0602:  ADDLW  01
0604:  MOVLB  4
0606:  MOVWF  x1E
0608:  MOVLW  00
060A:  ADDWFC 02,W
060C:  MOVWF  x1F
060E:  CLRF   03
0610:  MOVFF  1C,02
0614:  BCF    FD8.0
0616:  RLCF   02,F
0618:  RLCF   03,F
061A:  MOVF   02,W
061C:  ADDWF  x1E,F
061E:  MOVF   03,W
0620:  ADDWFC x1F,F
0622:  MOVLW  01
0624:  ADDWF  x1E,W
0626:  MOVWF  01
0628:  MOVLW  00
062A:  ADDWFC x1F,W
062C:  MOVWF  03
062E:  MOVF   01,W
0630:  ADDLW  1D
0632:  MOVWF  FE9
0634:  MOVLW  00
0636:  ADDWFC 03,W
0638:  MOVWF  FEA
063A:  MOVFF  FEF,41E
063E:  MOVFF  41E,421
0642:  MOVLB  0
0644:  RCALL  05B4
....................         GLCD_DATA( gdram_vdk.PIXEL[DOC][NGANG].nbyte[0]);   // Write Low Byte.  
0646:  MOVLB  4
0648:  CLRF   x2F
064A:  MOVFF  1B,42E
064E:  CLRF   x31
0650:  MOVLW  20
0652:  MOVWF  x30
0654:  MOVLB  0
0656:  RCALL  0376
0658:  MOVFF  02,03
065C:  MOVF   01,W
065E:  ADDLW  01
0660:  MOVLB  4
0662:  MOVWF  x1E
0664:  MOVLW  00
0666:  ADDWFC 02,W
0668:  MOVWF  x1F
066A:  CLRF   03
066C:  MOVFF  1C,02
0670:  BCF    FD8.0
0672:  RLCF   02,F
0674:  RLCF   03,F
0676:  MOVF   02,W
0678:  ADDWF  x1E,F
067A:  MOVF   03,W
067C:  ADDWFC x1F,F
067E:  MOVLW  1D
0680:  ADDWF  x1E,W
0682:  MOVWF  FE9
0684:  MOVLW  00
0686:  ADDWFC x1F,W
0688:  MOVWF  FEA
068A:  MOVFF  FEF,420
068E:  MOVFF  420,421
0692:  MOVLB  0
0694:  RCALL  05B4
0696:  INCF   1C,F
0698:  BRA    05E4
....................       }  
069A:  INCF   1B,F
069C:  BRA    05C4
....................     }  
....................     gdram_vdk.refresh = FALSE;  
069E:  BCF    1D.0
....................   }  
06A0:  GOTO   0706 (RETURN)
.................... }  
....................  
.................... void GDRAM_VDK_TO_GDRAM_GLCD_AREA (int8 x,int8 y,int8 rong, int8 cao) 
.................... { 
....................   int8 hesox,hesoy;  
....................   if (gdram_vdk.refresh)  
....................   {  
....................       if((x/16)!=(x + rong)/16) 
....................             rong=((rong+15)/16)+1; 
....................       else rong=((rong+15)/16);  
....................        
....................       x = x/16; 
....................       for (DOC = y; DOC <(y+cao); DOC++)  
....................       {  
....................          if(DOC>31) 
....................             {   
....................                hesox = 8+x; 
....................                hesoy = DOC-32; 
....................                } 
....................          else {hesox = x; hesoy = DOC;} 
....................          GLCD_COMMAND( 0x80 |hesoy);    
....................          GLCD_COMMAND( 0x80 |hesox);   
....................        
....................          for (NGANG=hesox; NGANG <(hesox+rong); NGANG++)  
....................          {  
....................             GLCD_DATA( gdram_vdk.PIXEL[hesoy][NGANG].nbyte[1]);   // Write High Byte.  
....................             GLCD_DATA( gdram_vdk.PIXEL[hesoy][NGANG].nbyte[0]);   // Write Low Byte.  
....................          }  
....................        }  
....................     gdram_vdk.refresh = FALSE;  
....................   }       
.................... } 
....................  
....................  
.................... //!const unsigned char Logo_DHSPKTTP []= { 0X00,0X01,0X2E,0X00,0X39,0X00, 
.................... //!0X00,0X00,0X00,0X00,0X00,0X00,0X00,0X00,0X00,0X00,0X00,0X00,0X00,0X00,0X00,0X00, 
.................... //!0X00,0X00,0X00,0X00,0X00,0X00,0X00,0X00,0X00,0X00,0X00,0X00,0X00,0X00,0X00,0X00, 
.................... //!0X00,0X00,0X00,0X00,0X00,0X00,0X00,0X00,0X00,0X00,0X00,0X00,0X02,0X00,0X00,0X00, 
.................... //!0X00,0X00,0X02,0X00,0X00,0X00,0X00,0X00,0X02,0X04,0X00,0X00,0X00,0X01,0X02,0X0C, 
.................... //!0X00,0X00,0X00,0X01,0X82,0X0C,0X00,0X00,0X00,0X00,0X80,0X08,0X00,0X00,0X00,0X00, 
.................... //!0X80,0X00,0X00,0X00,0X00,0X00,0X0F,0X80,0X00,0X00,0X00,0X00,0X3F,0XC0,0X00,0X00, 
.................... //!0X00,0X70,0X70,0X70,0X70,0X00,0X00,0X38,0XC8,0X18,0XE0,0X00,0X00,0X18,0XD8,0X18, 
.................... //!0XC0,0X00,0X00,0X01,0XB0,0X0C,0X00,0X00,0X00,0X01,0XA0,0X0C,0X00,0X00,0X00,0X01, 
.................... //!0X60,0X0C,0X00,0X00,0X00,0X01,0X00,0X04,0X00,0X00,0X00,0X01,0X00,0X04,0X00,0X00, 
.................... //!0X00,0X31,0X00,0X04,0X00,0X00,0X00,0X79,0X80,0X0C,0XF0,0X00,0X00,0X71,0X80,0X0C, 
.................... //!0X70,0X00,0X00,0X01,0X80,0X0C,0X00,0X00,0X00,0X00,0XC0,0X18,0X00,0X00,0X00,0X00, 
.................... //!0XC0,0X18,0X00,0X00,0X00,0X00,0X60,0X30,0X00,0X00,0X00,0X00,0X60,0X30,0X00,0X00, 
.................... //!0X00,0X00,0X20,0X20,0X00,0X00,0X00,0X00,0X30,0X60,0X00,0X00,0X00,0X00,0X30,0X60, 
.................... //!0X00,0X00,0X00,0X00,0X3F,0XE0,0X00,0X00,0X00,0X00,0X3F,0XE0,0X00,0X00,0X00,0X00, 
.................... //!0X3F,0XE0,0X00,0X00,0X00,0X00,0X3F,0XE0,0X00,0X00,0X00,0X00,0X1F,0X80,0X00,0X00, 
.................... //!0X00,0X00,0X3E,0X60,0X00,0X00,0X00,0X00,0X39,0XE0,0X00,0X00,0X00,0X00,0X07,0XE0, 
.................... //!0X00,0X00,0X00,0X00,0X1F,0X80,0X00,0X00,0X00,0X00,0X3E,0X60,0X00,0X00,0X00,0X00, 
.................... //!0X3D,0XE0,0X00,0X00,0X00,0X00,0X3F,0XE0,0X00,0X00,0X00,0X00,0X1F,0XC0,0X00,0X00, 
.................... //!0X00,0X00,0X0F,0X80,0X00,0X00,0X00,0X00,0X02,0X00,0X00,0X00,0X00,0X00,0X00,0X00, 
.................... //!0X00,0X00,0X00,0X00,0X00,0X00,0X00,0X00,0X00,0X00,0X00,0X00,0X00,0X00,0X00,0X00, 
.................... //!0X00,0X00,0X00,0X00,0X00,0X00,0X00,0X00,0X00,0X00,0X00,0X00,0X00,0X00,0X00,0X00, 
.................... //!0X00,0X00,0X00,0X00,0X00,0X00,}; 
.................... //! 
.................... const unsigned char Logo_DHSPKTTP [] = { 
.................... 0x00, 0x00, 0x00, 0x00, 0x00, 0x00, 0x00, 0x00, 0x00, 0x00, 0x00, 0x00, 0x00, 0x00, 0x00, 0x00, 
.................... 0x00, 0x00, 0x00, 0x00, 0x00, 0x00, 0x00, 0x00, 0x00, 0x00, 0x00, 0x01, 0x80, 0x00, 0x00, 0x00, 
.................... 0x00, 0x00, 0x00, 0x01, 0x80, 0x00, 0x00, 0x00, 0x00, 0x00, 0x00, 0x01, 0x80, 0x00, 0x00, 0x00, 
.................... 0x00, 0x00, 0x00, 0x07, 0xE0, 0x00, 0x00, 0x00, 0x00, 0x00, 0x00, 0x07, 0xA0, 0x00, 0x00, 0x00, 
.................... 0x00, 0x00, 0x00, 0x03, 0x20, 0x00, 0x00, 0x00, 0x00, 0x00, 0x00, 0x03, 0x20, 0x00, 0x00, 0x00, 
.................... 0x00, 0x00, 0x00, 0x02, 0x20, 0x00, 0x00, 0x00, 0x00, 0x00, 0x00, 0x02, 0x30, 0x00, 0x00, 0x00, 
.................... 0x00, 0x00, 0x00, 0x02, 0x30, 0x00, 0x00, 0x00, 0x00, 0x7F, 0x00, 0x00, 0x30, 0x00, 0x7E, 0x00, 
.................... 0x00, 0xFE, 0x00, 0x07, 0xE0, 0x00, 0x3F, 0x00, 0x01, 0xF8, 0x00, 0x03, 0xE0, 0x00, 0x1F, 0x80, 
.................... 0x03, 0xF0, 0x00, 0x01, 0xC0, 0x00, 0x0F, 0xC0, 0x03, 0xE0, 0x00, 0x01, 0xC0, 0x00, 0x07, 0xE0, 
.................... 0x07, 0xC0, 0x00, 0x03, 0xC0, 0x00, 0x03, 0xF0, 0x0F, 0xC0, 0x00, 0x17, 0xF4, 0x00, 0x01, 0xF0, 
.................... 0x0F, 0x80, 0x00, 0x1D, 0x98, 0x00, 0x00, 0xF8, 0x1F, 0x00, 0x00, 0x11, 0x8C, 0x00, 0x00, 0xF8, 
.................... 0x1F, 0x01, 0x00, 0x31, 0x84, 0x00, 0x80, 0x7C, 0x3E, 0x06, 0x00, 0x31, 0x86, 0x00, 0x20, 0x7C, 
.................... 0x3E, 0x18, 0x00, 0x71, 0x86, 0x00, 0x1C, 0x3E, 0x3C, 0x43, 0x00, 0x31, 0x84, 0x00, 0xC3, 0x3E, 
.................... 0x7C, 0x0C, 0x00, 0x11, 0x8C, 0x00, 0x38, 0x1E, 0x7C, 0x31, 0x00, 0x1D, 0x98, 0x00, 0x86, 0x1F, 
.................... 0x78, 0xC6, 0x00, 0x1F, 0xFC, 0x00, 0x63, 0x1F, 0x78, 0x18, 0x00, 0x03, 0xC0, 0x00, 0x0C, 0x1F, 
.................... 0xF8, 0x63, 0x80, 0x01, 0x80, 0x00, 0xC7, 0x0F, 0xF9, 0x8E, 0x00, 0x00, 0x00, 0x00, 0x38, 0x8F, 
.................... 0xF8, 0x38, 0x80, 0x00, 0x00, 0x01, 0x0C, 0x0F, 0xF8, 0xC3, 0x80, 0x00, 0x00, 0x00, 0xE3, 0x8F, 
.................... 0xF9, 0x8E, 0x00, 0x00, 0x00, 0x00, 0x30, 0xCF, 0xF8, 0x38, 0xF8, 0x00, 0x00, 0x1F, 0x9E, 0x0F, 
.................... 0xF8, 0xE3, 0xFE, 0x00, 0x00, 0x7F, 0xE3, 0x8F, 0xF9, 0x9F, 0xFF, 0xC0, 0x03, 0xFF, 0xF9, 0xCF, 
.................... 0x78, 0xFF, 0xFF, 0xE0, 0x07, 0xFF, 0xFF, 0x0F, 0x78, 0x1F, 0xFF, 0xE0, 0x07, 0xFF, 0xFC, 0x1F, 
.................... 0x7C, 0x07, 0xFF, 0xE0, 0x07, 0xFF, 0xE0, 0x1F, 0x7C, 0x00, 0xFF, 0xE0, 0x07, 0xFF, 0x80, 0x1E, 
.................... 0x7C, 0x00, 0x1F, 0xE0, 0x07, 0xFC, 0x00, 0x3E, 0x3E, 0x01, 0xCF, 0xE0, 0x07, 0xF3, 0x80, 0x3E, 
.................... 0x3E, 0x01, 0xFF, 0xE0, 0x03, 0xFF, 0x80, 0x7C, 0x1F, 0x01, 0xFF, 0xE0, 0x03, 0xFF, 0xC0, 0x7C, 
.................... 0x1F, 0x01, 0xFF, 0xC0, 0x03, 0xFF, 0xC0, 0xF8, 0x0F, 0x83, 0xFF, 0xC0, 0x01, 0xFF, 0xC0, 0xF8, 
.................... 0x0F, 0x83, 0xFF, 0xC0, 0x01, 0xFF, 0xC1, 0xF0, 0x07, 0xC3, 0xFF, 0x80, 0x01, 0xFF, 0xE3, 0xF0, 
.................... 0x03, 0xE3, 0xFF, 0x80, 0x01, 0xFF, 0xE7, 0xE0, 0x03, 0xF7, 0xFF, 0x80, 0x00, 0xFF, 0xEF, 0xC0, 
.................... 0x01, 0xFF, 0xFF, 0x80, 0x00, 0xFF, 0xFF, 0x80, 0x00, 0xFF, 0xFF, 0x00, 0x00, 0xFF, 0xFF, 0x80, 
.................... 0x00, 0x7F, 0xFF, 0x00, 0x00, 0xFF, 0xFF, 0x00, 0x00, 0x3F, 0xFF, 0x00, 0x00, 0xFF, 0xFE, 0x00, 
.................... 0x00, 0x1F, 0xFF, 0x00, 0x00, 0x7F, 0xF8, 0x00, 0x00, 0x0F, 0xFE, 0x00, 0x00, 0x7F, 0xF0, 0x00, 
.................... 0x00, 0x03, 0xFF, 0x00, 0x00, 0x7F, 0xE0, 0x00, 0x00, 0x00, 0xFF, 0xFC, 0x1F, 0xFF, 0x80, 0x00, 
.................... 0x00, 0x00, 0x7F, 0xFF, 0xFF, 0xFE, 0x00, 0x00, 0x00, 0x00, 0x0F, 0xFF, 0xFF, 0xF8, 0x00, 0x00, 
.................... 0x00, 0x00, 0x01, 0xFF, 0xFF, 0xC0, 0x00, 0x00, 0x00, 0x00, 0x00, 0x0F, 0xF0, 0x00, 0x00, 0x00 
.................... }; 
....................  
....................  
.................... void GLCD_XUAT_ANH(int width,int height,int x,int y)  
*
0522:  MOVLB  4
0524:  CLRF   x22
0526:  CLRF   x23
0528:  CLRF   x24
052A:  CLRF   x26
052C:  CLRF   x25
.................... {  
....................    unsigned int i=0, j=0, k=0;  
....................    unsigned int16 count=0;  
....................    for(j=0;j<height;j++)  
052E:  CLRF   x23
0530:  MOVF   x1F,W
0532:  SUBWF  x23,W
0534:  BC    05B0
....................       {     
....................          for(;i<width;)  
0536:  MOVF   x1E,W
0538:  SUBWF  x22,W
053A:  BC    05AA
....................          {  
....................             for(k=8;k>0;k--) 
053C:  MOVLW  08
053E:  MOVWF  x24
0540:  MOVF   x24,F
0542:  BZ    05A2
....................             { 
....................                glcd_pixel(i+x,j+y,bit_test(Logo_DHSPKTTP[count],(k-1)));  
0544:  MOVF   x20,W
0546:  ADDWF  x22,W
0548:  MOVWF  x27
054A:  MOVF   x21,W
054C:  ADDWF  x23,W
054E:  MOVWF  x28
0550:  MOVFF  426,03
0554:  MOVF   x25,W
0556:  MOVFF  FF2,429
055A:  BCF    FF2.7
055C:  MOVFF  426,FF7
0560:  MOVLB  0
0562:  RCALL  0004
0564:  MOVLB  4
0566:  BTFSC  x29.7
0568:  BSF    FF2.7
056A:  MOVWF  x29
056C:  MOVLW  01
056E:  SUBWF  x24,W
0570:  MOVWF  x2A
0572:  MOVFF  429,00
0576:  MOVF   x2A,W
0578:  MOVWF  01
057A:  BZ    0584
057C:  BCF    FD8.0
057E:  RRCF   00,F
0580:  DECFSZ 01,F
0582:  BRA    057C
0584:  MOVLW  00
0586:  BTFSC  00.0
0588:  MOVLW  01
058A:  MOVWF  x29
058C:  MOVFF  427,42A
0590:  MOVFF  428,42B
0594:  MOVWF  x2C
0596:  MOVLB  0
0598:  BRA    0414
....................                i++;  
059A:  MOVLB  4
059C:  INCF   x22,F
059E:  DECF   x24,F
05A0:  BRA    0540
....................             }  
....................             count++;  
05A2:  INCF   x25,F
05A4:  BTFSC  FD8.2
05A6:  INCF   x26,F
05A8:  BRA    0536
....................          }  
....................       i=0;  
05AA:  CLRF   x22
05AC:  INCF   x23,F
05AE:  BRA    0530
....................       }  
05B0:  MOVLB  0
05B2:  RETURN 0
.................... }  
....................  
....................  
.................... void main() 
*
06A4:  CLRF   FF8
06A6:  BCF    FD0.7
06A8:  CLRF   06
06AA:  CLRF   0D
06AC:  CLRF   0E
06AE:  CLRF   0F
06B0:  CLRF   10
06B2:  CLRF   19
06B4:  MOVF   FC1,W
06B6:  ANDLW  C0
06B8:  IORLW  0F
06BA:  MOVWF  FC1
06BC:  MOVLW  07
06BE:  MOVWF  FB4
06C0:  SETF   11
06C2:  SETF   12
06C4:  SETF   13
06C6:  SETF   14
06C8:  SETF   15
06CA:  SETF   16
06CC:  SETF   17
06CE:  SETF   18
.................... { 
....................    set_up_port_ic_chot(); 
06D0:  BRA    0212
....................    setup_glcd(glcd_graphic_mode); 
06D2:  MOVLW  36
06D4:  MOVLB  4
06D6:  MOVWF  x1E
06D8:  MOVLB  0
06DA:  BRA    031C
....................    glcd_mau_nen(0) ; 
06DC:  MOVLB  4
06DE:  CLRF   x1E
06E0:  MOVLB  0
06E2:  BRA    0398
....................    glcd_xuat_anh(64,64,0,0) ; 
06E4:  MOVLW  40
06E6:  MOVLB  4
06E8:  MOVWF  x1E
06EA:  MOVWF  x1F
06EC:  CLRF   x20
06EE:  CLRF   x21
06F0:  MOVLB  0
06F2:  RCALL  0522
....................    glcd_xuat_anh(64,64,64,0) ; 
06F4:  MOVLW  40
06F6:  MOVLB  4
06F8:  MOVWF  x1E
06FA:  MOVWF  x1F
06FC:  MOVWF  x20
06FE:  CLRF   x21
0700:  MOVLB  0
0702:  RCALL  0522
....................    gdram_vdk_to_gdram_glcd_all (); 
0704:  BRA    05BE
....................    WHILE(true); 
0706:  BRA    0706
.................... } 
....................  
0708:  SLEEP 

Configuration Fuses:
   Word  1: CC27   PLL12 CPUDIV1 USBDIV HS FCMEN IESO
   Word  2: 1E3E   PUT BROWNOUT BORV21 VREGEN NOWDT WDT32768
   Word  3: 8700   CCP2C1 PBADEN LPT1OSC MCLR
   Word  4: 00A1   STVREN NOLVP ICSP2 NOXINST NODEBUG
   Word  5: C00F   NOPROTECT NOCPB NOCPD
   Word  6: E00F   NOWRT NOWRTC NOWRTB NOWRTD
   Word  7: 400F   NOEBTR NOEBTRB
